Using libraries: NV_NVDLA_partition_o.dlib saed32sram_c saed32nm_std_ndm_physical_only saed32rvt_c
Warning: In library NV_NVDLA_partition_o.dlib, no block views exist for block NV_NVDLA_partition_o. (LNK-064)
Warning: In library NV_NVDLA_partition_o.dlib, no block views exist for block NV_NVDLA_partition_o_routing. (LNK-064)
Warning: In library NV_NVDLA_partition_o.dlib, no block views exist for block NV_NVDLA_partition_o_eng_elgammal_cts. (LNK-064)
Visiting block NV_NVDLA_partition_o.dlib:NV_NVDLA_partition_o_routing_f_optv1.design
Information: Clearing abstracted power annotation ... 
Design 'NV_NVDLA_partition_o' was successfully linked.
Warning: Cell contains tie connections which are not connected to real PG. (ZRT-511)
Warning: Layer MRDL does not have a preferred direction, assigning to vertical. (ZRT-025)
Turn off antenna since no rule is specified
Cell Min-Routing-Layer = M2
Cell Max-Routing-Layer = M9
Warning: Cannot find a default contact code for layer CO. (ZRT-022)
Info: number of net_type_blockage: 0 
Warning: Standard cell pin MUX41X2_RVT/S0 has no valid via regions. (ZRT-044)


Start checking for open nets ... 

Total number of nets = 237932, of which 0 are not extracted
Total number of open nets = 0, of which 0 are frozen

Check 237932 nets, 0 have Errors

[CHECK OPEN NETS] Elapsed real time: 0:00:00 
[CHECK OPEN NETS] Elapsed cpu  time: sys=0:00:00 usr=0:00:00 total=0:00:00
[CHECK OPEN NETS] Stage (MB): Used    0  Alloctr    0  Proc    0 
[CHECK OPEN NETS] Total (MB): Used  419  Alloctr  454  Proc 4059 
Printing options for 'route.common.*'
common.net_max_layer_mode                               :	 hard                
common.net_min_layer_mode                               :	 allow_pin_connection
common.verbose_level                                    :	 0                   

Printing options for 'route.detail.*'
detail.antenna                                          :	 true                
detail.check_patchable_drc_from_fixed_shapes            :	 true                
detail.check_pin_min_area_min_length                    :	 true                
detail.drc_convergence_effort_level                     :	 high                
detail.eco_max_number_of_iterations                     :	 40                  
detail.force_end_on_preferred_grid                      :	 true                
detail.force_max_number_iterations                      :	 true                
detail.timing_driven                                    :	 true                

Printing options for 'route.auto_via_ladder.*'


Begin full DRC check ...

Information: Using 12 threads for routing. (ZRT-444)
Checked	1/400 Partitions, Violations =	0
Checked	16/400 Partitions, Violations =	0
Checked	32/400 Partitions, Violations =	0
Checked	48/400 Partitions, Violations =	0
Checked	64/400 Partitions, Violations =	0
Checked	80/400 Partitions, Violations =	0
Checked	96/400 Partitions, Violations =	0
Checked	112/400 Partitions, Violations =	0
Checked	128/400 Partitions, Violations =	0
Checked	144/400 Partitions, Violations =	0
Checked	160/400 Partitions, Violations =	0
Checked	176/400 Partitions, Violations =	0
Checked	192/400 Partitions, Violations =	0
Checked	208/400 Partitions, Violations =	0
Checked	224/400 Partitions, Violations =	0
Checked	240/400 Partitions, Violations =	0
Checked	256/400 Partitions, Violations =	0
Checked	272/400 Partitions, Violations =	0
Checked	288/400 Partitions, Violations =	0
Checked	304/400 Partitions, Violations =	0
Checked	320/400 Partitions, Violations =	0
Checked	336/400 Partitions, Violations =	0
Checked	352/400 Partitions, Violations =	0
Checked	368/400 Partitions, Violations =	0
Checked	384/400 Partitions, Violations =	0
Checked	400/400 Partitions, Violations =	0
[DRC CHECK] Elapsed real time: 0:01:38 
[DRC CHECK] Elapsed cpu  time: sys=0:00:00 usr=0:04:52 total=0:04:52
[DRC CHECK] Stage (MB): Used    2  Alloctr    4  Proc  798 
[DRC CHECK] Total (MB): Used  472  Alloctr  506  Proc 4858 
Warning: No antenna rules defined, Skip antenna analysis. (ZRT-309)

DRC-SUMMARY:
	@@@@@@@ TOTAL VIOLATIONS =	0


Total Wire Length =                    6111124 micron
Total Number of Contacts =             1939659
Total Number of Wires =                1902155
Total Number of PtConns =              304167
Total Number of Routed Wires =       1902068
Total Routed Wire Length =           6070127 micron
Total Number of Routed Contacts =       1939631
	Layer                 M1 :      16008 micron
	Layer                 M2 :    1630771 micron
	Layer                 M3 :    1848984 micron
	Layer                 M4 :     845339 micron
	Layer                 M5 :     722985 micron
	Layer                 M6 :     434151 micron
	Layer                 M7 :     378854 micron
	Layer                 M8 :     201081 micron
	Layer                 M9 :      32952 micron
	Layer               MRDL :          0 micron
	Via         VIA89_C(rot) :        752
	Via            VIA78SQ_C :       6511
	Via           VIA78BAR_C :         35
	Via        VIA78SQ_C_2x1 :        181
	Via            VIA67SQ_C :         90
	Via       VIA67SQ_C(rot) :      15899
	Via            VIA56SQ_C :      28395
	Via       VIA56SQ_C(rot) :         11
	Via           VIA56BAR_C :         10
	Via        VIA56BAR(rot) :          2
	Via        VIA56SQ_C_2x1 :         19
	Via            VIA45SQ_C :       5074
	Via       VIA45SQ_C(rot) :      66036
	Via            VIA34SQ_C :     153514
	Via       VIA34SQ_C(rot) :        879
	Via            VIA23SQ_C :       7968
	Via       VIA23SQ_C(rot) :     884776
	Via            VIA12SQ_C :     705579
	Via       VIA12SQ_C(rot) :      51390
	Via           VIA12BAR_C :      10584
	Via      VIA12BAR_C(rot) :        447
	Via              VIA12SQ :          1
	Via         VIA12SQ(rot) :          1
	Via             VIA12BAR :         28
	Via        VIA12BAR(rot) :        770
	Via        VIA12SQ_C_2x1 :        671
	Via   VIA12SQ_C(rot)_1x2 :          1
	Via          VIA12SQ_2x1 :         32
	Via     VIA12SQ(rot)_1x2 :          3

 
Redundant via conversion report:
--------------------------------

  Total optimized via conversion rate =  0.05% (907 / 1939659 vias)
 
    Layer VIA1       =  0.09% (707    / 769507  vias)
        Weight 1     =  0.09% (707     vias)
        Un-optimized =  0.00% (0       vias)
        Un-mapped    = 99.91% (768800  vias)
    Layer VIA2       =  0.00% (0      / 892744  vias)
        Un-optimized =  0.00% (0       vias)
        Un-mapped    = 100.00% (892744  vias)
    Layer VIA3       =  0.00% (0      / 154393  vias)
        Un-optimized =  0.00% (0       vias)
        Un-mapped    = 100.00% (154393  vias)
    Layer VIA4       =  0.00% (0      / 71110   vias)
        Un-optimized =  0.00% (0       vias)
        Un-mapped    = 100.00% (71110   vias)
    Layer VIA5       =  0.07% (19     / 28437   vias)
        Weight 1     =  0.07% (19      vias)
        Un-optimized =  0.00% (0       vias)
        Un-mapped    = 99.93% (28418   vias)
    Layer VIA6       =  0.00% (0      / 15989   vias)
        Un-optimized =  0.00% (0       vias)
        Un-mapped    = 100.00% (15989   vias)
    Layer VIA7       =  2.69% (181    / 6727    vias)
        Weight 1     =  2.69% (181     vias)
        Un-optimized =  0.00% (0       vias)
        Un-mapped    = 97.31% (6546    vias)
    Layer VIA8       =  0.00% (0      / 752     vias)
        Un-optimized =  0.00% (0       vias)
        Un-mapped    = 100.00% (752     vias)
 
  Total double via conversion rate    =  0.05% (907 / 1939659 vias)
 
    Layer VIA1       =  0.09% (707    / 769507  vias)
    Layer VIA2       =  0.00% (0      / 892744  vias)
    Layer VIA3       =  0.00% (0      / 154393  vias)
    Layer VIA4       =  0.00% (0      / 71110   vias)
    Layer VIA5       =  0.07% (19     / 28437   vias)
    Layer VIA6       =  0.00% (0      / 15989   vias)
    Layer VIA7       =  2.69% (181    / 6727    vias)
    Layer VIA8       =  0.00% (0      / 752     vias)
 
  The optimized via conversion rate based on total routed via count =  0.05% (907 / 1939631 vias)
 
    Layer VIA1       =  0.09% (707    / 769504  vias)
        Weight 1     =  0.09% (707     vias)
        Un-optimized =  0.00% (0       vias)
        Un-mapped    = 99.91% (768797  vias)
    Layer VIA2       =  0.00% (0      / 892743  vias)
        Un-optimized =  0.00% (0       vias)
        Un-mapped    = 100.00% (892743  vias)
    Layer VIA3       =  0.00% (0      / 154387  vias)
        Un-optimized =  0.00% (0       vias)
        Un-mapped    = 100.00% (154387  vias)
    Layer VIA4       =  0.00% (0      / 71098   vias)
        Un-optimized =  0.00% (0       vias)
        Un-mapped    = 100.00% (71098   vias)
    Layer VIA5       =  0.07% (19     / 28431   vias)
        Weight 1     =  0.07% (19      vias)
        Un-optimized =  0.00% (0       vias)
        Un-mapped    = 99.93% (28412   vias)
    Layer VIA6       =  0.00% (0      / 15989   vias)
        Un-optimized =  0.00% (0       vias)
        Un-mapped    = 100.00% (15989   vias)
    Layer VIA7       =  2.69% (181    / 6727    vias)
        Weight 1     =  2.69% (181     vias)
        Un-optimized =  0.00% (0       vias)
        Un-mapped    = 97.31% (6546    vias)
    Layer VIA8       =  0.00% (0      / 752     vias)
        Un-optimized =  0.00% (0       vias)
        Un-mapped    = 100.00% (752     vias)
 


Verify Summary:

Total number of nets = 237932, of which 0 are not extracted
Total number of open nets = 0, of which 0 are frozen
Total number of excluded ports = 0 ports of 0 unplaced cells connected to 0 nets
                                 0 ports without pins of 0 cells connected to 0 nets
                                 0 ports of 0 cover cells connected to 0 non-pg nets
Total number of DRCs = 0
Total number of antenna violations = no antenna rules defined
Total number of tie to rail violations = not checked
Total number of tie to rail directly violations = not checked


Design 'NV_NVDLA_partition_o_routing_f_optv1' has missing meta data file '__private_meta_data_:DRC_report_by_check_pg_drc', for attached data file 'DRC_report_by_check_pg_drc'
Design 'NV_NVDLA_partition_o_routing_f_optv1' has missing meta data file '__private_meta_data_:NV_NVDLA_partition_o_floorplan_optv1_dppinassgn.err', for attached data file 'NV_NVDLA_partition_o_floorplan_optv1_dppinassgn.err'
Design 'NV_NVDLA_partition_o_routing_f_optv1' has missing meta data file '__private_meta_data_:NV_NVDLA_partition_o_floorplan_optv1_floatingPG.err', for attached data file 'NV_NVDLA_partition_o_floorplan_optv1_floatingPG.err'
Design 'NV_NVDLA_partition_o_routing_f_optv1' has missing meta data file '__private_meta_data_:NV_NVDLA_partition_o_floorplan_optv1_missingVia.err', for attached data file 'NV_NVDLA_partition_o_floorplan_optv1_missingVia.err'
Design 'NV_NVDLA_partition_o_routing_f_optv1' has missing meta data file '__private_meta_data_:route_eco_f_optv1_lvs.err', for attached data file 'route_eco_f_optv1_lvs.err'
Design 'NV_NVDLA_partition_o_routing_f_optv1' has missing meta data file '__private_meta_data_:zroute.err', for attached data file 'zroute.err'
Design 'NV_NVDLA_partition_o_routing_f_optv1' has missing meta data file '__private_meta_data_:zroute_internal.err', for attached data file 'zroute_internal.err'
