****************************************
Report : port
Module : NV_NVDLA_partition_o
Mode   : func
Corner : slow_cmax
Scenario: func_slow_cmax
Version: O-2018.06-SP1
Date   : Sat Aug  1 22:15:49 2026
****************************************
                      Pin Cap                    Wire Cap
                   Min          Max           Min          Max
Port      Dir    rise/fall    rise/fall     rise/fall    rise/fall    Attributes
--------------------------------------------------------------------------------
cacc2csb_resp_pd[0]
          in     0.00/0.00    0.00/0.00     0.00/0.00    0.00/0.00
cacc2csb_resp_pd[10]
          in     0.00/0.00    0.00/0.00     0.00/0.00    0.00/0.00
cacc2csb_resp_pd[11]
          in     0.00/0.00    0.00/0.00     0.00/0.00    0.00/0.00
cacc2csb_resp_pd[12]
          in     0.00/0.00    0.00/0.00     0.00/0.00    0.00/0.00
cacc2csb_resp_pd[13]
          in     0.00/0.00    0.00/0.00     0.00/0.00    0.00/0.00
cacc2csb_resp_pd[14]
          in     0.00/0.00    0.00/0.00     0.00/0.00    0.00/0.00
cacc2csb_resp_pd[15]
          in     0.00/0.00    0.00/0.00     0.00/0.00    0.00/0.00
cacc2csb_resp_pd[16]
          in     0.00/0.00    0.00/0.00     0.00/0.00    0.00/0.00
cacc2csb_resp_pd[17]
          in     0.00/0.00    0.00/0.00     0.00/0.00    0.00/0.00
cacc2csb_resp_pd[18]
          in     0.00/0.00    0.00/0.00     0.00/0.00    0.00/0.00
cacc2csb_resp_pd[19]
          in     0.00/0.00    0.00/0.00     0.00/0.00    0.00/0.00
cacc2csb_resp_pd[1]
          in     0.00/0.00    0.00/0.00     0.00/0.00    0.00/0.00
cacc2csb_resp_pd[20]
          in     0.00/0.00    0.00/0.00     0.00/0.00    0.00/0.00
cacc2csb_resp_pd[21]
          in     0.00/0.00    0.00/0.00     0.00/0.00    0.00/0.00
cacc2csb_resp_pd[22]
          in     0.00/0.00    0.00/0.00     0.00/0.00    0.00/0.00
cacc2csb_resp_pd[23]
          in     0.00/0.00    0.00/0.00     0.00/0.00    0.00/0.00
cacc2csb_resp_pd[24]
          in     0.00/0.00    0.00/0.00     0.00/0.00    0.00/0.00
cacc2csb_resp_pd[25]
          in     0.00/0.00    0.00/0.00     0.00/0.00    0.00/0.00
cacc2csb_resp_pd[26]
          in     0.00/0.00    0.00/0.00     0.00/0.00    0.00/0.00
cacc2csb_resp_pd[27]
          in     0.00/0.00    0.00/0.00     0.00/0.00    0.00/0.00
cacc2csb_resp_pd[28]
          in     0.00/0.00    0.00/0.00     0.00/0.00    0.00/0.00
cacc2csb_resp_pd[29]
          in     0.00/0.00    0.00/0.00     0.00/0.00    0.00/0.00
cacc2csb_resp_pd[2]
          in     0.00/0.00    0.00/0.00     0.00/0.00    0.00/0.00
cacc2csb_resp_pd[30]
          in     0.00/0.00    0.00/0.00     0.00/0.00    0.00/0.00
cacc2csb_resp_pd[31]
          in     0.00/0.00    0.00/0.00     0.00/0.00    0.00/0.00
cacc2csb_resp_pd[32]
          in     0.00/0.00    0.00/0.00     0.00/0.00    0.00/0.00
cacc2csb_resp_pd[33]
          in     0.00/0.00    0.00/0.00     0.00/0.00    0.00/0.00
cacc2csb_resp_pd[3]
          in     0.00/0.00    0.00/0.00     0.00/0.00    0.00/0.00
cacc2csb_resp_pd[4]
          in     0.00/0.00    0.00/0.00     0.00/0.00    0.00/0.00
cacc2csb_resp_pd[5]
          in     0.00/0.00    0.00/0.00     0.00/0.00    0.00/0.00
cacc2csb_resp_pd[6]
          in     0.00/0.00    0.00/0.00     0.00/0.00    0.00/0.00
cacc2csb_resp_pd[7]
          in     0.00/0.00    0.00/0.00     0.00/0.00    0.00/0.00
cacc2csb_resp_pd[8]
          in     0.00/0.00    0.00/0.00     0.00/0.00    0.00/0.00
cacc2csb_resp_pd[9]
          in     0.00/0.00    0.00/0.00     0.00/0.00    0.00/0.00
cacc2csb_resp_valid
          in     0.00/0.00    0.00/0.00     0.00/0.00    0.00/0.00
cacc2glb_done_intr_pd[0]
          in     0.00/0.00    0.00/0.00     0.00/0.00    0.00/0.00
cacc2glb_done_intr_pd[1]
          in     0.00/0.00    0.00/0.00     0.00/0.00    0.00/0.00
cdma2csb_resp_pd[0]
          in     0.00/0.00    0.00/0.00     0.00/0.00    0.00/0.00
cdma2csb_resp_pd[10]
          in     0.00/0.00    0.00/0.00     0.00/0.00    0.00/0.00
cdma2csb_resp_pd[11]
          in     0.00/0.00    0.00/0.00     0.00/0.00    0.00/0.00
cdma2csb_resp_pd[12]
          in     0.00/0.00    0.00/0.00     0.00/0.00    0.00/0.00
cdma2csb_resp_pd[13]
          in     0.00/0.00    0.00/0.00     0.00/0.00    0.00/0.00
cdma2csb_resp_pd[14]
          in     0.00/0.00    0.00/0.00     0.00/0.00    0.00/0.00
cdma2csb_resp_pd[15]
          in     0.00/0.00    0.00/0.00     0.00/0.00    0.00/0.00
cdma2csb_resp_pd[16]
          in     0.00/0.00    0.00/0.00     0.00/0.00    0.00/0.00
cdma2csb_resp_pd[17]
          in     0.00/0.00    0.00/0.00     0.00/0.00    0.00/0.00
cdma2csb_resp_pd[18]
          in     0.00/0.00    0.00/0.00     0.00/0.00    0.00/0.00
cdma2csb_resp_pd[19]
          in     0.00/0.00    0.00/0.00     0.00/0.00    0.00/0.00
cdma2csb_resp_pd[1]
          in     0.00/0.00    0.00/0.00     0.00/0.00    0.00/0.00
cdma2csb_resp_pd[20]
          in     0.00/0.00    0.00/0.00     0.00/0.00    0.00/0.00
cdma2csb_resp_pd[21]
          in     0.00/0.00    0.00/0.00     0.00/0.00    0.00/0.00
cdma2csb_resp_pd[22]
          in     0.00/0.00    0.00/0.00     0.00/0.00    0.00/0.00
cdma2csb_resp_pd[23]
          in     0.00/0.00    0.00/0.00     0.00/0.00    0.00/0.00
cdma2csb_resp_pd[24]
          in     0.00/0.00    0.00/0.00     0.00/0.00    0.00/0.00
cdma2csb_resp_pd[25]
          in     0.00/0.00    0.00/0.00     0.00/0.00    0.00/0.00
cdma2csb_resp_pd[26]
          in     0.00/0.00    0.00/0.00     0.00/0.00    0.00/0.00
cdma2csb_resp_pd[27]
          in     0.00/0.00    0.00/0.00     0.00/0.00    0.00/0.00
cdma2csb_resp_pd[28]
          in     0.00/0.00    0.00/0.00     0.00/0.00    0.00/0.00
cdma2csb_resp_pd[29]
          in     0.00/0.00    0.00/0.00     0.00/0.00    0.00/0.00
cdma2csb_resp_pd[2]
          in     0.00/0.00    0.00/0.00     0.00/0.00    0.00/0.00
cdma2csb_resp_pd[30]
          in     0.00/0.00    0.00/0.00     0.00/0.00    0.00/0.00
cdma2csb_resp_pd[31]
          in     0.00/0.00    0.00/0.00     0.00/0.00    0.00/0.00
cdma2csb_resp_pd[32]
          in     0.00/0.00    0.00/0.00     0.00/0.00    0.00/0.00
cdma2csb_resp_pd[33]
          in     0.00/0.00    0.00/0.00     0.00/0.00    0.00/0.00
cdma2csb_resp_pd[3]
          in     0.00/0.00    0.00/0.00     0.00/0.00    0.00/0.00
cdma2csb_resp_pd[4]
          in     0.00/0.00    0.00/0.00     0.00/0.00    0.00/0.00
cdma2csb_resp_pd[5]
          in     0.00/0.00    0.00/0.00     0.00/0.00    0.00/0.00
cdma2csb_resp_pd[6]
          in     0.00/0.00    0.00/0.00     0.00/0.00    0.00/0.00
cdma2csb_resp_pd[7]
          in     0.00/0.00    0.00/0.00     0.00/0.00    0.00/0.00
cdma2csb_resp_pd[8]
          in     0.00/0.00    0.00/0.00     0.00/0.00    0.00/0.00
cdma2csb_resp_pd[9]
          in     0.00/0.00    0.00/0.00     0.00/0.00    0.00/0.00
cdma2csb_resp_valid
          in     0.00/0.00    0.00/0.00     0.00/0.00    0.00/0.00
cdma_dat2glb_done_intr_pd[0]
          in     0.00/0.00    0.00/0.00     0.00/0.00    0.00/0.00
cdma_dat2glb_done_intr_pd[1]
          in     0.00/0.00    0.00/0.00     0.00/0.00    0.00/0.00
cdma_dat2mcif_rd_req_pd[0]
          in     0.00/0.00    0.00/0.00     0.00/0.00    0.00/0.00
cdma_dat2mcif_rd_req_pd[10]
          in     0.00/0.00    0.00/0.00     0.00/0.00    0.00/0.00
cdma_dat2mcif_rd_req_pd[11]
          in     0.00/0.00    0.00/0.00     0.00/0.00    0.00/0.00
cdma_dat2mcif_rd_req_pd[12]
          in     0.00/0.00    0.00/0.00     0.00/0.00    0.00/0.00
cdma_dat2mcif_rd_req_pd[13]
          in     0.00/0.00    0.00/0.00     0.00/0.00    0.00/0.00
cdma_dat2mcif_rd_req_pd[14]
          in     0.00/0.00    0.00/0.00     0.00/0.00    0.00/0.00
cdma_dat2mcif_rd_req_pd[15]
          in     0.00/0.00    0.00/0.00     0.00/0.00    0.00/0.00
cdma_dat2mcif_rd_req_pd[16]
          in     0.00/0.00    0.00/0.00     0.00/0.00    0.00/0.00
cdma_dat2mcif_rd_req_pd[17]
          in     0.00/0.00    0.00/0.00     0.00/0.00    0.00/0.00
cdma_dat2mcif_rd_req_pd[18]
          in     0.00/0.00    0.00/0.00     0.00/0.00    0.00/0.00
cdma_dat2mcif_rd_req_pd[19]
          in     0.00/0.00    0.00/0.00     0.00/0.00    0.00/0.00
cdma_dat2mcif_rd_req_pd[1]
          in     0.00/0.00    0.00/0.00     0.00/0.00    0.00/0.00
cdma_dat2mcif_rd_req_pd[20]
          in     0.00/0.00    0.00/0.00     0.00/0.00    0.00/0.00
cdma_dat2mcif_rd_req_pd[21]
          in     0.00/0.00    0.00/0.00     0.00/0.00    0.00/0.00
cdma_dat2mcif_rd_req_pd[22]
          in     0.00/0.00    0.00/0.00     0.00/0.00    0.00/0.00
cdma_dat2mcif_rd_req_pd[23]
          in     0.00/0.00    0.00/0.00     0.00/0.00    0.00/0.00
cdma_dat2mcif_rd_req_pd[24]
          in     0.00/0.00    0.00/0.00     0.00/0.00    0.00/0.00
cdma_dat2mcif_rd_req_pd[25]
          in     0.00/0.00    0.00/0.00     0.00/0.00    0.00/0.00
cdma_dat2mcif_rd_req_pd[26]
          in     0.00/0.00    0.00/0.00     0.00/0.00    0.00/0.00
cdma_dat2mcif_rd_req_pd[27]
          in     0.00/0.00    0.00/0.00     0.00/0.00    0.00/0.00
cdma_dat2mcif_rd_req_pd[28]
          in     0.00/0.00    0.00/0.00     0.00/0.00    0.00/0.00
cdma_dat2mcif_rd_req_pd[29]
          in     0.00/0.00    0.00/0.00     0.00/0.00    0.00/0.00
cdma_dat2mcif_rd_req_pd[2]
          in     0.00/0.00    0.00/0.00     0.00/0.00    0.00/0.00
cdma_dat2mcif_rd_req_pd[30]
          in     0.00/0.00    0.00/0.00     0.00/0.00    0.00/0.00
cdma_dat2mcif_rd_req_pd[31]
          in     0.00/0.00    0.00/0.00     0.00/0.00    0.00/0.00
cdma_dat2mcif_rd_req_pd[32]
          in     0.00/0.00    0.00/0.00     0.00/0.00    0.00/0.00
cdma_dat2mcif_rd_req_pd[33]
          in     0.00/0.00    0.00/0.00     0.00/0.00    0.00/0.00
cdma_dat2mcif_rd_req_pd[34]
          in     0.00/0.00    0.00/0.00     0.00/0.00    0.00/0.00
cdma_dat2mcif_rd_req_pd[35]
          in     0.00/0.00    0.00/0.00     0.00/0.00    0.00/0.00
cdma_dat2mcif_rd_req_pd[36]
          in     0.00/0.00    0.00/0.00     0.00/0.00    0.00/0.00
cdma_dat2mcif_rd_req_pd[37]
          in     0.00/0.00    0.00/0.00     0.00/0.00    0.00/0.00
cdma_dat2mcif_rd_req_pd[38]
          in     0.00/0.00    0.00/0.00     0.00/0.00    0.00/0.00
cdma_dat2mcif_rd_req_pd[39]
          in     0.00/0.00    0.00/0.00     0.00/0.00    0.00/0.00
cdma_dat2mcif_rd_req_pd[3]
          in     0.00/0.00    0.00/0.00     0.00/0.00    0.00/0.00
cdma_dat2mcif_rd_req_pd[40]
          in     0.00/0.00    0.00/0.00     0.00/0.00    0.00/0.00
cdma_dat2mcif_rd_req_pd[41]
          in     0.00/0.00    0.00/0.00     0.00/0.00    0.00/0.00
cdma_dat2mcif_rd_req_pd[42]
          in     0.00/0.00    0.00/0.00     0.00/0.00    0.00/0.00
cdma_dat2mcif_rd_req_pd[43]
          in     0.00/0.00    0.00/0.00     0.00/0.00    0.00/0.00
cdma_dat2mcif_rd_req_pd[44]
          in     0.00/0.00    0.00/0.00     0.00/0.00    0.00/0.00
cdma_dat2mcif_rd_req_pd[45]
          in     0.00/0.00    0.00/0.00     0.00/0.00    0.00/0.00
cdma_dat2mcif_rd_req_pd[46]
          in     0.00/0.00    0.00/0.00     0.00/0.00    0.00/0.00
cdma_dat2mcif_rd_req_pd[4]
          in     0.00/0.00    0.00/0.00     0.00/0.00    0.00/0.00
cdma_dat2mcif_rd_req_pd[5]
          in     0.00/0.00    0.00/0.00     0.00/0.00    0.00/0.00
cdma_dat2mcif_rd_req_pd[6]
          in     0.00/0.00    0.00/0.00     0.00/0.00    0.00/0.00
cdma_dat2mcif_rd_req_pd[7]
          in     0.00/0.00    0.00/0.00     0.00/0.00    0.00/0.00
cdma_dat2mcif_rd_req_pd[8]
          in     0.00/0.00    0.00/0.00     0.00/0.00    0.00/0.00
cdma_dat2mcif_rd_req_pd[9]
          in     0.00/0.00    0.00/0.00     0.00/0.00    0.00/0.00
cdma_dat2mcif_rd_req_valid
          in     0.00/0.00    0.00/0.00     0.00/0.00    0.00/0.00
cdma_wt2glb_done_intr_pd[0]
          in     0.00/0.00    0.00/0.00     0.00/0.00    0.00/0.00
cdma_wt2glb_done_intr_pd[1]
          in     0.00/0.00    0.00/0.00     0.00/0.00    0.00/0.00
cdma_wt2mcif_rd_req_pd[0]
          in     0.00/0.00    0.00/0.00     0.00/0.00    0.00/0.00
cdma_wt2mcif_rd_req_pd[10]
          in     0.00/0.00    0.00/0.00     0.00/0.00    0.00/0.00
cdma_wt2mcif_rd_req_pd[11]
          in     0.00/0.00    0.00/0.00     0.00/0.00    0.00/0.00
cdma_wt2mcif_rd_req_pd[12]
          in     0.00/0.00    0.00/0.00     0.00/0.00    0.00/0.00
cdma_wt2mcif_rd_req_pd[13]
          in     0.00/0.00    0.00/0.00     0.00/0.00    0.00/0.00
cdma_wt2mcif_rd_req_pd[14]
          in     0.00/0.00    0.00/0.00     0.00/0.00    0.00/0.00
cdma_wt2mcif_rd_req_pd[15]
          in     0.00/0.00    0.00/0.00     0.00/0.00    0.00/0.00
cdma_wt2mcif_rd_req_pd[16]
          in     0.00/0.00    0.00/0.00     0.00/0.00    0.00/0.00
cdma_wt2mcif_rd_req_pd[17]
          in     0.00/0.00    0.00/0.00     0.00/0.00    0.00/0.00
cdma_wt2mcif_rd_req_pd[18]
          in     0.00/0.00    0.00/0.00     0.00/0.00    0.00/0.00
cdma_wt2mcif_rd_req_pd[19]
          in     0.00/0.00    0.00/0.00     0.00/0.00    0.00/0.00
cdma_wt2mcif_rd_req_pd[1]
          in     0.00/0.00    0.00/0.00     0.00/0.00    0.00/0.00
cdma_wt2mcif_rd_req_pd[20]
          in     0.00/0.00    0.00/0.00     0.00/0.00    0.00/0.00
cdma_wt2mcif_rd_req_pd[21]
          in     0.00/0.00    0.00/0.00     0.00/0.00    0.00/0.00
cdma_wt2mcif_rd_req_pd[22]
          in     0.00/0.00    0.00/0.00     0.00/0.00    0.00/0.00
cdma_wt2mcif_rd_req_pd[23]
          in     0.00/0.00    0.00/0.00     0.00/0.00    0.00/0.00
cdma_wt2mcif_rd_req_pd[24]
          in     0.00/0.00    0.00/0.00     0.00/0.00    0.00/0.00
cdma_wt2mcif_rd_req_pd[25]
          in     0.00/0.00    0.00/0.00     0.00/0.00    0.00/0.00
cdma_wt2mcif_rd_req_pd[26]
          in     0.00/0.00    0.00/0.00     0.00/0.00    0.00/0.00
cdma_wt2mcif_rd_req_pd[27]
          in     0.00/0.00    0.00/0.00     0.00/0.00    0.00/0.00
cdma_wt2mcif_rd_req_pd[28]
          in     0.00/0.00    0.00/0.00     0.00/0.00    0.00/0.00
cdma_wt2mcif_rd_req_pd[29]
          in     0.00/0.00    0.00/0.00     0.00/0.00    0.00/0.00
cdma_wt2mcif_rd_req_pd[2]
          in     0.00/0.00    0.00/0.00     0.00/0.00    0.00/0.00
cdma_wt2mcif_rd_req_pd[30]
          in     0.00/0.00    0.00/0.00     0.00/0.00    0.00/0.00
cdma_wt2mcif_rd_req_pd[31]
          in     0.00/0.00    0.00/0.00     0.00/0.00    0.00/0.00
cdma_wt2mcif_rd_req_pd[32]
          in     0.00/0.00    0.00/0.00     0.00/0.00    0.00/0.00
cdma_wt2mcif_rd_req_pd[33]
          in     0.00/0.00    0.00/0.00     0.00/0.00    0.00/0.00
cdma_wt2mcif_rd_req_pd[34]
          in     0.00/0.00    0.00/0.00     0.00/0.00    0.00/0.00
cdma_wt2mcif_rd_req_pd[35]
          in     0.00/0.00    0.00/0.00     0.00/0.00    0.00/0.00
cdma_wt2mcif_rd_req_pd[36]
          in     0.00/0.00    0.00/0.00     0.00/0.00    0.00/0.00
cdma_wt2mcif_rd_req_pd[37]
          in     0.00/0.00    0.00/0.00     0.00/0.00    0.00/0.00
cdma_wt2mcif_rd_req_pd[38]
          in     0.00/0.00    0.00/0.00     0.00/0.00    0.00/0.00
cdma_wt2mcif_rd_req_pd[39]
          in     0.00/0.00    0.00/0.00     0.00/0.00    0.00/0.00
cdma_wt2mcif_rd_req_pd[3]
          in     0.00/0.00    0.00/0.00     0.00/0.00    0.00/0.00
cdma_wt2mcif_rd_req_pd[40]
          in     0.00/0.00    0.00/0.00     0.00/0.00    0.00/0.00
cdma_wt2mcif_rd_req_pd[41]
          in     0.00/0.00    0.00/0.00     0.00/0.00    0.00/0.00
cdma_wt2mcif_rd_req_pd[42]
          in     0.00/0.00    0.00/0.00     0.00/0.00    0.00/0.00
cdma_wt2mcif_rd_req_pd[43]
          in     0.00/0.00    0.00/0.00     0.00/0.00    0.00/0.00
cdma_wt2mcif_rd_req_pd[44]
          in     0.00/0.00    0.00/0.00     0.00/0.00    0.00/0.00
cdma_wt2mcif_rd_req_pd[45]
          in     0.00/0.00    0.00/0.00     0.00/0.00    0.00/0.00
cdma_wt2mcif_rd_req_pd[46]
          in     0.00/0.00    0.00/0.00     0.00/0.00    0.00/0.00
cdma_wt2mcif_rd_req_pd[4]
          in     0.00/0.00    0.00/0.00     0.00/0.00    0.00/0.00
cdma_wt2mcif_rd_req_pd[5]
          in     0.00/0.00    0.00/0.00     0.00/0.00    0.00/0.00
cdma_wt2mcif_rd_req_pd[6]
          in     0.00/0.00    0.00/0.00     0.00/0.00    0.00/0.00
cdma_wt2mcif_rd_req_pd[7]
          in     0.00/0.00    0.00/0.00     0.00/0.00    0.00/0.00
cdma_wt2mcif_rd_req_pd[8]
          in     0.00/0.00    0.00/0.00     0.00/0.00    0.00/0.00
cdma_wt2mcif_rd_req_pd[9]
          in     0.00/0.00    0.00/0.00     0.00/0.00    0.00/0.00
cdma_wt2mcif_rd_req_valid
          in     0.00/0.00    0.00/0.00     0.00/0.00    0.00/0.00
cmac_a2csb_resp_pd[0]
          in     0.00/0.00    0.00/0.00     0.00/0.00    0.00/0.00
cmac_a2csb_resp_pd[10]
          in     0.00/0.00    0.00/0.00     0.00/0.00    0.00/0.00
cmac_a2csb_resp_pd[11]
          in     0.00/0.00    0.00/0.00     0.00/0.00    0.00/0.00
cmac_a2csb_resp_pd[12]
          in     0.00/0.00    0.00/0.00     0.00/0.00    0.00/0.00
cmac_a2csb_resp_pd[13]
          in     0.00/0.00    0.00/0.00     0.00/0.00    0.00/0.00
cmac_a2csb_resp_pd[14]
          in     0.00/0.00    0.00/0.00     0.00/0.00    0.00/0.00
cmac_a2csb_resp_pd[15]
          in     0.00/0.00    0.00/0.00     0.00/0.00    0.00/0.00
cmac_a2csb_resp_pd[16]
          in     0.00/0.00    0.00/0.00     0.00/0.00    0.00/0.00
cmac_a2csb_resp_pd[17]
          in     0.00/0.00    0.00/0.00     0.00/0.00    0.00/0.00
cmac_a2csb_resp_pd[18]
          in     0.00/0.00    0.00/0.00     0.00/0.00    0.00/0.00
cmac_a2csb_resp_pd[19]
          in     0.00/0.00    0.00/0.00     0.00/0.00    0.00/0.00
cmac_a2csb_resp_pd[1]
          in     0.00/0.00    0.00/0.00     0.00/0.00    0.00/0.00
cmac_a2csb_resp_pd[20]
          in     0.00/0.00    0.00/0.00     0.00/0.00    0.00/0.00
cmac_a2csb_resp_pd[21]
          in     0.00/0.00    0.00/0.00     0.00/0.00    0.00/0.00
cmac_a2csb_resp_pd[22]
          in     0.00/0.00    0.00/0.00     0.00/0.00    0.00/0.00
cmac_a2csb_resp_pd[23]
          in     0.00/0.00    0.00/0.00     0.00/0.00    0.00/0.00
cmac_a2csb_resp_pd[24]
          in     0.00/0.00    0.00/0.00     0.00/0.00    0.00/0.00
cmac_a2csb_resp_pd[25]
          in     0.00/0.00    0.00/0.00     0.00/0.00    0.00/0.00
cmac_a2csb_resp_pd[26]
          in     0.00/0.00    0.00/0.00     0.00/0.00    0.00/0.00
cmac_a2csb_resp_pd[27]
          in     0.00/0.00    0.00/0.00     0.00/0.00    0.00/0.00
cmac_a2csb_resp_pd[28]
          in     0.00/0.00    0.00/0.00     0.00/0.00    0.00/0.00
cmac_a2csb_resp_pd[29]
          in     0.00/0.00    0.00/0.00     0.00/0.00    0.00/0.00
cmac_a2csb_resp_pd[2]
          in     0.00/0.00    0.00/0.00     0.00/0.00    0.00/0.00
cmac_a2csb_resp_pd[30]
          in     0.00/0.00    0.00/0.00     0.00/0.00    0.00/0.00
cmac_a2csb_resp_pd[31]
          in     0.00/0.00    0.00/0.00     0.00/0.00    0.00/0.00
cmac_a2csb_resp_pd[32]
          in     0.00/0.00    0.00/0.00     0.00/0.00    0.00/0.00
cmac_a2csb_resp_pd[33]
          in     0.00/0.00    0.00/0.00     0.00/0.00    0.00/0.00
cmac_a2csb_resp_pd[3]
          in     0.00/0.00    0.00/0.00     0.00/0.00    0.00/0.00
cmac_a2csb_resp_pd[4]
          in     0.00/0.00    0.00/0.00     0.00/0.00    0.00/0.00
cmac_a2csb_resp_pd[5]
          in     0.00/0.00    0.00/0.00     0.00/0.00    0.00/0.00
cmac_a2csb_resp_pd[6]
          in     0.00/0.00    0.00/0.00     0.00/0.00    0.00/0.00
cmac_a2csb_resp_pd[7]
          in     0.00/0.00    0.00/0.00     0.00/0.00    0.00/0.00
cmac_a2csb_resp_pd[8]
          in     0.00/0.00    0.00/0.00     0.00/0.00    0.00/0.00
cmac_a2csb_resp_pd[9]
          in     0.00/0.00    0.00/0.00     0.00/0.00    0.00/0.00
cmac_a2csb_resp_valid
          in     0.00/0.00    0.00/0.00     0.00/0.00    0.00/0.00
cmac_b2csb_resp_pd[0]
          in     0.00/0.00    0.00/0.00     0.00/0.00    0.00/0.00
cmac_b2csb_resp_pd[10]
          in     0.00/0.00    0.00/0.00     0.00/0.00    0.00/0.00
cmac_b2csb_resp_pd[11]
          in     0.00/0.00    0.00/0.00     0.00/0.00    0.00/0.00
cmac_b2csb_resp_pd[12]
          in     0.00/0.00    0.00/0.00     0.00/0.00    0.00/0.00
cmac_b2csb_resp_pd[13]
          in     0.00/0.00    0.00/0.00     0.00/0.00    0.00/0.00
cmac_b2csb_resp_pd[14]
          in     0.00/0.00    0.00/0.00     0.00/0.00    0.00/0.00
cmac_b2csb_resp_pd[15]
          in     0.00/0.00    0.00/0.00     0.00/0.00    0.00/0.00
cmac_b2csb_resp_pd[16]
          in     0.00/0.00    0.00/0.00     0.00/0.00    0.00/0.00
cmac_b2csb_resp_pd[17]
          in     0.00/0.00    0.00/0.00     0.00/0.00    0.00/0.00
cmac_b2csb_resp_pd[18]
          in     0.00/0.00    0.00/0.00     0.00/0.00    0.00/0.00
cmac_b2csb_resp_pd[19]
          in     0.00/0.00    0.00/0.00     0.00/0.00    0.00/0.00
cmac_b2csb_resp_pd[1]
          in     0.00/0.00    0.00/0.00     0.00/0.00    0.00/0.00
cmac_b2csb_resp_pd[20]
          in     0.00/0.00    0.00/0.00     0.00/0.00    0.00/0.00
cmac_b2csb_resp_pd[21]
          in     0.00/0.00    0.00/0.00     0.00/0.00    0.00/0.00
cmac_b2csb_resp_pd[22]
          in     0.00/0.00    0.00/0.00     0.00/0.00    0.00/0.00
cmac_b2csb_resp_pd[23]
          in     0.00/0.00    0.00/0.00     0.00/0.00    0.00/0.00
cmac_b2csb_resp_pd[24]
          in     0.00/0.00    0.00/0.00     0.00/0.00    0.00/0.00
cmac_b2csb_resp_pd[25]
          in     0.00/0.00    0.00/0.00     0.00/0.00    0.00/0.00
cmac_b2csb_resp_pd[26]
          in     0.00/0.00    0.00/0.00     0.00/0.00    0.00/0.00
cmac_b2csb_resp_pd[27]
          in     0.00/0.00    0.00/0.00     0.00/0.00    0.00/0.00
cmac_b2csb_resp_pd[28]
          in     0.00/0.00    0.00/0.00     0.00/0.00    0.00/0.00
cmac_b2csb_resp_pd[29]
          in     0.00/0.00    0.00/0.00     0.00/0.00    0.00/0.00
cmac_b2csb_resp_pd[2]
          in     0.00/0.00    0.00/0.00     0.00/0.00    0.00/0.00
cmac_b2csb_resp_pd[30]
          in     0.00/0.00    0.00/0.00     0.00/0.00    0.00/0.00
cmac_b2csb_resp_pd[31]
          in     0.00/0.00    0.00/0.00     0.00/0.00    0.00/0.00
cmac_b2csb_resp_pd[32]
          in     0.00/0.00    0.00/0.00     0.00/0.00    0.00/0.00
cmac_b2csb_resp_pd[33]
          in     0.00/0.00    0.00/0.00     0.00/0.00    0.00/0.00
cmac_b2csb_resp_pd[3]
          in     0.00/0.00    0.00/0.00     0.00/0.00    0.00/0.00
cmac_b2csb_resp_pd[4]
          in     0.00/0.00    0.00/0.00     0.00/0.00    0.00/0.00
cmac_b2csb_resp_pd[5]
          in     0.00/0.00    0.00/0.00     0.00/0.00    0.00/0.00
cmac_b2csb_resp_pd[6]
          in     0.00/0.00    0.00/0.00     0.00/0.00    0.00/0.00
cmac_b2csb_resp_pd[7]
          in     0.00/0.00    0.00/0.00     0.00/0.00    0.00/0.00
cmac_b2csb_resp_pd[8]
          in     0.00/0.00    0.00/0.00     0.00/0.00    0.00/0.00
cmac_b2csb_resp_pd[9]
          in     0.00/0.00    0.00/0.00     0.00/0.00    0.00/0.00
cmac_b2csb_resp_valid
          in     0.00/0.00    0.00/0.00     0.00/0.00    0.00/0.00
csb2cacc_req_prdy
          in     0.00/0.00    0.00/0.00     0.00/0.00    0.00/0.00
csb2cdma_req_prdy
          in     0.00/0.00    0.00/0.00     0.00/0.00    0.00/0.00
csb2cmac_a_req_prdy
          in     0.00/0.00    0.00/0.00     0.00/0.00    0.00/0.00
csb2cmac_b_req_prdy
          in     0.00/0.00    0.00/0.00     0.00/0.00    0.00/0.00
csb2csc_req_prdy
          in     0.00/0.00    0.00/0.00     0.00/0.00    0.00/0.00
csb2nvdla_addr[0]
          in     0.00/0.00    0.00/0.00     0.00/0.00    0.00/0.00
csb2nvdla_addr[10]
          in     0.00/0.00    0.00/0.00     0.00/0.00    0.00/0.00
csb2nvdla_addr[11]
          in     0.00/0.00    0.00/0.00     0.00/0.00    0.00/0.00
csb2nvdla_addr[12]
          in     0.00/0.00    0.00/0.00     0.00/0.00    0.00/0.00
csb2nvdla_addr[13]
          in     0.00/0.00    0.00/0.00     0.00/0.00    0.00/0.00
csb2nvdla_addr[14]
          in     0.00/0.00    0.00/0.00     0.00/0.00    0.00/0.00
csb2nvdla_addr[15]
          in     0.00/0.00    0.00/0.00     0.00/0.00    0.00/0.00
csb2nvdla_addr[1]
          in     0.00/0.00    0.00/0.00     0.00/0.00    0.00/0.00
csb2nvdla_addr[2]
          in     0.00/0.00    0.00/0.00     0.00/0.00    0.00/0.00
csb2nvdla_addr[3]
          in     0.00/0.00    0.00/0.00     0.00/0.00    0.00/0.00
csb2nvdla_addr[4]
          in     0.00/0.00    0.00/0.00     0.00/0.00    0.00/0.00
csb2nvdla_addr[5]
          in     0.00/0.00    0.00/0.00     0.00/0.00    0.00/0.00
csb2nvdla_addr[6]
          in     0.00/0.00    0.00/0.00     0.00/0.00    0.00/0.00
csb2nvdla_addr[7]
          in     0.00/0.00    0.00/0.00     0.00/0.00    0.00/0.00
csb2nvdla_addr[8]
          in     0.00/0.00    0.00/0.00     0.00/0.00    0.00/0.00
csb2nvdla_addr[9]
          in     0.00/0.00    0.00/0.00     0.00/0.00    0.00/0.00
csb2nvdla_nposted
          in     0.00/0.00    0.00/0.00     0.00/0.00    0.00/0.00
csb2nvdla_valid
          in     0.00/0.00    0.00/0.00     0.00/0.00    0.00/0.00
csb2nvdla_wdat[0]
          in     0.00/0.00    0.00/0.00     0.00/0.00    0.00/0.00
csb2nvdla_wdat[10]
          in     0.00/0.00    0.00/0.00     0.00/0.00    0.00/0.00
csb2nvdla_wdat[11]
          in     0.00/0.00    0.00/0.00     0.00/0.00    0.00/0.00
csb2nvdla_wdat[12]
          in     0.00/0.00    0.00/0.00     0.00/0.00    0.00/0.00
csb2nvdla_wdat[13]
          in     0.00/0.00    0.00/0.00     0.00/0.00    0.00/0.00
csb2nvdla_wdat[14]
          in     0.00/0.00    0.00/0.00     0.00/0.00    0.00/0.00
csb2nvdla_wdat[15]
          in     0.00/0.00    0.00/0.00     0.00/0.00    0.00/0.00
csb2nvdla_wdat[16]
          in     0.00/0.00    0.00/0.00     0.00/0.00    0.00/0.00
csb2nvdla_wdat[17]
          in     0.00/0.00    0.00/0.00     0.00/0.00    0.00/0.00
csb2nvdla_wdat[18]
          in     0.00/0.00    0.00/0.00     0.00/0.00    0.00/0.00
csb2nvdla_wdat[19]
          in     0.00/0.00    0.00/0.00     0.00/0.00    0.00/0.00
csb2nvdla_wdat[1]
          in     0.00/0.00    0.00/0.00     0.00/0.00    0.00/0.00
csb2nvdla_wdat[20]
          in     0.00/0.00    0.00/0.00     0.00/0.00    0.00/0.00
csb2nvdla_wdat[21]
          in     0.00/0.00    0.00/0.00     0.00/0.00    0.00/0.00
csb2nvdla_wdat[22]
          in     0.00/0.00    0.00/0.00     0.00/0.00    0.00/0.00
csb2nvdla_wdat[23]
          in     0.00/0.00    0.00/0.00     0.00/0.00    0.00/0.00
csb2nvdla_wdat[24]
          in     0.00/0.00    0.00/0.00     0.00/0.00    0.00/0.00
csb2nvdla_wdat[25]
          in     0.00/0.00    0.00/0.00     0.00/0.00    0.00/0.00
csb2nvdla_wdat[26]
          in     0.00/0.00    0.00/0.00     0.00/0.00    0.00/0.00
csb2nvdla_wdat[27]
          in     0.00/0.00    0.00/0.00     0.00/0.00    0.00/0.00
csb2nvdla_wdat[28]
          in     0.00/0.00    0.00/0.00     0.00/0.00    0.00/0.00
csb2nvdla_wdat[29]
          in     0.00/0.00    0.00/0.00     0.00/0.00    0.00/0.00
csb2nvdla_wdat[2]
          in     0.00/0.00    0.00/0.00     0.00/0.00    0.00/0.00
csb2nvdla_wdat[30]
          in     0.00/0.00    0.00/0.00     0.00/0.00    0.00/0.00
csb2nvdla_wdat[31]
          in     0.00/0.00    0.00/0.00     0.00/0.00    0.00/0.00
csb2nvdla_wdat[3]
          in     0.00/0.00    0.00/0.00     0.00/0.00    0.00/0.00
csb2nvdla_wdat[4]
          in     0.00/0.00    0.00/0.00     0.00/0.00    0.00/0.00
csb2nvdla_wdat[5]
          in     0.00/0.00    0.00/0.00     0.00/0.00    0.00/0.00
csb2nvdla_wdat[6]
          in     0.00/0.00    0.00/0.00     0.00/0.00    0.00/0.00
csb2nvdla_wdat[7]
          in     0.00/0.00    0.00/0.00     0.00/0.00    0.00/0.00
csb2nvdla_wdat[8]
          in     0.00/0.00    0.00/0.00     0.00/0.00    0.00/0.00
csb2nvdla_wdat[9]
          in     0.00/0.00    0.00/0.00     0.00/0.00    0.00/0.00
csb2nvdla_write
          in     0.00/0.00    0.00/0.00     0.00/0.00    0.00/0.00
csb2sdp_rdma_req_prdy
          in     0.00/0.00    0.00/0.00     0.00/0.00    0.00/0.00
csb2sdp_req_prdy
          in     0.00/0.00    0.00/0.00     0.00/0.00    0.00/0.00
csc2csb_resp_pd[0]
          in     0.00/0.00    0.00/0.00     0.00/0.00    0.00/0.00
csc2csb_resp_pd[10]
          in     0.00/0.00    0.00/0.00     0.00/0.00    0.00/0.00
csc2csb_resp_pd[11]
          in     0.00/0.00    0.00/0.00     0.00/0.00    0.00/0.00
csc2csb_resp_pd[12]
          in     0.00/0.00    0.00/0.00     0.00/0.00    0.00/0.00
csc2csb_resp_pd[13]
          in     0.00/0.00    0.00/0.00     0.00/0.00    0.00/0.00
csc2csb_resp_pd[14]
          in     0.00/0.00    0.00/0.00     0.00/0.00    0.00/0.00
csc2csb_resp_pd[15]
          in     0.00/0.00    0.00/0.00     0.00/0.00    0.00/0.00
csc2csb_resp_pd[16]
          in     0.00/0.00    0.00/0.00     0.00/0.00    0.00/0.00
csc2csb_resp_pd[17]
          in     0.00/0.00    0.00/0.00     0.00/0.00    0.00/0.00
csc2csb_resp_pd[18]
          in     0.00/0.00    0.00/0.00     0.00/0.00    0.00/0.00
csc2csb_resp_pd[19]
          in     0.00/0.00    0.00/0.00     0.00/0.00    0.00/0.00
csc2csb_resp_pd[1]
          in     0.00/0.00    0.00/0.00     0.00/0.00    0.00/0.00
csc2csb_resp_pd[20]
          in     0.00/0.00    0.00/0.00     0.00/0.00    0.00/0.00
csc2csb_resp_pd[21]
          in     0.00/0.00    0.00/0.00     0.00/0.00    0.00/0.00
csc2csb_resp_pd[22]
          in     0.00/0.00    0.00/0.00     0.00/0.00    0.00/0.00
csc2csb_resp_pd[23]
          in     0.00/0.00    0.00/0.00     0.00/0.00    0.00/0.00
csc2csb_resp_pd[24]
          in     0.00/0.00    0.00/0.00     0.00/0.00    0.00/0.00
csc2csb_resp_pd[25]
          in     0.00/0.00    0.00/0.00     0.00/0.00    0.00/0.00
csc2csb_resp_pd[26]
          in     0.00/0.00    0.00/0.00     0.00/0.00    0.00/0.00
csc2csb_resp_pd[27]
          in     0.00/0.00    0.00/0.00     0.00/0.00    0.00/0.00
csc2csb_resp_pd[28]
          in     0.00/0.00    0.00/0.00     0.00/0.00    0.00/0.00
csc2csb_resp_pd[29]
          in     0.00/0.00    0.00/0.00     0.00/0.00    0.00/0.00
csc2csb_resp_pd[2]
          in     0.00/0.00    0.00/0.00     0.00/0.00    0.00/0.00
csc2csb_resp_pd[30]
          in     0.00/0.00    0.00/0.00     0.00/0.00    0.00/0.00
csc2csb_resp_pd[31]
          in     0.00/0.00    0.00/0.00     0.00/0.00    0.00/0.00
csc2csb_resp_pd[32]
          in     0.00/0.00    0.00/0.00     0.00/0.00    0.00/0.00
csc2csb_resp_pd[33]
          in     0.00/0.00    0.00/0.00     0.00/0.00    0.00/0.00
csc2csb_resp_pd[3]
          in     0.00/0.00    0.00/0.00     0.00/0.00    0.00/0.00
csc2csb_resp_pd[4]
          in     0.00/0.00    0.00/0.00     0.00/0.00    0.00/0.00
csc2csb_resp_pd[5]
          in     0.00/0.00    0.00/0.00     0.00/0.00    0.00/0.00
csc2csb_resp_pd[6]
          in     0.00/0.00    0.00/0.00     0.00/0.00    0.00/0.00
csc2csb_resp_pd[7]
          in     0.00/0.00    0.00/0.00     0.00/0.00    0.00/0.00
csc2csb_resp_pd[8]
          in     0.00/0.00    0.00/0.00     0.00/0.00    0.00/0.00
csc2csb_resp_pd[9]
          in     0.00/0.00    0.00/0.00     0.00/0.00    0.00/0.00
csc2csb_resp_valid
          in     0.00/0.00    0.00/0.00     0.00/0.00    0.00/0.00
direct_reset_
          in     0.00/0.00    0.00/0.00     0.00/0.00    0.00/0.00
dla_reset_rstn
          in     0.00/0.00    0.00/0.00     0.00/0.00    0.00/0.00
global_clk_ovr_on
          in     0.00/0.00    0.00/0.00     0.00/0.00    0.00/0.00
mcif2cdma_dat_rd_rsp_ready
          in     0.00/0.00    0.00/0.00     0.00/0.00    0.00/0.00
mcif2cdma_wt_rd_rsp_ready
          in     0.00/0.00    0.00/0.00     0.00/0.00    0.00/0.00
mcif2noc_axi_ar_arready
          in     0.00/0.00    0.00/0.00     0.00/0.00    0.00/0.00
mcif2noc_axi_aw_awready
          in     0.00/0.00    0.00/0.00     0.00/0.00    0.00/0.00
mcif2noc_axi_w_wready
          in     0.00/0.00    0.00/0.00     0.00/0.00    0.00/0.00
mcif2sdp_b_rd_rsp_ready
          in     0.00/0.00    0.00/0.00     0.00/0.00    0.00/0.00
mcif2sdp_n_rd_rsp_ready
          in     0.00/0.00    0.00/0.00     0.00/0.00    0.00/0.00
mcif2sdp_rd_rsp_ready
          in     0.00/0.00    0.00/0.00     0.00/0.00    0.00/0.00
noc2mcif_axi_b_bid[0]
          in     0.00/0.00    0.00/0.00     0.00/0.00    0.00/0.00
noc2mcif_axi_b_bid[1]
          in     0.00/0.00    0.00/0.00     0.00/0.00    0.00/0.00
noc2mcif_axi_b_bid[2]
          in     0.00/0.00    0.00/0.00     0.00/0.00    0.00/0.00
noc2mcif_axi_b_bid[3]
          in     0.00/0.00    0.00/0.00     0.00/0.00    0.00/0.00
noc2mcif_axi_b_bid[4]
          in     0.00/0.00    0.00/0.00     0.00/0.00    0.00/0.00
noc2mcif_axi_b_bid[5]
          in     0.00/0.00    0.00/0.00     0.00/0.00    0.00/0.00
noc2mcif_axi_b_bid[6]
          in     0.00/0.00    0.00/0.00     0.00/0.00    0.00/0.00
noc2mcif_axi_b_bid[7]
          in     0.00/0.00    0.00/0.00     0.00/0.00    0.00/0.00
noc2mcif_axi_b_bvalid
          in     0.00/0.00    0.00/0.00     0.00/0.00    0.00/0.00
noc2mcif_axi_r_rdata[0]
          in     0.00/0.00    0.00/0.00     0.00/0.00    0.00/0.00
noc2mcif_axi_r_rdata[10]
          in     0.00/0.00    0.00/0.00     0.00/0.00    0.00/0.00
noc2mcif_axi_r_rdata[11]
          in     0.00/0.00    0.00/0.00     0.00/0.00    0.00/0.00
noc2mcif_axi_r_rdata[12]
          in     0.00/0.00    0.00/0.00     0.00/0.00    0.00/0.00
noc2mcif_axi_r_rdata[13]
          in     0.00/0.00    0.00/0.00     0.00/0.00    0.00/0.00
noc2mcif_axi_r_rdata[14]
          in     0.00/0.00    0.00/0.00     0.00/0.00    0.00/0.00
noc2mcif_axi_r_rdata[15]
          in     0.00/0.00    0.00/0.00     0.00/0.00    0.00/0.00
noc2mcif_axi_r_rdata[16]
          in     0.00/0.00    0.00/0.00     0.00/0.00    0.00/0.00
noc2mcif_axi_r_rdata[17]
          in     0.00/0.00    0.00/0.00     0.00/0.00    0.00/0.00
noc2mcif_axi_r_rdata[18]
          in     0.00/0.00    0.00/0.00     0.00/0.00    0.00/0.00
noc2mcif_axi_r_rdata[19]
          in     0.00/0.00    0.00/0.00     0.00/0.00    0.00/0.00
noc2mcif_axi_r_rdata[1]
          in     0.00/0.00    0.00/0.00     0.00/0.00    0.00/0.00
noc2mcif_axi_r_rdata[20]
          in     0.00/0.00    0.00/0.00     0.00/0.00    0.00/0.00
noc2mcif_axi_r_rdata[21]
          in     0.00/0.00    0.00/0.00     0.00/0.00    0.00/0.00
noc2mcif_axi_r_rdata[22]
          in     0.00/0.00    0.00/0.00     0.00/0.00    0.00/0.00
noc2mcif_axi_r_rdata[23]
          in     0.00/0.00    0.00/0.00     0.00/0.00    0.00/0.00
noc2mcif_axi_r_rdata[24]
          in     0.00/0.00    0.00/0.00     0.00/0.00    0.00/0.00
noc2mcif_axi_r_rdata[25]
          in     0.00/0.00    0.00/0.00     0.00/0.00    0.00/0.00
noc2mcif_axi_r_rdata[26]
          in     0.00/0.00    0.00/0.00     0.00/0.00    0.00/0.00
noc2mcif_axi_r_rdata[27]
          in     0.00/0.00    0.00/0.00     0.00/0.00    0.00/0.00
noc2mcif_axi_r_rdata[28]
          in     0.00/0.00    0.00/0.00     0.00/0.00    0.00/0.00
noc2mcif_axi_r_rdata[29]
          in     0.00/0.00    0.00/0.00     0.00/0.00    0.00/0.00
noc2mcif_axi_r_rdata[2]
          in     0.00/0.00    0.00/0.00     0.00/0.00    0.00/0.00
noc2mcif_axi_r_rdata[30]
          in     0.00/0.00    0.00/0.00     0.00/0.00    0.00/0.00
noc2mcif_axi_r_rdata[31]
          in     0.00/0.00    0.00/0.00     0.00/0.00    0.00/0.00
noc2mcif_axi_r_rdata[32]
          in     0.00/0.00    0.00/0.00     0.00/0.00    0.00/0.00
noc2mcif_axi_r_rdata[33]
          in     0.00/0.00    0.00/0.00     0.00/0.00    0.00/0.00
noc2mcif_axi_r_rdata[34]
          in     0.00/0.00    0.00/0.00     0.00/0.00    0.00/0.00
noc2mcif_axi_r_rdata[35]
          in     0.00/0.00    0.00/0.00     0.00/0.00    0.00/0.00
noc2mcif_axi_r_rdata[36]
          in     0.00/0.00    0.00/0.00     0.00/0.00    0.00/0.00
noc2mcif_axi_r_rdata[37]
          in     0.00/0.00    0.00/0.00     0.00/0.00    0.00/0.00
noc2mcif_axi_r_rdata[38]
          in     0.00/0.00    0.00/0.00     0.00/0.00    0.00/0.00
noc2mcif_axi_r_rdata[39]
          in     0.00/0.00    0.00/0.00     0.00/0.00    0.00/0.00
noc2mcif_axi_r_rdata[3]
          in     0.00/0.00    0.00/0.00     0.00/0.00    0.00/0.00
noc2mcif_axi_r_rdata[40]
          in     0.00/0.00    0.00/0.00     0.00/0.00    0.00/0.00
noc2mcif_axi_r_rdata[41]
          in     0.00/0.00    0.00/0.00     0.00/0.00    0.00/0.00
noc2mcif_axi_r_rdata[42]
          in     0.00/0.00    0.00/0.00     0.00/0.00    0.00/0.00
noc2mcif_axi_r_rdata[43]
          in     0.00/0.00    0.00/0.00     0.00/0.00    0.00/0.00
noc2mcif_axi_r_rdata[44]
          in     0.00/0.00    0.00/0.00     0.00/0.00    0.00/0.00
noc2mcif_axi_r_rdata[45]
          in     0.00/0.00    0.00/0.00     0.00/0.00    0.00/0.00
noc2mcif_axi_r_rdata[46]
          in     0.00/0.00    0.00/0.00     0.00/0.00    0.00/0.00
noc2mcif_axi_r_rdata[47]
          in     0.00/0.00    0.00/0.00     0.00/0.00    0.00/0.00
noc2mcif_axi_r_rdata[48]
          in     0.00/0.00    0.00/0.00     0.00/0.00    0.00/0.00
noc2mcif_axi_r_rdata[49]
          in     0.00/0.00    0.00/0.00     0.00/0.00    0.00/0.00
noc2mcif_axi_r_rdata[4]
          in     0.00/0.00    0.00/0.00     0.00/0.00    0.00/0.00
noc2mcif_axi_r_rdata[50]
          in     0.00/0.00    0.00/0.00     0.00/0.00    0.00/0.00
noc2mcif_axi_r_rdata[51]
          in     0.00/0.00    0.00/0.00     0.00/0.00    0.00/0.00
noc2mcif_axi_r_rdata[52]
          in     0.00/0.00    0.00/0.00     0.00/0.00    0.00/0.00
noc2mcif_axi_r_rdata[53]
          in     0.00/0.00    0.00/0.00     0.00/0.00    0.00/0.00
noc2mcif_axi_r_rdata[54]
          in     0.00/0.00    0.00/0.00     0.00/0.00    0.00/0.00
noc2mcif_axi_r_rdata[55]
          in     0.00/0.00    0.00/0.00     0.00/0.00    0.00/0.00
noc2mcif_axi_r_rdata[56]
          in     0.00/0.00    0.00/0.00     0.00/0.00    0.00/0.00
noc2mcif_axi_r_rdata[57]
          in     0.00/0.00    0.00/0.00     0.00/0.00    0.00/0.00
noc2mcif_axi_r_rdata[58]
          in     0.00/0.00    0.00/0.00     0.00/0.00    0.00/0.00
noc2mcif_axi_r_rdata[59]
          in     0.00/0.00    0.00/0.00     0.00/0.00    0.00/0.00
noc2mcif_axi_r_rdata[5]
          in     0.00/0.00    0.00/0.00     0.00/0.00    0.00/0.00
noc2mcif_axi_r_rdata[60]
          in     0.00/0.00    0.00/0.00     0.00/0.00    0.00/0.00
noc2mcif_axi_r_rdata[61]
          in     0.00/0.00    0.00/0.00     0.00/0.00    0.00/0.00
noc2mcif_axi_r_rdata[62]
          in     0.00/0.00    0.00/0.00     0.00/0.00    0.00/0.00
noc2mcif_axi_r_rdata[63]
          in     0.00/0.00    0.00/0.00     0.00/0.00    0.00/0.00
noc2mcif_axi_r_rdata[6]
          in     0.00/0.00    0.00/0.00     0.00/0.00    0.00/0.00
noc2mcif_axi_r_rdata[7]
          in     0.00/0.00    0.00/0.00     0.00/0.00    0.00/0.00
noc2mcif_axi_r_rdata[8]
          in     0.00/0.00    0.00/0.00     0.00/0.00    0.00/0.00
noc2mcif_axi_r_rdata[9]
          in     0.00/0.00    0.00/0.00     0.00/0.00    0.00/0.00
noc2mcif_axi_r_rid[0]
          in     0.00/0.00    0.00/0.00     0.00/0.00    0.00/0.00
noc2mcif_axi_r_rid[1]
          in     0.00/0.00    0.00/0.00     0.00/0.00    0.00/0.00
noc2mcif_axi_r_rid[2]
          in     0.00/0.00    0.00/0.00     0.00/0.00    0.00/0.00
noc2mcif_axi_r_rid[3]
          in     0.00/0.00    0.00/0.00     0.00/0.00    0.00/0.00
noc2mcif_axi_r_rid[4]
          in     0.00/0.00    0.00/0.00     0.00/0.00    0.00/0.00
noc2mcif_axi_r_rid[5]
          in     0.00/0.00    0.00/0.00     0.00/0.00    0.00/0.00
noc2mcif_axi_r_rid[6]
          in     0.00/0.00    0.00/0.00     0.00/0.00    0.00/0.00
noc2mcif_axi_r_rid[7]
          in     0.00/0.00    0.00/0.00     0.00/0.00    0.00/0.00
noc2mcif_axi_r_rlast
          in     0.00/0.00    0.00/0.00     0.00/0.00    0.00/0.00
noc2mcif_axi_r_rvalid
          in     0.00/0.00    0.00/0.00     0.00/0.00    0.00/0.00
nvdla_core_clk
          in     0.00/0.00    0.00/0.00     0.00/0.00    0.00/0.00
nvdla_falcon_clk
          in     0.00/0.00    0.00/0.00     0.00/0.00    0.00/0.00
pwrbus_ram_pd[0]
          in     0.00/0.00    0.00/0.00     0.00/0.00    0.00/0.00
pwrbus_ram_pd[10]
          in     0.00/0.00    0.00/0.00     0.00/0.00    0.00/0.00
pwrbus_ram_pd[11]
          in     0.00/0.00    0.00/0.00     0.00/0.00    0.00/0.00
pwrbus_ram_pd[12]
          in     0.00/0.00    0.00/0.00     0.00/0.00    0.00/0.00
pwrbus_ram_pd[13]
          in     0.00/0.00    0.00/0.00     0.00/0.00    0.00/0.00
pwrbus_ram_pd[14]
          in     0.00/0.00    0.00/0.00     0.00/0.00    0.00/0.00
pwrbus_ram_pd[15]
          in     0.00/0.00    0.00/0.00     0.00/0.00    0.00/0.00
pwrbus_ram_pd[16]
          in     0.00/0.00    0.00/0.00     0.00/0.00    0.00/0.00
pwrbus_ram_pd[17]
          in     0.00/0.00    0.00/0.00     0.00/0.00    0.00/0.00
pwrbus_ram_pd[18]
          in     0.00/0.00    0.00/0.00     0.00/0.00    0.00/0.00
pwrbus_ram_pd[19]
          in     0.00/0.00    0.00/0.00     0.00/0.00    0.00/0.00
pwrbus_ram_pd[1]
          in     0.00/0.00    0.00/0.00     0.00/0.00    0.00/0.00
pwrbus_ram_pd[20]
          in     0.00/0.00    0.00/0.00     0.00/0.00    0.00/0.00
pwrbus_ram_pd[21]
          in     0.00/0.00    0.00/0.00     0.00/0.00    0.00/0.00
pwrbus_ram_pd[22]
          in     0.00/0.00    0.00/0.00     0.00/0.00    0.00/0.00
pwrbus_ram_pd[23]
          in     0.00/0.00    0.00/0.00     0.00/0.00    0.00/0.00
pwrbus_ram_pd[24]
          in     0.00/0.00    0.00/0.00     0.00/0.00    0.00/0.00
pwrbus_ram_pd[25]
          in     0.00/0.00    0.00/0.00     0.00/0.00    0.00/0.00
pwrbus_ram_pd[26]
          in     0.00/0.00    0.00/0.00     0.00/0.00    0.00/0.00
pwrbus_ram_pd[27]
          in     0.00/0.00    0.00/0.00     0.00/0.00    0.00/0.00
pwrbus_ram_pd[28]
          in     0.00/0.00    0.00/0.00     0.00/0.00    0.00/0.00
pwrbus_ram_pd[29]
          in     0.00/0.00    0.00/0.00     0.00/0.00    0.00/0.00
pwrbus_ram_pd[2]
          in     0.00/0.00    0.00/0.00     0.00/0.00    0.00/0.00
pwrbus_ram_pd[30]
          in     0.00/0.00    0.00/0.00     0.00/0.00    0.00/0.00
pwrbus_ram_pd[31]
          in     0.00/0.00    0.00/0.00     0.00/0.00    0.00/0.00
pwrbus_ram_pd[3]
          in     0.00/0.00    0.00/0.00     0.00/0.00    0.00/0.00
pwrbus_ram_pd[4]
          in     0.00/0.00    0.00/0.00     0.00/0.00    0.00/0.00
pwrbus_ram_pd[5]
          in     0.00/0.00    0.00/0.00     0.00/0.00    0.00/0.00
pwrbus_ram_pd[6]
          in     0.00/0.00    0.00/0.00     0.00/0.00    0.00/0.00
pwrbus_ram_pd[7]
          in     0.00/0.00    0.00/0.00     0.00/0.00    0.00/0.00
pwrbus_ram_pd[8]
          in     0.00/0.00    0.00/0.00     0.00/0.00    0.00/0.00
pwrbus_ram_pd[9]
          in     0.00/0.00    0.00/0.00     0.00/0.00    0.00/0.00
sdp2csb_resp_pd[0]
          in     0.00/0.00    0.00/0.00     0.00/0.00    0.00/0.00
sdp2csb_resp_pd[10]
          in     0.00/0.00    0.00/0.00     0.00/0.00    0.00/0.00
sdp2csb_resp_pd[11]
          in     0.00/0.00    0.00/0.00     0.00/0.00    0.00/0.00
sdp2csb_resp_pd[12]
          in     0.00/0.00    0.00/0.00     0.00/0.00    0.00/0.00
sdp2csb_resp_pd[13]
          in     0.00/0.00    0.00/0.00     0.00/0.00    0.00/0.00
sdp2csb_resp_pd[14]
          in     0.00/0.00    0.00/0.00     0.00/0.00    0.00/0.00
sdp2csb_resp_pd[15]
          in     0.00/0.00    0.00/0.00     0.00/0.00    0.00/0.00
sdp2csb_resp_pd[16]
          in     0.00/0.00    0.00/0.00     0.00/0.00    0.00/0.00
sdp2csb_resp_pd[17]
          in     0.00/0.00    0.00/0.00     0.00/0.00    0.00/0.00
sdp2csb_resp_pd[18]
          in     0.00/0.00    0.00/0.00     0.00/0.00    0.00/0.00
sdp2csb_resp_pd[19]
          in     0.00/0.00    0.00/0.00     0.00/0.00    0.00/0.00
sdp2csb_resp_pd[1]
          in     0.00/0.00    0.00/0.00     0.00/0.00    0.00/0.00
sdp2csb_resp_pd[20]
          in     0.00/0.00    0.00/0.00     0.00/0.00    0.00/0.00
sdp2csb_resp_pd[21]
          in     0.00/0.00    0.00/0.00     0.00/0.00    0.00/0.00
sdp2csb_resp_pd[22]
          in     0.00/0.00    0.00/0.00     0.00/0.00    0.00/0.00
sdp2csb_resp_pd[23]
          in     0.00/0.00    0.00/0.00     0.00/0.00    0.00/0.00
sdp2csb_resp_pd[24]
          in     0.00/0.00    0.00/0.00     0.00/0.00    0.00/0.00
sdp2csb_resp_pd[25]
          in     0.00/0.00    0.00/0.00     0.00/0.00    0.00/0.00
sdp2csb_resp_pd[26]
          in     0.00/0.00    0.00/0.00     0.00/0.00    0.00/0.00
sdp2csb_resp_pd[27]
          in     0.00/0.00    0.00/0.00     0.00/0.00    0.00/0.00
sdp2csb_resp_pd[28]
          in     0.00/0.00    0.00/0.00     0.00/0.00    0.00/0.00
sdp2csb_resp_pd[29]
          in     0.00/0.00    0.00/0.00     0.00/0.00    0.00/0.00
sdp2csb_resp_pd[2]
          in     0.00/0.00    0.00/0.00     0.00/0.00    0.00/0.00
sdp2csb_resp_pd[30]
          in     0.00/0.00    0.00/0.00     0.00/0.00    0.00/0.00
sdp2csb_resp_pd[31]
          in     0.00/0.00    0.00/0.00     0.00/0.00    0.00/0.00
sdp2csb_resp_pd[32]
          in     0.00/0.00    0.00/0.00     0.00/0.00    0.00/0.00
sdp2csb_resp_pd[33]
          in     0.00/0.00    0.00/0.00     0.00/0.00    0.00/0.00
sdp2csb_resp_pd[3]
          in     0.00/0.00    0.00/0.00     0.00/0.00    0.00/0.00
sdp2csb_resp_pd[4]
          in     0.00/0.00    0.00/0.00     0.00/0.00    0.00/0.00
sdp2csb_resp_pd[5]
          in     0.00/0.00    0.00/0.00     0.00/0.00    0.00/0.00
sdp2csb_resp_pd[6]
          in     0.00/0.00    0.00/0.00     0.00/0.00    0.00/0.00
sdp2csb_resp_pd[7]
          in     0.00/0.00    0.00/0.00     0.00/0.00    0.00/0.00
sdp2csb_resp_pd[8]
          in     0.00/0.00    0.00/0.00     0.00/0.00    0.00/0.00
sdp2csb_resp_pd[9]
          in     0.00/0.00    0.00/0.00     0.00/0.00    0.00/0.00
sdp2csb_resp_valid
          in     0.00/0.00    0.00/0.00     0.00/0.00    0.00/0.00
sdp2glb_done_intr_pd[0]
          in     0.00/0.00    0.00/0.00     0.00/0.00    0.00/0.00
sdp2glb_done_intr_pd[1]
          in     0.00/0.00    0.00/0.00     0.00/0.00    0.00/0.00
sdp2mcif_rd_cdt_lat_fifo_pop
          in     0.00/0.00    0.00/0.00     0.00/0.00    0.00/0.00
sdp2mcif_rd_req_pd[0]
          in     0.00/0.00    0.00/0.00     0.00/0.00    0.00/0.00
sdp2mcif_rd_req_pd[10]
          in     0.00/0.00    0.00/0.00     0.00/0.00    0.00/0.00
sdp2mcif_rd_req_pd[11]
          in     0.00/0.00    0.00/0.00     0.00/0.00    0.00/0.00
sdp2mcif_rd_req_pd[12]
          in     0.00/0.00    0.00/0.00     0.00/0.00    0.00/0.00
sdp2mcif_rd_req_pd[13]
          in     0.00/0.00    0.00/0.00     0.00/0.00    0.00/0.00
sdp2mcif_rd_req_pd[14]
          in     0.00/0.00    0.00/0.00     0.00/0.00    0.00/0.00
sdp2mcif_rd_req_pd[15]
          in     0.00/0.00    0.00/0.00     0.00/0.00    0.00/0.00
sdp2mcif_rd_req_pd[16]
          in     0.00/0.00    0.00/0.00     0.00/0.00    0.00/0.00
sdp2mcif_rd_req_pd[17]
          in     0.00/0.00    0.00/0.00     0.00/0.00    0.00/0.00
sdp2mcif_rd_req_pd[18]
          in     0.00/0.00    0.00/0.00     0.00/0.00    0.00/0.00
sdp2mcif_rd_req_pd[19]
          in     0.00/0.00    0.00/0.00     0.00/0.00    0.00/0.00
sdp2mcif_rd_req_pd[1]
          in     0.00/0.00    0.00/0.00     0.00/0.00    0.00/0.00
sdp2mcif_rd_req_pd[20]
          in     0.00/0.00    0.00/0.00     0.00/0.00    0.00/0.00
sdp2mcif_rd_req_pd[21]
          in     0.00/0.00    0.00/0.00     0.00/0.00    0.00/0.00
sdp2mcif_rd_req_pd[22]
          in     0.00/0.00    0.00/0.00     0.00/0.00    0.00/0.00
sdp2mcif_rd_req_pd[23]
          in     0.00/0.00    0.00/0.00     0.00/0.00    0.00/0.00
sdp2mcif_rd_req_pd[24]
          in     0.00/0.00    0.00/0.00     0.00/0.00    0.00/0.00
sdp2mcif_rd_req_pd[25]
          in     0.00/0.00    0.00/0.00     0.00/0.00    0.00/0.00
sdp2mcif_rd_req_pd[26]
          in     0.00/0.00    0.00/0.00     0.00/0.00    0.00/0.00
sdp2mcif_rd_req_pd[27]
          in     0.00/0.00    0.00/0.00     0.00/0.00    0.00/0.00
sdp2mcif_rd_req_pd[28]
          in     0.00/0.00    0.00/0.00     0.00/0.00    0.00/0.00
sdp2mcif_rd_req_pd[29]
          in     0.00/0.00    0.00/0.00     0.00/0.00    0.00/0.00
sdp2mcif_rd_req_pd[2]
          in     0.00/0.00    0.00/0.00     0.00/0.00    0.00/0.00
sdp2mcif_rd_req_pd[30]
          in     0.00/0.00    0.00/0.00     0.00/0.00    0.00/0.00
sdp2mcif_rd_req_pd[31]
          in     0.00/0.00    0.00/0.00     0.00/0.00    0.00/0.00
sdp2mcif_rd_req_pd[32]
          in     0.00/0.00    0.00/0.00     0.00/0.00    0.00/0.00
sdp2mcif_rd_req_pd[33]
          in     0.00/0.00    0.00/0.00     0.00/0.00    0.00/0.00
sdp2mcif_rd_req_pd[34]
          in     0.00/0.00    0.00/0.00     0.00/0.00    0.00/0.00
sdp2mcif_rd_req_pd[35]
          in     0.00/0.00    0.00/0.00     0.00/0.00    0.00/0.00
sdp2mcif_rd_req_pd[36]
          in     0.00/0.00    0.00/0.00     0.00/0.00    0.00/0.00
sdp2mcif_rd_req_pd[37]
          in     0.00/0.00    0.00/0.00     0.00/0.00    0.00/0.00
sdp2mcif_rd_req_pd[38]
          in     0.00/0.00    0.00/0.00     0.00/0.00    0.00/0.00
sdp2mcif_rd_req_pd[39]
          in     0.00/0.00    0.00/0.00     0.00/0.00    0.00/0.00
sdp2mcif_rd_req_pd[3]
          in     0.00/0.00    0.00/0.00     0.00/0.00    0.00/0.00
sdp2mcif_rd_req_pd[40]
          in     0.00/0.00    0.00/0.00     0.00/0.00    0.00/0.00
sdp2mcif_rd_req_pd[41]
          in     0.00/0.00    0.00/0.00     0.00/0.00    0.00/0.00
sdp2mcif_rd_req_pd[42]
          in     0.00/0.00    0.00/0.00     0.00/0.00    0.00/0.00
sdp2mcif_rd_req_pd[43]
          in     0.00/0.00    0.00/0.00     0.00/0.00    0.00/0.00
sdp2mcif_rd_req_pd[44]
          in     0.00/0.00    0.00/0.00     0.00/0.00    0.00/0.00
sdp2mcif_rd_req_pd[45]
          in     0.00/0.00    0.00/0.00     0.00/0.00    0.00/0.00
sdp2mcif_rd_req_pd[46]
          in     0.00/0.00    0.00/0.00     0.00/0.00    0.00/0.00
sdp2mcif_rd_req_pd[4]
          in     0.00/0.00    0.00/0.00     0.00/0.00    0.00/0.00
sdp2mcif_rd_req_pd[5]
          in     0.00/0.00    0.00/0.00     0.00/0.00    0.00/0.00
sdp2mcif_rd_req_pd[6]
          in     0.00/0.00    0.00/0.00     0.00/0.00    0.00/0.00
sdp2mcif_rd_req_pd[7]
          in     0.00/0.00    0.00/0.00     0.00/0.00    0.00/0.00
sdp2mcif_rd_req_pd[8]
          in     0.00/0.00    0.00/0.00     0.00/0.00    0.00/0.00
sdp2mcif_rd_req_pd[9]
          in     0.00/0.00    0.00/0.00     0.00/0.00    0.00/0.00
sdp2mcif_rd_req_valid
          in     0.00/0.00    0.00/0.00     0.00/0.00    0.00/0.00
sdp2mcif_wr_req_pd[0]
          in     0.00/0.00    0.00/0.00     0.00/0.00    0.00/0.00
sdp2mcif_wr_req_pd[10]
          in     0.00/0.00    0.00/0.00     0.00/0.00    0.00/0.00
sdp2mcif_wr_req_pd[11]
          in     0.00/0.00    0.00/0.00     0.00/0.00    0.00/0.00
sdp2mcif_wr_req_pd[12]
          in     0.00/0.00    0.00/0.00     0.00/0.00    0.00/0.00
sdp2mcif_wr_req_pd[13]
          in     0.00/0.00    0.00/0.00     0.00/0.00    0.00/0.00
sdp2mcif_wr_req_pd[14]
          in     0.00/0.00    0.00/0.00     0.00/0.00    0.00/0.00
sdp2mcif_wr_req_pd[15]
          in     0.00/0.00    0.00/0.00     0.00/0.00    0.00/0.00
sdp2mcif_wr_req_pd[16]
          in     0.00/0.00    0.00/0.00     0.00/0.00    0.00/0.00
sdp2mcif_wr_req_pd[17]
          in     0.00/0.00    0.00/0.00     0.00/0.00    0.00/0.00
sdp2mcif_wr_req_pd[18]
          in     0.00/0.00    0.00/0.00     0.00/0.00    0.00/0.00
sdp2mcif_wr_req_pd[19]
          in     0.00/0.00    0.00/0.00     0.00/0.00    0.00/0.00
sdp2mcif_wr_req_pd[1]
          in     0.00/0.00    0.00/0.00     0.00/0.00    0.00/0.00
sdp2mcif_wr_req_pd[20]
          in     0.00/0.00    0.00/0.00     0.00/0.00    0.00/0.00
sdp2mcif_wr_req_pd[21]
          in     0.00/0.00    0.00/0.00     0.00/0.00    0.00/0.00
sdp2mcif_wr_req_pd[22]
          in     0.00/0.00    0.00/0.00     0.00/0.00    0.00/0.00
sdp2mcif_wr_req_pd[23]
          in     0.00/0.00    0.00/0.00     0.00/0.00    0.00/0.00
sdp2mcif_wr_req_pd[24]
          in     0.00/0.00    0.00/0.00     0.00/0.00    0.00/0.00
sdp2mcif_wr_req_pd[25]
          in     0.00/0.00    0.00/0.00     0.00/0.00    0.00/0.00
sdp2mcif_wr_req_pd[26]
          in     0.00/0.00    0.00/0.00     0.00/0.00    0.00/0.00
sdp2mcif_wr_req_pd[27]
          in     0.00/0.00    0.00/0.00     0.00/0.00    0.00/0.00
sdp2mcif_wr_req_pd[28]
          in     0.00/0.00    0.00/0.00     0.00/0.00    0.00/0.00
sdp2mcif_wr_req_pd[29]
          in     0.00/0.00    0.00/0.00     0.00/0.00    0.00/0.00
sdp2mcif_wr_req_pd[2]
          in     0.00/0.00    0.00/0.00     0.00/0.00    0.00/0.00
sdp2mcif_wr_req_pd[30]
          in     0.00/0.00    0.00/0.00     0.00/0.00    0.00/0.00
sdp2mcif_wr_req_pd[31]
          in     0.00/0.00    0.00/0.00     0.00/0.00    0.00/0.00
sdp2mcif_wr_req_pd[32]
          in     0.00/0.00    0.00/0.00     0.00/0.00    0.00/0.00
sdp2mcif_wr_req_pd[33]
          in     0.00/0.00    0.00/0.00     0.00/0.00    0.00/0.00
sdp2mcif_wr_req_pd[34]
          in     0.00/0.00    0.00/0.00     0.00/0.00    0.00/0.00
sdp2mcif_wr_req_pd[35]
          in     0.00/0.00    0.00/0.00     0.00/0.00    0.00/0.00
sdp2mcif_wr_req_pd[36]
          in     0.00/0.00    0.00/0.00     0.00/0.00    0.00/0.00
sdp2mcif_wr_req_pd[37]
          in     0.00/0.00    0.00/0.00     0.00/0.00    0.00/0.00
sdp2mcif_wr_req_pd[38]
          in     0.00/0.00    0.00/0.00     0.00/0.00    0.00/0.00
sdp2mcif_wr_req_pd[39]
          in     0.00/0.00    0.00/0.00     0.00/0.00    0.00/0.00
sdp2mcif_wr_req_pd[3]
          in     0.00/0.00    0.00/0.00     0.00/0.00    0.00/0.00
sdp2mcif_wr_req_pd[40]
          in     0.00/0.00    0.00/0.00     0.00/0.00    0.00/0.00
sdp2mcif_wr_req_pd[41]
          in     0.00/0.00    0.00/0.00     0.00/0.00    0.00/0.00
sdp2mcif_wr_req_pd[42]
          in     0.00/0.00    0.00/0.00     0.00/0.00    0.00/0.00
sdp2mcif_wr_req_pd[43]
          in     0.00/0.00    0.00/0.00     0.00/0.00    0.00/0.00
sdp2mcif_wr_req_pd[44]
          in     0.00/0.00    0.00/0.00     0.00/0.00    0.00/0.00
sdp2mcif_wr_req_pd[45]
          in     0.00/0.00    0.00/0.00     0.00/0.00    0.00/0.00
sdp2mcif_wr_req_pd[46]
          in     0.00/0.00    0.00/0.00     0.00/0.00    0.00/0.00
sdp2mcif_wr_req_pd[47]
          in     0.00/0.00    0.00/0.00     0.00/0.00    0.00/0.00
sdp2mcif_wr_req_pd[48]
          in     0.00/0.00    0.00/0.00     0.00/0.00    0.00/0.00
sdp2mcif_wr_req_pd[49]
          in     0.00/0.00    0.00/0.00     0.00/0.00    0.00/0.00
sdp2mcif_wr_req_pd[4]
          in     0.00/0.00    0.00/0.00     0.00/0.00    0.00/0.00
sdp2mcif_wr_req_pd[50]
          in     0.00/0.00    0.00/0.00     0.00/0.00    0.00/0.00
sdp2mcif_wr_req_pd[51]
          in     0.00/0.00    0.00/0.00     0.00/0.00    0.00/0.00
sdp2mcif_wr_req_pd[52]
          in     0.00/0.00    0.00/0.00     0.00/0.00    0.00/0.00
sdp2mcif_wr_req_pd[53]
          in     0.00/0.00    0.00/0.00     0.00/0.00    0.00/0.00
sdp2mcif_wr_req_pd[54]
          in     0.00/0.00    0.00/0.00     0.00/0.00    0.00/0.00
sdp2mcif_wr_req_pd[55]
          in     0.00/0.00    0.00/0.00     0.00/0.00    0.00/0.00
sdp2mcif_wr_req_pd[56]
          in     0.00/0.00    0.00/0.00     0.00/0.00    0.00/0.00
sdp2mcif_wr_req_pd[57]
          in     0.00/0.00    0.00/0.00     0.00/0.00    0.00/0.00
sdp2mcif_wr_req_pd[58]
          in     0.00/0.00    0.00/0.00     0.00/0.00    0.00/0.00
sdp2mcif_wr_req_pd[59]
          in     0.00/0.00    0.00/0.00     0.00/0.00    0.00/0.00
sdp2mcif_wr_req_pd[5]
          in     0.00/0.00    0.00/0.00     0.00/0.00    0.00/0.00
sdp2mcif_wr_req_pd[60]
          in     0.00/0.00    0.00/0.00     0.00/0.00    0.00/0.00
sdp2mcif_wr_req_pd[61]
          in     0.00/0.00    0.00/0.00     0.00/0.00    0.00/0.00
sdp2mcif_wr_req_pd[62]
          in     0.00/0.00    0.00/0.00     0.00/0.00    0.00/0.00
sdp2mcif_wr_req_pd[63]
          in     0.00/0.00    0.00/0.00     0.00/0.00    0.00/0.00
sdp2mcif_wr_req_pd[64]
          in     0.00/0.00    0.00/0.00     0.00/0.00    0.00/0.00
sdp2mcif_wr_req_pd[65]
          in     0.00/0.00    0.00/0.00     0.00/0.00    0.00/0.00
sdp2mcif_wr_req_pd[6]
          in     0.00/0.00    0.00/0.00     0.00/0.00    0.00/0.00
sdp2mcif_wr_req_pd[7]
          in     0.00/0.00    0.00/0.00     0.00/0.00    0.00/0.00
sdp2mcif_wr_req_pd[8]
          in     0.00/0.00    0.00/0.00     0.00/0.00    0.00/0.00
sdp2mcif_wr_req_pd[9]
          in     0.00/0.00    0.00/0.00     0.00/0.00    0.00/0.00
sdp2mcif_wr_req_valid
          in     0.00/0.00    0.00/0.00     0.00/0.00    0.00/0.00
sdp2pdp_pd[0]
          in     0.00/0.00    0.00/0.00     0.00/0.00    0.00/0.00
sdp2pdp_pd[1]
          in     0.00/0.00    0.00/0.00     0.00/0.00    0.00/0.00
sdp2pdp_pd[2]
          in     0.00/0.00    0.00/0.00     0.00/0.00    0.00/0.00
sdp2pdp_pd[3]
          in     0.00/0.00    0.00/0.00     0.00/0.00    0.00/0.00
sdp2pdp_pd[4]
          in     0.00/0.00    0.00/0.00     0.00/0.00    0.00/0.00
sdp2pdp_pd[5]
          in     0.00/0.00    0.00/0.00     0.00/0.00    0.00/0.00
sdp2pdp_pd[6]
          in     0.00/0.00    0.00/0.00     0.00/0.00    0.00/0.00
sdp2pdp_pd[7]
          in     0.00/0.00    0.00/0.00     0.00/0.00    0.00/0.00
sdp2pdp_valid
          in     0.00/0.00    0.00/0.00     0.00/0.00    0.00/0.00
sdp_b2mcif_rd_cdt_lat_fifo_pop
          in     0.00/0.00    0.00/0.00     0.00/0.00    0.00/0.00
sdp_b2mcif_rd_req_pd[0]
          in     0.00/0.00    0.00/0.00     0.00/0.00    0.00/0.00
sdp_b2mcif_rd_req_pd[10]
          in     0.00/0.00    0.00/0.00     0.00/0.00    0.00/0.00
sdp_b2mcif_rd_req_pd[11]
          in     0.00/0.00    0.00/0.00     0.00/0.00    0.00/0.00
sdp_b2mcif_rd_req_pd[12]
          in     0.00/0.00    0.00/0.00     0.00/0.00    0.00/0.00
sdp_b2mcif_rd_req_pd[13]
          in     0.00/0.00    0.00/0.00     0.00/0.00    0.00/0.00
sdp_b2mcif_rd_req_pd[14]
          in     0.00/0.00    0.00/0.00     0.00/0.00    0.00/0.00
sdp_b2mcif_rd_req_pd[15]
          in     0.00/0.00    0.00/0.00     0.00/0.00    0.00/0.00
sdp_b2mcif_rd_req_pd[16]
          in     0.00/0.00    0.00/0.00     0.00/0.00    0.00/0.00
sdp_b2mcif_rd_req_pd[17]
          in     0.00/0.00    0.00/0.00     0.00/0.00    0.00/0.00
sdp_b2mcif_rd_req_pd[18]
          in     0.00/0.00    0.00/0.00     0.00/0.00    0.00/0.00
sdp_b2mcif_rd_req_pd[19]
          in     0.00/0.00    0.00/0.00     0.00/0.00    0.00/0.00
sdp_b2mcif_rd_req_pd[1]
          in     0.00/0.00    0.00/0.00     0.00/0.00    0.00/0.00
sdp_b2mcif_rd_req_pd[20]
          in     0.00/0.00    0.00/0.00     0.00/0.00    0.00/0.00
sdp_b2mcif_rd_req_pd[21]
          in     0.00/0.00    0.00/0.00     0.00/0.00    0.00/0.00
sdp_b2mcif_rd_req_pd[22]
          in     0.00/0.00    0.00/0.00     0.00/0.00    0.00/0.00
sdp_b2mcif_rd_req_pd[23]
          in     0.00/0.00    0.00/0.00     0.00/0.00    0.00/0.00
sdp_b2mcif_rd_req_pd[24]
          in     0.00/0.00    0.00/0.00     0.00/0.00    0.00/0.00
sdp_b2mcif_rd_req_pd[25]
          in     0.00/0.00    0.00/0.00     0.00/0.00    0.00/0.00
sdp_b2mcif_rd_req_pd[26]
          in     0.00/0.00    0.00/0.00     0.00/0.00    0.00/0.00
sdp_b2mcif_rd_req_pd[27]
          in     0.00/0.00    0.00/0.00     0.00/0.00    0.00/0.00
sdp_b2mcif_rd_req_pd[28]
          in     0.00/0.00    0.00/0.00     0.00/0.00    0.00/0.00
sdp_b2mcif_rd_req_pd[29]
          in     0.00/0.00    0.00/0.00     0.00/0.00    0.00/0.00
sdp_b2mcif_rd_req_pd[2]
          in     0.00/0.00    0.00/0.00     0.00/0.00    0.00/0.00
sdp_b2mcif_rd_req_pd[30]
          in     0.00/0.00    0.00/0.00     0.00/0.00    0.00/0.00
sdp_b2mcif_rd_req_pd[31]
          in     0.00/0.00    0.00/0.00     0.00/0.00    0.00/0.00
sdp_b2mcif_rd_req_pd[32]
          in     0.00/0.00    0.00/0.00     0.00/0.00    0.00/0.00
sdp_b2mcif_rd_req_pd[33]
          in     0.00/0.00    0.00/0.00     0.00/0.00    0.00/0.00
sdp_b2mcif_rd_req_pd[34]
          in     0.00/0.00    0.00/0.00     0.00/0.00    0.00/0.00
sdp_b2mcif_rd_req_pd[35]
          in     0.00/0.00    0.00/0.00     0.00/0.00    0.00/0.00
sdp_b2mcif_rd_req_pd[36]
          in     0.00/0.00    0.00/0.00     0.00/0.00    0.00/0.00
sdp_b2mcif_rd_req_pd[37]
          in     0.00/0.00    0.00/0.00     0.00/0.00    0.00/0.00
sdp_b2mcif_rd_req_pd[38]
          in     0.00/0.00    0.00/0.00     0.00/0.00    0.00/0.00
sdp_b2mcif_rd_req_pd[39]
          in     0.00/0.00    0.00/0.00     0.00/0.00    0.00/0.00
sdp_b2mcif_rd_req_pd[3]
          in     0.00/0.00    0.00/0.00     0.00/0.00    0.00/0.00
sdp_b2mcif_rd_req_pd[40]
          in     0.00/0.00    0.00/0.00     0.00/0.00    0.00/0.00
sdp_b2mcif_rd_req_pd[41]
          in     0.00/0.00    0.00/0.00     0.00/0.00    0.00/0.00
sdp_b2mcif_rd_req_pd[42]
          in     0.00/0.00    0.00/0.00     0.00/0.00    0.00/0.00
sdp_b2mcif_rd_req_pd[43]
          in     0.00/0.00    0.00/0.00     0.00/0.00    0.00/0.00
sdp_b2mcif_rd_req_pd[44]
          in     0.00/0.00    0.00/0.00     0.00/0.00    0.00/0.00
sdp_b2mcif_rd_req_pd[45]
          in     0.00/0.00    0.00/0.00     0.00/0.00    0.00/0.00
sdp_b2mcif_rd_req_pd[46]
          in     0.00/0.00    0.00/0.00     0.00/0.00    0.00/0.00
sdp_b2mcif_rd_req_pd[4]
          in     0.00/0.00    0.00/0.00     0.00/0.00    0.00/0.00
sdp_b2mcif_rd_req_pd[5]
          in     0.00/0.00    0.00/0.00     0.00/0.00    0.00/0.00
sdp_b2mcif_rd_req_pd[6]
          in     0.00/0.00    0.00/0.00     0.00/0.00    0.00/0.00
sdp_b2mcif_rd_req_pd[7]
          in     0.00/0.00    0.00/0.00     0.00/0.00    0.00/0.00
sdp_b2mcif_rd_req_pd[8]
          in     0.00/0.00    0.00/0.00     0.00/0.00    0.00/0.00
sdp_b2mcif_rd_req_pd[9]
          in     0.00/0.00    0.00/0.00     0.00/0.00    0.00/0.00
sdp_b2mcif_rd_req_valid
          in     0.00/0.00    0.00/0.00     0.00/0.00    0.00/0.00
sdp_n2mcif_rd_cdt_lat_fifo_pop
          in     0.00/0.00    0.00/0.00     0.00/0.00    0.00/0.00
sdp_n2mcif_rd_req_pd[0]
          in     0.00/0.00    0.00/0.00     0.00/0.00    0.00/0.00
sdp_n2mcif_rd_req_pd[10]
          in     0.00/0.00    0.00/0.00     0.00/0.00    0.00/0.00
sdp_n2mcif_rd_req_pd[11]
          in     0.00/0.00    0.00/0.00     0.00/0.00    0.00/0.00
sdp_n2mcif_rd_req_pd[12]
          in     0.00/0.00    0.00/0.00     0.00/0.00    0.00/0.00
sdp_n2mcif_rd_req_pd[13]
          in     0.00/0.00    0.00/0.00     0.00/0.00    0.00/0.00
sdp_n2mcif_rd_req_pd[14]
          in     0.00/0.00    0.00/0.00     0.00/0.00    0.00/0.00
sdp_n2mcif_rd_req_pd[15]
          in     0.00/0.00    0.00/0.00     0.00/0.00    0.00/0.00
sdp_n2mcif_rd_req_pd[16]
          in     0.00/0.00    0.00/0.00     0.00/0.00    0.00/0.00
sdp_n2mcif_rd_req_pd[17]
          in     0.00/0.00    0.00/0.00     0.00/0.00    0.00/0.00
sdp_n2mcif_rd_req_pd[18]
          in     0.00/0.00    0.00/0.00     0.00/0.00    0.00/0.00
sdp_n2mcif_rd_req_pd[19]
          in     0.00/0.00    0.00/0.00     0.00/0.00    0.00/0.00
sdp_n2mcif_rd_req_pd[1]
          in     0.00/0.00    0.00/0.00     0.00/0.00    0.00/0.00
sdp_n2mcif_rd_req_pd[20]
          in     0.00/0.00    0.00/0.00     0.00/0.00    0.00/0.00
sdp_n2mcif_rd_req_pd[21]
          in     0.00/0.00    0.00/0.00     0.00/0.00    0.00/0.00
sdp_n2mcif_rd_req_pd[22]
          in     0.00/0.00    0.00/0.00     0.00/0.00    0.00/0.00
sdp_n2mcif_rd_req_pd[23]
          in     0.00/0.00    0.00/0.00     0.00/0.00    0.00/0.00
sdp_n2mcif_rd_req_pd[24]
          in     0.00/0.00    0.00/0.00     0.00/0.00    0.00/0.00
sdp_n2mcif_rd_req_pd[25]
          in     0.00/0.00    0.00/0.00     0.00/0.00    0.00/0.00
sdp_n2mcif_rd_req_pd[26]
          in     0.00/0.00    0.00/0.00     0.00/0.00    0.00/0.00
sdp_n2mcif_rd_req_pd[27]
          in     0.00/0.00    0.00/0.00     0.00/0.00    0.00/0.00
sdp_n2mcif_rd_req_pd[28]
          in     0.00/0.00    0.00/0.00     0.00/0.00    0.00/0.00
sdp_n2mcif_rd_req_pd[29]
          in     0.00/0.00    0.00/0.00     0.00/0.00    0.00/0.00
sdp_n2mcif_rd_req_pd[2]
          in     0.00/0.00    0.00/0.00     0.00/0.00    0.00/0.00
sdp_n2mcif_rd_req_pd[30]
          in     0.00/0.00    0.00/0.00     0.00/0.00    0.00/0.00
sdp_n2mcif_rd_req_pd[31]
          in     0.00/0.00    0.00/0.00     0.00/0.00    0.00/0.00
sdp_n2mcif_rd_req_pd[32]
          in     0.00/0.00    0.00/0.00     0.00/0.00    0.00/0.00
sdp_n2mcif_rd_req_pd[33]
          in     0.00/0.00    0.00/0.00     0.00/0.00    0.00/0.00
sdp_n2mcif_rd_req_pd[34]
          in     0.00/0.00    0.00/0.00     0.00/0.00    0.00/0.00
sdp_n2mcif_rd_req_pd[35]
          in     0.00/0.00    0.00/0.00     0.00/0.00    0.00/0.00
sdp_n2mcif_rd_req_pd[36]
          in     0.00/0.00    0.00/0.00     0.00/0.00    0.00/0.00
sdp_n2mcif_rd_req_pd[37]
          in     0.00/0.00    0.00/0.00     0.00/0.00    0.00/0.00
sdp_n2mcif_rd_req_pd[38]
          in     0.00/0.00    0.00/0.00     0.00/0.00    0.00/0.00
sdp_n2mcif_rd_req_pd[39]
          in     0.00/0.00    0.00/0.00     0.00/0.00    0.00/0.00
sdp_n2mcif_rd_req_pd[3]
          in     0.00/0.00    0.00/0.00     0.00/0.00    0.00/0.00
sdp_n2mcif_rd_req_pd[40]
          in     0.00/0.00    0.00/0.00     0.00/0.00    0.00/0.00
sdp_n2mcif_rd_req_pd[41]
          in     0.00/0.00    0.00/0.00     0.00/0.00    0.00/0.00
sdp_n2mcif_rd_req_pd[42]
          in     0.00/0.00    0.00/0.00     0.00/0.00    0.00/0.00
sdp_n2mcif_rd_req_pd[43]
          in     0.00/0.00    0.00/0.00     0.00/0.00    0.00/0.00
sdp_n2mcif_rd_req_pd[44]
          in     0.00/0.00    0.00/0.00     0.00/0.00    0.00/0.00
sdp_n2mcif_rd_req_pd[45]
          in     0.00/0.00    0.00/0.00     0.00/0.00    0.00/0.00
sdp_n2mcif_rd_req_pd[46]
          in     0.00/0.00    0.00/0.00     0.00/0.00    0.00/0.00
sdp_n2mcif_rd_req_pd[4]
          in     0.00/0.00    0.00/0.00     0.00/0.00    0.00/0.00
sdp_n2mcif_rd_req_pd[5]
          in     0.00/0.00    0.00/0.00     0.00/0.00    0.00/0.00
sdp_n2mcif_rd_req_pd[6]
          in     0.00/0.00    0.00/0.00     0.00/0.00    0.00/0.00
sdp_n2mcif_rd_req_pd[7]
          in     0.00/0.00    0.00/0.00     0.00/0.00    0.00/0.00
sdp_n2mcif_rd_req_pd[8]
          in     0.00/0.00    0.00/0.00     0.00/0.00    0.00/0.00
sdp_n2mcif_rd_req_pd[9]
          in     0.00/0.00    0.00/0.00     0.00/0.00    0.00/0.00
sdp_n2mcif_rd_req_valid
          in     0.00/0.00    0.00/0.00     0.00/0.00    0.00/0.00
sdp_rdma2csb_resp_pd[0]
          in     0.00/0.00    0.00/0.00     0.00/0.00    0.00/0.00
sdp_rdma2csb_resp_pd[10]
          in     0.00/0.00    0.00/0.00     0.00/0.00    0.00/0.00
sdp_rdma2csb_resp_pd[11]
          in     0.00/0.00    0.00/0.00     0.00/0.00    0.00/0.00
sdp_rdma2csb_resp_pd[12]
          in     0.00/0.00    0.00/0.00     0.00/0.00    0.00/0.00
sdp_rdma2csb_resp_pd[13]
          in     0.00/0.00    0.00/0.00     0.00/0.00    0.00/0.00
sdp_rdma2csb_resp_pd[14]
          in     0.00/0.00    0.00/0.00     0.00/0.00    0.00/0.00
sdp_rdma2csb_resp_pd[15]
          in     0.00/0.00    0.00/0.00     0.00/0.00    0.00/0.00
sdp_rdma2csb_resp_pd[16]
          in     0.00/0.00    0.00/0.00     0.00/0.00    0.00/0.00
sdp_rdma2csb_resp_pd[17]
          in     0.00/0.00    0.00/0.00     0.00/0.00    0.00/0.00
sdp_rdma2csb_resp_pd[18]
          in     0.00/0.00    0.00/0.00     0.00/0.00    0.00/0.00
sdp_rdma2csb_resp_pd[19]
          in     0.00/0.00    0.00/0.00     0.00/0.00    0.00/0.00
sdp_rdma2csb_resp_pd[1]
          in     0.00/0.00    0.00/0.00     0.00/0.00    0.00/0.00
sdp_rdma2csb_resp_pd[20]
          in     0.00/0.00    0.00/0.00     0.00/0.00    0.00/0.00
sdp_rdma2csb_resp_pd[21]
          in     0.00/0.00    0.00/0.00     0.00/0.00    0.00/0.00
sdp_rdma2csb_resp_pd[22]
          in     0.00/0.00    0.00/0.00     0.00/0.00    0.00/0.00
sdp_rdma2csb_resp_pd[23]
          in     0.00/0.00    0.00/0.00     0.00/0.00    0.00/0.00
sdp_rdma2csb_resp_pd[24]
          in     0.00/0.00    0.00/0.00     0.00/0.00    0.00/0.00
sdp_rdma2csb_resp_pd[25]
          in     0.00/0.00    0.00/0.00     0.00/0.00    0.00/0.00
sdp_rdma2csb_resp_pd[26]
          in     0.00/0.00    0.00/0.00     0.00/0.00    0.00/0.00
sdp_rdma2csb_resp_pd[27]
          in     0.00/0.00    0.00/0.00     0.00/0.00    0.00/0.00
sdp_rdma2csb_resp_pd[28]
          in     0.00/0.00    0.00/0.00     0.00/0.00    0.00/0.00
sdp_rdma2csb_resp_pd[29]
          in     0.00/0.00    0.00/0.00     0.00/0.00    0.00/0.00
sdp_rdma2csb_resp_pd[2]
          in     0.00/0.00    0.00/0.00     0.00/0.00    0.00/0.00
sdp_rdma2csb_resp_pd[30]
          in     0.00/0.00    0.00/0.00     0.00/0.00    0.00/0.00
sdp_rdma2csb_resp_pd[31]
          in     0.00/0.00    0.00/0.00     0.00/0.00    0.00/0.00
sdp_rdma2csb_resp_pd[32]
          in     0.00/0.00    0.00/0.00     0.00/0.00    0.00/0.00
sdp_rdma2csb_resp_pd[33]
          in     0.00/0.00    0.00/0.00     0.00/0.00    0.00/0.00
sdp_rdma2csb_resp_pd[3]
          in     0.00/0.00    0.00/0.00     0.00/0.00    0.00/0.00
sdp_rdma2csb_resp_pd[4]
          in     0.00/0.00    0.00/0.00     0.00/0.00    0.00/0.00
sdp_rdma2csb_resp_pd[5]
          in     0.00/0.00    0.00/0.00     0.00/0.00    0.00/0.00
sdp_rdma2csb_resp_pd[6]
          in     0.00/0.00    0.00/0.00     0.00/0.00    0.00/0.00
sdp_rdma2csb_resp_pd[7]
          in     0.00/0.00    0.00/0.00     0.00/0.00    0.00/0.00
sdp_rdma2csb_resp_pd[8]
          in     0.00/0.00    0.00/0.00     0.00/0.00    0.00/0.00
sdp_rdma2csb_resp_pd[9]
          in     0.00/0.00    0.00/0.00     0.00/0.00    0.00/0.00
sdp_rdma2csb_resp_valid
          in     0.00/0.00    0.00/0.00     0.00/0.00    0.00/0.00
test_mode in     0.00/0.00    0.00/0.00     0.00/0.00    0.00/0.00
tmc2slcg_disable_clock_gating
          in     0.00/0.00    0.00/0.00     0.00/0.00    0.00/0.00
1
