#@ # 
#@ # Running icc2_lm_shell Version O-2018.06-SP1 for linux64 -- Jul 17, 2018
#@ # Date:   Thu Jun 18 22:44:16 2026
#@ # Run by: ICer@IC_EDA
#@ 

# ########################################## #
# =============== WorkSpace  =============== #
# ########################################## #
# -- Depend on  (technology file ) process of creating a reference library
set tech_file "/home/ICer/Downloads/SAED32/saed32nm_1p9m_mw.tf"
create_workspace -flow exploration -technology $tech_file saed32nm_std_ndm
# and filler cells \are not accidentally dropped during the NDM creation.
set_app_options -list {lib.workspace.keep_all_physical_cells {true}   }
# Creates the view used for routing and placement.
set_app_options -list {lib.workspace.save_design_views       {true}   }
# Creates the view used for GDS export and DRC.
set_app_options -list {lib.workspace.save_layout_views       {true}   }
# Allows the tool to write/modify data in the workspace.
set_app_options -list {design.enable_lib_cell_editing        {mutable}}
read_db  "/home/ICer/Downloads/SAED32/STD/saed32rvt_ss0p95vn40c.db"
read_db  "/home/ICer/Downloads/SAED32/STD/saed32rvt_ff1p16v125c.db"
read_lef  "/home/ICer/Downloads/SAED32/lef/saed32nm_rvt_1p9m.lef"
read_lef  "/home/ICer/Downloads/SAED32/saed32nm_rvt_1p9m.lef"
group_libs
process_workspaces  -directory /home/ICer/EDA_projects/NVDLA/nv_small/PnR/1_ndm/std_ndm/ndm
