****************************************
Report : constraint
        -all_violators
Design : NV_NVDLA_partition_o
Version: O-2018.06-SP1
Date   : Mon Aug 24 05:21:06 2026
****************************************

   late_timing
   -----------

Information: Timer using 'SI, Timing Window Analysis, CRPR'. (TIM-050)
Endpoint                         Path Delay     Path Required       CRP    Slack Group    Scenario
----------------------------------------------------------------------------------------------------------
No paths.

   early_timing
   -----------

Information: Timer using 'SI, Timing Window Analysis, CRPR'. (TIM-050)
Endpoint                         Path Delay     Path Required       CRP    Slack Group    Scenario
----------------------------------------------------------------------------------------------------------
No paths.

   Mode: func Corner: slow_cmax
   Scenario: func_slow_cmax
  ---------------------------------------------------------------------------
   Number of max_transition violation(s): 0

   Mode: func Corner: slow_cmax
   Scenario: func_slow_cmax
  ---------------------------------------------------------------------------
   Number of max_capacitance violation(s): 0


   Mode: func Corner: slow_cmax
   Scenario: func_slow_cmax
  ---------------------------------------------------------------------------
   Number of min_capacitance violation(s): 0

   Total number of violation(s): 0
1
