Using libraries: NV_NVDLA_partition_o.dlib saed32sram_c saed32nm_std_ndm_physical_only saed32rvt_c
Warning: In library NV_NVDLA_partition_o.dlib, no block views exist for block NV_NVDLA_partition_o. (LNK-064)
Warning: In library NV_NVDLA_partition_o.dlib, no block views exist for block NV_NVDLA_partition_o_routing. (LNK-064)
Warning: In library NV_NVDLA_partition_o.dlib, no block views exist for block NV_NVDLA_partition_o_eng_elgammal_cts. (LNK-064)
Visiting block NV_NVDLA_partition_o.dlib:NV_NVDLA_partition_o_routing_f_optv1.design
Design 'NV_NVDLA_partition_o' was successfully linked.
****************************************
Report : qor
Design : NV_NVDLA_partition_o
Version: O-2018.06-SP1
Date   : Mon Aug 24 03:55:59 2026
****************************************
Information: Timer using 'SI, Timing Window Analysis, CRPR'. (TIM-050)
************************************************************
Timer Settings:
Delay Calculation Style:                   auto
Signal Integrity Analysis:                 enabled
Timing Window Analysis:                    enabled
Advanced Waveform Propagation:             disabled
Variation Type:                            fixed_derate
Clock Reconvergence Pessimism Removal:     enabled
Advanced Receiver Model:                   disabled
************************************************************
Warning: Corner fast_cmin:  0 process number, 3 process label, 0 voltage, and 0 temperature mismatches. (PVT-030)
Warning: 249073 cells affected for early, 249073 for late. (PVT-031)
Warning: 757 port driving_cells affected for early, 757 for late. (PVT-034)
Warning: Corner slow_cmax:  0 process number, 3 process label, 0 voltage, and 0 temperature mismatches. (PVT-030)
Warning: 249073 cells affected for early, 249073 for late. (PVT-031)
Warning: 759 port driving_cells affected for early, 759 for late. (PVT-034)
Information: The stitching and editing of coupling caps is turned ON for design 'NV_NVDLA_partition_o.dlib:NV_NVDLA_partition_o_routing_f_optv1.design'. (TIM-125)
Information: Design NV_NVDLA_partition_o_routing_f_optv1 has 237972 nets, 0 global routed, 237970 detail routed. (NEX-024)
Warning: Technology layer 'MRDL' setting 'routing-direction' is not valid (NEX-001)
Begin building search trees for block NV_NVDLA_partition_o.dlib:NV_NVDLA_partition_o_routing_f_optv1.design
Done building search trees for block NV_NVDLA_partition_o.dlib:NV_NVDLA_partition_o_routing_f_optv1.design (time 6s)
Information: The RC mode used is DR for design 'NV_NVDLA_partition_o'. (NEX-022)
---extraction options---
Corner: slow_cmax
 late_cap_scale                : 1
 late_res_scale                : 1
 late_ccap_scale               : 1
 early_cap_scale               : 1
 early_res_scale               : 1
 early_ccap_scale              : 1
Corner: fast_cmin
 late_cap_scale                : 1
 late_res_scale                : 1
 late_ccap_scale               : 1
 early_cap_scale               : 1
 early_res_scale               : 1
 early_ccap_scale              : 1
Global options:
 late_ccap_threshold       : 0.003pf
 late_ccap_ratio           : 0.03
 reference_direction       : use_from_tluplus
 real_metalfill_extraction : none
 virtual_shield_extraction : true
---app options---
 host.max_cores                   : 1
 extract.connect_open           : true
 extract.incremental_extraction : true
 extract.enable_coupling_cap    : true
Extracting design: NV_NVDLA_partition_o_routing_f_optv1 
Information: coupling capacitance is created explicitly. (NEX-029)
Information: 237970 nets are successfully extracted. (NEX-028)
Information: Advanced receiver model has not been enabled for detailed routed design. (TIM-204)
Information: Update timing completed net estimation for all the timing graph nets (TIM-111)
Information: Net estimation statistics: timing graph nets = 237970, routed nets = 237970, across physical hierarchy nets = 0, parasitics cached nets = 237970, delay annotated nets = 0, parasitics annotated nets = 0, multi-voltage nets = 0. (TIM-112)


Scenario           'func_fast_cmin'
Timing Path Group  'nvdla_core_clk'
----------------------------------------
Levels of Logic:                     76
Critical Path Length:              2.14
Critical Path Slack:               3.59
Critical Path Clk Period:         12.00
Total Negative Slack:              0.00
No. of Violating Paths:               0
Worst Hold Violation:              0.00
Total Hold Violation:              0.00
No. of Hold Violations:               0
----------------------------------------

Scenario           'func_fast_cmin'
Timing Path Group  'nvdla_falcon_clk'
----------------------------------------
Levels of Logic:                      9
Critical Path Length:              0.38
Critical Path Slack:               1.48
Critical Path Clk Period:          4.00
Total Negative Slack:              0.00
No. of Violating Paths:               0
Worst Hold Violation:              0.00
Total Hold Violation:              0.00
No. of Hold Violations:               0
----------------------------------------

Scenario           'func_slow_cmax'
Timing Path Group  'nvdla_core_clk'
----------------------------------------
Levels of Logic:                     77
Critical Path Length:              5.71
Critical Path Slack:               0.01
Critical Path Clk Period:         12.00
Total Negative Slack:              0.00
No. of Violating Paths:               0
Worst Hold Violation:              0.00
Total Hold Violation:              0.00
No. of Hold Violations:               0
----------------------------------------

Scenario           'func_slow_cmax'
Timing Path Group  'nvdla_falcon_clk'
----------------------------------------
Levels of Logic:                      9
Critical Path Length:              1.19
Critical Path Slack:               0.62
Critical Path Clk Period:          4.00
Total Negative Slack:              0.00
No. of Violating Paths:               0
Worst Hold Violation:              0.00
Total Hold Violation:              0.00
No. of Hold Violations:               0
----------------------------------------


Cell Count
----------------------------------------
Hierarchical Cell Count:            123
Hierarchical Port Count:            123
Leaf Cell Count:                 232035
Buf/Inv Cell Count:               93654
Buf Cell Count:                   66064
Inv Cell Count:                   27590
CT Buf/Inv Cell Count:                0
Combinational Cell Count:        194784
Sequential Cell Count:            37251
Macro Count:                         25
----------------------------------------


Area
----------------------------------------
Combinational Area:           660820.65
Noncombinational Area:        256650.88
Buf/Inv Area:                 405901.77
Total Buffer Area:            359456.19
Total Inverter Area:           46445.58
Macro/Black Box Area:         316260.49
Net Area:                             0
Net XLength:                       0.00
Net YLength:                       0.00
----------------------------------------
Cell Area (netlist):                        1233732.02
Cell Area (netlist and physical only):      1255382.55
Net Length:                        0.00


Design Rules
----------------------------------------
Total Number of Nets:            238679
Nets with Violations:                 0
Max Trans Violations:                 0
Max Cap Violations:                   0
----------------------------------------

1
