****************************************
Report : report_utilization
Design : NV_NVDLA_partition_o
Version: O-2018.06-SP1
Date   : Mon Jul  6 16:51:58 2026
****************************************
Utilization Ratio:			0.3181
Utilization options:
 - Area calculation based on:		site_row of block NV_NVDLA_partition_o_powerplan
 - Categories of objects excluded:	hard_macros macro_keepouts soft_macros io_cells hard_blockages 
Total Area:				2112661.9670
Total Capacity Area:			1664807.8853
Total Area of cells:			529497.0792
Area of excluded objects:
 - hard_macros         :		317909.4920
 - macro_keepouts      :		1356.8748
 - soft_macros         :		0.0000
 - io_cells            :		0.0000
 - hard_blockages      :		447854.0817

Utilization of site-rows with:
 - Site 'unit':				0.3181

0.3181
