****************************************
Report : port
Module : NV_NVDLA_partition_o
Mode   : func
Corner : slow_cmax
Scenario: func_slow_cmax
Version: O-2018.06-SP1
Date   : Wed Jul  1 23:47:23 2026
****************************************
                      Pin Cap                    Wire Cap
                   Min          Max           Min          Max
Port      Dir    rise/fall    rise/fall     rise/fall    rise/fall    Attributes
--------------------------------------------------------------------------------
cdma_dat2mcif_rd_req_ready
          out    0.05/0.05    0.05/0.05     0.00/0.00    0.00/0.00
cdma_wt2mcif_rd_req_ready
          out    0.05/0.05    0.05/0.05     0.00/0.00    0.00/0.00
core_intr out    0.05/0.05    0.05/0.05     0.00/0.00    0.00/0.00
csb2cacc_req_pd[0]
          out    0.05/0.05    0.05/0.05     0.00/0.00    0.00/0.00
csb2cacc_req_pd[10]
          out    0.05/0.05    0.05/0.05     0.00/0.00    0.00/0.00
csb2cacc_req_pd[11]
          out    0.05/0.05    0.05/0.05     0.00/0.00    0.00/0.00
csb2cacc_req_pd[12]
          out    0.05/0.05    0.05/0.05     0.00/0.00    0.00/0.00
csb2cacc_req_pd[13]
          out    0.05/0.05    0.05/0.05     0.00/0.00    0.00/0.00
csb2cacc_req_pd[14]
          out    0.05/0.05    0.05/0.05     0.00/0.00    0.00/0.00
csb2cacc_req_pd[15]
          out    0.05/0.05    0.05/0.05     0.00/0.00    0.00/0.00
csb2cacc_req_pd[16]
          out    0.05/0.05    0.05/0.05     0.00/0.00    0.00/0.00
csb2cacc_req_pd[17]
          out    0.05/0.05    0.05/0.05     0.00/0.00    0.00/0.00
csb2cacc_req_pd[18]
          out    0.05/0.05    0.05/0.05     0.00/0.00    0.00/0.00
csb2cacc_req_pd[19]
          out    0.05/0.05    0.05/0.05     0.00/0.00    0.00/0.00
csb2cacc_req_pd[1]
          out    0.05/0.05    0.05/0.05     0.00/0.00    0.00/0.00
csb2cacc_req_pd[20]
          out    0.05/0.05    0.05/0.05     0.00/0.00    0.00/0.00
csb2cacc_req_pd[21]
          out    0.05/0.05    0.05/0.05     0.00/0.00    0.00/0.00
csb2cacc_req_pd[22]
          out    0.05/0.05    0.05/0.05     0.00/0.00    0.00/0.00
csb2cacc_req_pd[23]
          out    0.05/0.05    0.05/0.05     0.00/0.00    0.00/0.00
csb2cacc_req_pd[24]
          out    0.05/0.05    0.05/0.05     0.00/0.00    0.00/0.00
csb2cacc_req_pd[25]
          out    0.05/0.05    0.05/0.05     0.00/0.00    0.00/0.00
csb2cacc_req_pd[26]
          out    0.05/0.05    0.05/0.05     0.00/0.00    0.00/0.00
csb2cacc_req_pd[27]
          out    0.05/0.05    0.05/0.05     0.00/0.00    0.00/0.00
csb2cacc_req_pd[28]
          out    0.05/0.05    0.05/0.05     0.00/0.00    0.00/0.00
csb2cacc_req_pd[29]
          out    0.05/0.05    0.05/0.05     0.00/0.00    0.00/0.00
csb2cacc_req_pd[2]
          out    0.05/0.05    0.05/0.05     0.00/0.00    0.00/0.00
csb2cacc_req_pd[30]
          out    0.05/0.05    0.05/0.05     0.00/0.00    0.00/0.00
csb2cacc_req_pd[31]
          out    0.05/0.05    0.05/0.05     0.00/0.00    0.00/0.00
csb2cacc_req_pd[32]
          out    0.05/0.05    0.05/0.05     0.00/0.00    0.00/0.00
csb2cacc_req_pd[33]
          out    0.05/0.05    0.05/0.05     0.00/0.00    0.00/0.00
csb2cacc_req_pd[34]
          out    0.05/0.05    0.05/0.05     0.00/0.00    0.00/0.00
csb2cacc_req_pd[35]
          out    0.05/0.05    0.05/0.05     0.00/0.00    0.00/0.00
csb2cacc_req_pd[36]
          out    0.05/0.05    0.05/0.05     0.00/0.00    0.00/0.00
csb2cacc_req_pd[37]
          out    0.05/0.05    0.05/0.05     0.00/0.00    0.00/0.00
csb2cacc_req_pd[38]
          out    0.05/0.05    0.05/0.05     0.00/0.00    0.00/0.00
csb2cacc_req_pd[39]
          out    0.05/0.05    0.05/0.05     0.00/0.00    0.00/0.00
csb2cacc_req_pd[3]
          out    0.05/0.05    0.05/0.05     0.00/0.00    0.00/0.00
csb2cacc_req_pd[40]
          out    0.05/0.05    0.05/0.05     0.00/0.00    0.00/0.00
csb2cacc_req_pd[41]
          out    0.05/0.05    0.05/0.05     0.00/0.00    0.00/0.00
csb2cacc_req_pd[42]
          out    0.05/0.05    0.05/0.05     0.00/0.00    0.00/0.00
csb2cacc_req_pd[43]
          out    0.05/0.05    0.05/0.05     0.00/0.00    0.00/0.00
csb2cacc_req_pd[44]
          out    0.05/0.05    0.05/0.05     0.00/0.00    0.00/0.00
csb2cacc_req_pd[45]
          out    0.05/0.05    0.05/0.05     0.00/0.00    0.00/0.00
csb2cacc_req_pd[46]
          out    0.05/0.05    0.05/0.05     0.00/0.00    0.00/0.00
csb2cacc_req_pd[47]
          out    0.05/0.05    0.05/0.05     0.00/0.00    0.00/0.00
csb2cacc_req_pd[48]
          out    0.05/0.05    0.05/0.05     0.00/0.00    0.00/0.00
csb2cacc_req_pd[49]
          out    0.05/0.05    0.05/0.05     0.00/0.00    0.00/0.00
csb2cacc_req_pd[4]
          out    0.05/0.05    0.05/0.05     0.00/0.00    0.00/0.00
csb2cacc_req_pd[50]
          out    0.05/0.05    0.05/0.05     0.00/0.00    0.00/0.00
csb2cacc_req_pd[51]
          out    0.05/0.05    0.05/0.05     0.00/0.00    0.00/0.00
csb2cacc_req_pd[52]
          out    0.05/0.05    0.05/0.05     0.00/0.00    0.00/0.00
csb2cacc_req_pd[53]
          out    0.05/0.05    0.05/0.05     0.00/0.00    0.00/0.00
csb2cacc_req_pd[54]
          out    0.05/0.05    0.05/0.05     0.00/0.00    0.00/0.00
csb2cacc_req_pd[55]
          out    0.05/0.05    0.05/0.05     0.00/0.00    0.00/0.00
csb2cacc_req_pd[56]
          out    0.05/0.05    0.05/0.05     0.00/0.00    0.00/0.00
csb2cacc_req_pd[57]
          out    0.05/0.05    0.05/0.05     0.00/0.00    0.00/0.00
csb2cacc_req_pd[58]
          out    0.05/0.05    0.05/0.05     0.00/0.00    0.00/0.00
csb2cacc_req_pd[59]
          out    0.05/0.05    0.05/0.05     0.00/0.00    0.00/0.00
csb2cacc_req_pd[5]
          out    0.05/0.05    0.05/0.05     0.00/0.00    0.00/0.00
csb2cacc_req_pd[60]
          out    0.05/0.05    0.05/0.05     0.00/0.00    0.00/0.00
csb2cacc_req_pd[61]
          out    0.05/0.05    0.05/0.05     0.00/0.00    0.00/0.00
csb2cacc_req_pd[62]
          out    0.05/0.05    0.05/0.05     0.00/0.00    0.00/0.00
csb2cacc_req_pd[6]
          out    0.05/0.05    0.05/0.05     0.00/0.00    0.00/0.00
csb2cacc_req_pd[7]
          out    0.05/0.05    0.05/0.05     0.00/0.00    0.00/0.00
csb2cacc_req_pd[8]
          out    0.05/0.05    0.05/0.05     0.00/0.00    0.00/0.00
csb2cacc_req_pd[9]
          out    0.05/0.05    0.05/0.05     0.00/0.00    0.00/0.00
csb2cacc_req_pvld
          out    0.05/0.05    0.05/0.05     0.00/0.00    0.00/0.00
csb2cdma_req_pd[0]
          out    0.05/0.05    0.05/0.05     0.00/0.00    0.00/0.00
csb2cdma_req_pd[10]
          out    0.05/0.05    0.05/0.05     0.00/0.00    0.00/0.00
csb2cdma_req_pd[11]
          out    0.05/0.05    0.05/0.05     0.00/0.00    0.00/0.00
csb2cdma_req_pd[12]
          out    0.05/0.05    0.05/0.05     0.00/0.00    0.00/0.00
csb2cdma_req_pd[13]
          out    0.05/0.05    0.05/0.05     0.00/0.00    0.00/0.00
csb2cdma_req_pd[14]
          out    0.05/0.05    0.05/0.05     0.00/0.00    0.00/0.00
csb2cdma_req_pd[15]
          out    0.05/0.05    0.05/0.05     0.00/0.00    0.00/0.00
csb2cdma_req_pd[16]
          out    0.05/0.05    0.05/0.05     0.00/0.00    0.00/0.00
csb2cdma_req_pd[17]
          out    0.05/0.05    0.05/0.05     0.00/0.00    0.00/0.00
csb2cdma_req_pd[18]
          out    0.05/0.05    0.05/0.05     0.00/0.00    0.00/0.00
csb2cdma_req_pd[19]
          out    0.05/0.05    0.05/0.05     0.00/0.00    0.00/0.00
csb2cdma_req_pd[1]
          out    0.05/0.05    0.05/0.05     0.00/0.00    0.00/0.00
csb2cdma_req_pd[20]
          out    0.05/0.05    0.05/0.05     0.00/0.00    0.00/0.00
csb2cdma_req_pd[21]
          out    0.05/0.05    0.05/0.05     0.00/0.00    0.00/0.00
csb2cdma_req_pd[22]
          out    0.05/0.05    0.05/0.05     0.00/0.00    0.00/0.00
csb2cdma_req_pd[23]
          out    0.05/0.05    0.05/0.05     0.00/0.00    0.00/0.00
csb2cdma_req_pd[24]
          out    0.05/0.05    0.05/0.05     0.00/0.00    0.00/0.00
csb2cdma_req_pd[25]
          out    0.05/0.05    0.05/0.05     0.00/0.00    0.00/0.00
csb2cdma_req_pd[26]
          out    0.05/0.05    0.05/0.05     0.00/0.00    0.00/0.00
csb2cdma_req_pd[27]
          out    0.05/0.05    0.05/0.05     0.00/0.00    0.00/0.00
csb2cdma_req_pd[28]
          out    0.05/0.05    0.05/0.05     0.00/0.00    0.00/0.00
csb2cdma_req_pd[29]
          out    0.05/0.05    0.05/0.05     0.00/0.00    0.00/0.00
csb2cdma_req_pd[2]
          out    0.05/0.05    0.05/0.05     0.00/0.00    0.00/0.00
csb2cdma_req_pd[30]
          out    0.05/0.05    0.05/0.05     0.00/0.00    0.00/0.00
csb2cdma_req_pd[31]
          out    0.05/0.05    0.05/0.05     0.00/0.00    0.00/0.00
csb2cdma_req_pd[32]
          out    0.05/0.05    0.05/0.05     0.00/0.00    0.00/0.00
csb2cdma_req_pd[33]
          out    0.05/0.05    0.05/0.05     0.00/0.00    0.00/0.00
csb2cdma_req_pd[34]
          out    0.05/0.05    0.05/0.05     0.00/0.00    0.00/0.00
csb2cdma_req_pd[35]
          out    0.05/0.05    0.05/0.05     0.00/0.00    0.00/0.00
csb2cdma_req_pd[36]
          out    0.05/0.05    0.05/0.05     0.00/0.00    0.00/0.00
csb2cdma_req_pd[37]
          out    0.05/0.05    0.05/0.05     0.00/0.00    0.00/0.00
csb2cdma_req_pd[38]
          out    0.05/0.05    0.05/0.05     0.00/0.00    0.00/0.00
csb2cdma_req_pd[39]
          out    0.05/0.05    0.05/0.05     0.00/0.00    0.00/0.00
csb2cdma_req_pd[3]
          out    0.05/0.05    0.05/0.05     0.00/0.00    0.00/0.00
csb2cdma_req_pd[40]
          out    0.05/0.05    0.05/0.05     0.00/0.00    0.00/0.00
csb2cdma_req_pd[41]
          out    0.05/0.05    0.05/0.05     0.00/0.00    0.00/0.00
csb2cdma_req_pd[42]
          out    0.05/0.05    0.05/0.05     0.00/0.00    0.00/0.00
csb2cdma_req_pd[43]
          out    0.05/0.05    0.05/0.05     0.00/0.00    0.00/0.00
csb2cdma_req_pd[44]
          out    0.05/0.05    0.05/0.05     0.00/0.00    0.00/0.00
csb2cdma_req_pd[45]
          out    0.05/0.05    0.05/0.05     0.00/0.00    0.00/0.00
csb2cdma_req_pd[46]
          out    0.05/0.05    0.05/0.05     0.00/0.00    0.00/0.00
csb2cdma_req_pd[47]
          out    0.05/0.05    0.05/0.05     0.00/0.00    0.00/0.00
csb2cdma_req_pd[48]
          out    0.05/0.05    0.05/0.05     0.00/0.00    0.00/0.00
csb2cdma_req_pd[49]
          out    0.05/0.05    0.05/0.05     0.00/0.00    0.00/0.00
csb2cdma_req_pd[4]
          out    0.05/0.05    0.05/0.05     0.00/0.00    0.00/0.00
csb2cdma_req_pd[50]
          out    0.05/0.05    0.05/0.05     0.00/0.00    0.00/0.00
csb2cdma_req_pd[51]
          out    0.05/0.05    0.05/0.05     0.00/0.00    0.00/0.00
csb2cdma_req_pd[52]
          out    0.05/0.05    0.05/0.05     0.00/0.00    0.00/0.00
csb2cdma_req_pd[53]
          out    0.05/0.05    0.05/0.05     0.00/0.00    0.00/0.00
csb2cdma_req_pd[54]
          out    0.05/0.05    0.05/0.05     0.00/0.00    0.00/0.00
csb2cdma_req_pd[55]
          out    0.05/0.05    0.05/0.05     0.00/0.00    0.00/0.00
csb2cdma_req_pd[56]
          out    0.05/0.05    0.05/0.05     0.00/0.00    0.00/0.00
csb2cdma_req_pd[57]
          out    0.05/0.05    0.05/0.05     0.00/0.00    0.00/0.00
csb2cdma_req_pd[58]
          out    0.05/0.05    0.05/0.05     0.00/0.00    0.00/0.00
csb2cdma_req_pd[59]
          out    0.05/0.05    0.05/0.05     0.00/0.00    0.00/0.00
csb2cdma_req_pd[5]
          out    0.05/0.05    0.05/0.05     0.00/0.00    0.00/0.00
csb2cdma_req_pd[60]
          out    0.05/0.05    0.05/0.05     0.00/0.00    0.00/0.00
csb2cdma_req_pd[61]
          out    0.05/0.05    0.05/0.05     0.00/0.00    0.00/0.00
csb2cdma_req_pd[62]
          out    0.05/0.05    0.05/0.05     0.00/0.00    0.00/0.00
csb2cdma_req_pd[6]
          out    0.05/0.05    0.05/0.05     0.00/0.00    0.00/0.00
csb2cdma_req_pd[7]
          out    0.05/0.05    0.05/0.05     0.00/0.00    0.00/0.00
csb2cdma_req_pd[8]
          out    0.05/0.05    0.05/0.05     0.00/0.00    0.00/0.00
csb2cdma_req_pd[9]
          out    0.05/0.05    0.05/0.05     0.00/0.00    0.00/0.00
csb2cdma_req_pvld
          out    0.05/0.05    0.05/0.05     0.00/0.00    0.00/0.00
csb2cmac_a_req_pd[0]
          out    0.05/0.05    0.05/0.05     0.00/0.00    0.00/0.00
csb2cmac_a_req_pd[10]
          out    0.05/0.05    0.05/0.05     0.00/0.00    0.00/0.00
csb2cmac_a_req_pd[11]
          out    0.05/0.05    0.05/0.05     0.00/0.00    0.00/0.00
csb2cmac_a_req_pd[12]
          out    0.05/0.05    0.05/0.05     0.00/0.00    0.00/0.00
csb2cmac_a_req_pd[13]
          out    0.05/0.05    0.05/0.05     0.00/0.00    0.00/0.00
csb2cmac_a_req_pd[14]
          out    0.05/0.05    0.05/0.05     0.00/0.00    0.00/0.00
csb2cmac_a_req_pd[15]
          out    0.05/0.05    0.05/0.05     0.00/0.00    0.00/0.00
csb2cmac_a_req_pd[16]
          out    0.05/0.05    0.05/0.05     0.00/0.00    0.00/0.00
csb2cmac_a_req_pd[17]
          out    0.05/0.05    0.05/0.05     0.00/0.00    0.00/0.00
csb2cmac_a_req_pd[18]
          out    0.05/0.05    0.05/0.05     0.00/0.00    0.00/0.00
csb2cmac_a_req_pd[19]
          out    0.05/0.05    0.05/0.05     0.00/0.00    0.00/0.00
csb2cmac_a_req_pd[1]
          out    0.05/0.05    0.05/0.05     0.00/0.00    0.00/0.00
csb2cmac_a_req_pd[20]
          out    0.05/0.05    0.05/0.05     0.00/0.00    0.00/0.00
csb2cmac_a_req_pd[21]
          out    0.05/0.05    0.05/0.05     0.00/0.00    0.00/0.00
csb2cmac_a_req_pd[22]
          out    0.05/0.05    0.05/0.05     0.00/0.00    0.00/0.00
csb2cmac_a_req_pd[23]
          out    0.05/0.05    0.05/0.05     0.00/0.00    0.00/0.00
csb2cmac_a_req_pd[24]
          out    0.05/0.05    0.05/0.05     0.00/0.00    0.00/0.00
csb2cmac_a_req_pd[25]
          out    0.05/0.05    0.05/0.05     0.00/0.00    0.00/0.00
csb2cmac_a_req_pd[26]
          out    0.05/0.05    0.05/0.05     0.00/0.00    0.00/0.00
csb2cmac_a_req_pd[27]
          out    0.05/0.05    0.05/0.05     0.00/0.00    0.00/0.00
csb2cmac_a_req_pd[28]
          out    0.05/0.05    0.05/0.05     0.00/0.00    0.00/0.00
csb2cmac_a_req_pd[29]
          out    0.05/0.05    0.05/0.05     0.00/0.00    0.00/0.00
csb2cmac_a_req_pd[2]
          out    0.05/0.05    0.05/0.05     0.00/0.00    0.00/0.00
csb2cmac_a_req_pd[30]
          out    0.05/0.05    0.05/0.05     0.00/0.00    0.00/0.00
csb2cmac_a_req_pd[31]
          out    0.05/0.05    0.05/0.05     0.00/0.00    0.00/0.00
csb2cmac_a_req_pd[32]
          out    0.05/0.05    0.05/0.05     0.00/0.00    0.00/0.00
csb2cmac_a_req_pd[33]
          out    0.05/0.05    0.05/0.05     0.00/0.00    0.00/0.00
csb2cmac_a_req_pd[34]
          out    0.05/0.05    0.05/0.05     0.00/0.00    0.00/0.00
csb2cmac_a_req_pd[35]
          out    0.05/0.05    0.05/0.05     0.00/0.00    0.00/0.00
csb2cmac_a_req_pd[36]
          out    0.05/0.05    0.05/0.05     0.00/0.00    0.00/0.00
csb2cmac_a_req_pd[37]
          out    0.05/0.05    0.05/0.05     0.00/0.00    0.00/0.00
csb2cmac_a_req_pd[38]
          out    0.05/0.05    0.05/0.05     0.00/0.00    0.00/0.00
csb2cmac_a_req_pd[39]
          out    0.05/0.05    0.05/0.05     0.00/0.00    0.00/0.00
csb2cmac_a_req_pd[3]
          out    0.05/0.05    0.05/0.05     0.00/0.00    0.00/0.00
csb2cmac_a_req_pd[40]
          out    0.05/0.05    0.05/0.05     0.00/0.00    0.00/0.00
csb2cmac_a_req_pd[41]
          out    0.05/0.05    0.05/0.05     0.00/0.00    0.00/0.00
csb2cmac_a_req_pd[42]
          out    0.05/0.05    0.05/0.05     0.00/0.00    0.00/0.00
csb2cmac_a_req_pd[43]
          out    0.05/0.05    0.05/0.05     0.00/0.00    0.00/0.00
csb2cmac_a_req_pd[44]
          out    0.05/0.05    0.05/0.05     0.00/0.00    0.00/0.00
csb2cmac_a_req_pd[45]
          out    0.05/0.05    0.05/0.05     0.00/0.00    0.00/0.00
csb2cmac_a_req_pd[46]
          out    0.05/0.05    0.05/0.05     0.00/0.00    0.00/0.00
csb2cmac_a_req_pd[47]
          out    0.05/0.05    0.05/0.05     0.00/0.00    0.00/0.00
csb2cmac_a_req_pd[48]
          out    0.05/0.05    0.05/0.05     0.00/0.00    0.00/0.00
csb2cmac_a_req_pd[49]
          out    0.05/0.05    0.05/0.05     0.00/0.00    0.00/0.00
csb2cmac_a_req_pd[4]
          out    0.05/0.05    0.05/0.05     0.00/0.00    0.00/0.00
csb2cmac_a_req_pd[50]
          out    0.05/0.05    0.05/0.05     0.00/0.00    0.00/0.00
csb2cmac_a_req_pd[51]
          out    0.05/0.05    0.05/0.05     0.00/0.00    0.00/0.00
csb2cmac_a_req_pd[52]
          out    0.05/0.05    0.05/0.05     0.00/0.00    0.00/0.00
csb2cmac_a_req_pd[53]
          out    0.05/0.05    0.05/0.05     0.00/0.00    0.00/0.00
csb2cmac_a_req_pd[54]
          out    0.05/0.05    0.05/0.05     0.00/0.00    0.00/0.00
csb2cmac_a_req_pd[55]
          out    0.05/0.05    0.05/0.05     0.00/0.00    0.00/0.00
csb2cmac_a_req_pd[56]
          out    0.05/0.05    0.05/0.05     0.00/0.00    0.00/0.00
csb2cmac_a_req_pd[57]
          out    0.05/0.05    0.05/0.05     0.00/0.00    0.00/0.00
csb2cmac_a_req_pd[58]
          out    0.05/0.05    0.05/0.05     0.00/0.00    0.00/0.00
csb2cmac_a_req_pd[59]
          out    0.05/0.05    0.05/0.05     0.00/0.00    0.00/0.00
csb2cmac_a_req_pd[5]
          out    0.05/0.05    0.05/0.05     0.00/0.00    0.00/0.00
csb2cmac_a_req_pd[60]
          out    0.05/0.05    0.05/0.05     0.00/0.00    0.00/0.00
csb2cmac_a_req_pd[61]
          out    0.05/0.05    0.05/0.05     0.00/0.00    0.00/0.00
csb2cmac_a_req_pd[62]
          out    0.05/0.05    0.05/0.05     0.00/0.00    0.00/0.00
csb2cmac_a_req_pd[6]
          out    0.05/0.05    0.05/0.05     0.00/0.00    0.00/0.00
csb2cmac_a_req_pd[7]
          out    0.05/0.05    0.05/0.05     0.00/0.00    0.00/0.00
csb2cmac_a_req_pd[8]
          out    0.05/0.05    0.05/0.05     0.00/0.00    0.00/0.00
csb2cmac_a_req_pd[9]
          out    0.05/0.05    0.05/0.05     0.00/0.00    0.00/0.00
csb2cmac_a_req_pvld
          out    0.05/0.05    0.05/0.05     0.00/0.00    0.00/0.00
csb2cmac_b_req_pd[0]
          out    0.05/0.05    0.05/0.05     0.00/0.00    0.00/0.00
csb2cmac_b_req_pd[10]
          out    0.05/0.05    0.05/0.05     0.00/0.00    0.00/0.00
csb2cmac_b_req_pd[11]
          out    0.05/0.05    0.05/0.05     0.00/0.00    0.00/0.00
csb2cmac_b_req_pd[12]
          out    0.05/0.05    0.05/0.05     0.00/0.00    0.00/0.00
csb2cmac_b_req_pd[13]
          out    0.05/0.05    0.05/0.05     0.00/0.00    0.00/0.00
csb2cmac_b_req_pd[14]
          out    0.05/0.05    0.05/0.05     0.00/0.00    0.00/0.00
csb2cmac_b_req_pd[15]
          out    0.05/0.05    0.05/0.05     0.00/0.00    0.00/0.00
csb2cmac_b_req_pd[16]
          out    0.05/0.05    0.05/0.05     0.00/0.00    0.00/0.00
csb2cmac_b_req_pd[17]
          out    0.05/0.05    0.05/0.05     0.00/0.00    0.00/0.00
csb2cmac_b_req_pd[18]
          out    0.05/0.05    0.05/0.05     0.00/0.00    0.00/0.00
csb2cmac_b_req_pd[19]
          out    0.05/0.05    0.05/0.05     0.00/0.00    0.00/0.00
csb2cmac_b_req_pd[1]
          out    0.05/0.05    0.05/0.05     0.00/0.00    0.00/0.00
csb2cmac_b_req_pd[20]
          out    0.05/0.05    0.05/0.05     0.00/0.00    0.00/0.00
csb2cmac_b_req_pd[21]
          out    0.05/0.05    0.05/0.05     0.00/0.00    0.00/0.00
csb2cmac_b_req_pd[22]
          out    0.05/0.05    0.05/0.05     0.00/0.00    0.00/0.00
csb2cmac_b_req_pd[23]
          out    0.05/0.05    0.05/0.05     0.00/0.00    0.00/0.00
csb2cmac_b_req_pd[24]
          out    0.05/0.05    0.05/0.05     0.00/0.00    0.00/0.00
csb2cmac_b_req_pd[25]
          out    0.05/0.05    0.05/0.05     0.00/0.00    0.00/0.00
csb2cmac_b_req_pd[26]
          out    0.05/0.05    0.05/0.05     0.00/0.00    0.00/0.00
csb2cmac_b_req_pd[27]
          out    0.05/0.05    0.05/0.05     0.00/0.00    0.00/0.00
csb2cmac_b_req_pd[28]
          out    0.05/0.05    0.05/0.05     0.00/0.00    0.00/0.00
csb2cmac_b_req_pd[29]
          out    0.05/0.05    0.05/0.05     0.00/0.00    0.00/0.00
csb2cmac_b_req_pd[2]
          out    0.05/0.05    0.05/0.05     0.00/0.00    0.00/0.00
csb2cmac_b_req_pd[30]
          out    0.05/0.05    0.05/0.05     0.00/0.00    0.00/0.00
csb2cmac_b_req_pd[31]
          out    0.05/0.05    0.05/0.05     0.00/0.00    0.00/0.00
csb2cmac_b_req_pd[32]
          out    0.05/0.05    0.05/0.05     0.00/0.00    0.00/0.00
csb2cmac_b_req_pd[33]
          out    0.05/0.05    0.05/0.05     0.00/0.00    0.00/0.00
csb2cmac_b_req_pd[34]
          out    0.05/0.05    0.05/0.05     0.00/0.00    0.00/0.00
csb2cmac_b_req_pd[35]
          out    0.05/0.05    0.05/0.05     0.00/0.00    0.00/0.00
csb2cmac_b_req_pd[36]
          out    0.05/0.05    0.05/0.05     0.00/0.00    0.00/0.00
csb2cmac_b_req_pd[37]
          out    0.05/0.05    0.05/0.05     0.00/0.00    0.00/0.00
csb2cmac_b_req_pd[38]
          out    0.05/0.05    0.05/0.05     0.00/0.00    0.00/0.00
csb2cmac_b_req_pd[39]
          out    0.05/0.05    0.05/0.05     0.00/0.00    0.00/0.00
csb2cmac_b_req_pd[3]
          out    0.05/0.05    0.05/0.05     0.00/0.00    0.00/0.00
csb2cmac_b_req_pd[40]
          out    0.05/0.05    0.05/0.05     0.00/0.00    0.00/0.00
csb2cmac_b_req_pd[41]
          out    0.05/0.05    0.05/0.05     0.00/0.00    0.00/0.00
csb2cmac_b_req_pd[42]
          out    0.05/0.05    0.05/0.05     0.00/0.00    0.00/0.00
csb2cmac_b_req_pd[43]
          out    0.05/0.05    0.05/0.05     0.00/0.00    0.00/0.00
csb2cmac_b_req_pd[44]
          out    0.05/0.05    0.05/0.05     0.00/0.00    0.00/0.00
csb2cmac_b_req_pd[45]
          out    0.05/0.05    0.05/0.05     0.00/0.00    0.00/0.00
csb2cmac_b_req_pd[46]
          out    0.05/0.05    0.05/0.05     0.00/0.00    0.00/0.00
csb2cmac_b_req_pd[47]
          out    0.05/0.05    0.05/0.05     0.00/0.00    0.00/0.00
csb2cmac_b_req_pd[48]
          out    0.05/0.05    0.05/0.05     0.00/0.00    0.00/0.00
csb2cmac_b_req_pd[49]
          out    0.05/0.05    0.05/0.05     0.00/0.00    0.00/0.00
csb2cmac_b_req_pd[4]
          out    0.05/0.05    0.05/0.05     0.00/0.00    0.00/0.00
csb2cmac_b_req_pd[50]
          out    0.05/0.05    0.05/0.05     0.00/0.00    0.00/0.00
csb2cmac_b_req_pd[51]
          out    0.05/0.05    0.05/0.05     0.00/0.00    0.00/0.00
csb2cmac_b_req_pd[52]
          out    0.05/0.05    0.05/0.05     0.00/0.00    0.00/0.00
csb2cmac_b_req_pd[53]
          out    0.05/0.05    0.05/0.05     0.00/0.00    0.00/0.00
csb2cmac_b_req_pd[54]
          out    0.05/0.05    0.05/0.05     0.00/0.00    0.00/0.00
csb2cmac_b_req_pd[55]
          out    0.05/0.05    0.05/0.05     0.00/0.00    0.00/0.00
csb2cmac_b_req_pd[56]
          out    0.05/0.05    0.05/0.05     0.00/0.00    0.00/0.00
csb2cmac_b_req_pd[57]
          out    0.05/0.05    0.05/0.05     0.00/0.00    0.00/0.00
csb2cmac_b_req_pd[58]
          out    0.05/0.05    0.05/0.05     0.00/0.00    0.00/0.00
csb2cmac_b_req_pd[59]
          out    0.05/0.05    0.05/0.05     0.00/0.00    0.00/0.00
csb2cmac_b_req_pd[5]
          out    0.05/0.05    0.05/0.05     0.00/0.00    0.00/0.00
csb2cmac_b_req_pd[60]
          out    0.05/0.05    0.05/0.05     0.00/0.00    0.00/0.00
csb2cmac_b_req_pd[61]
          out    0.05/0.05    0.05/0.05     0.00/0.00    0.00/0.00
csb2cmac_b_req_pd[62]
          out    0.05/0.05    0.05/0.05     0.00/0.00    0.00/0.00
csb2cmac_b_req_pd[6]
          out    0.05/0.05    0.05/0.05     0.00/0.00    0.00/0.00
csb2cmac_b_req_pd[7]
          out    0.05/0.05    0.05/0.05     0.00/0.00    0.00/0.00
csb2cmac_b_req_pd[8]
          out    0.05/0.05    0.05/0.05     0.00/0.00    0.00/0.00
csb2cmac_b_req_pd[9]
          out    0.05/0.05    0.05/0.05     0.00/0.00    0.00/0.00
csb2cmac_b_req_pvld
          out    0.05/0.05    0.05/0.05     0.00/0.00    0.00/0.00
csb2csc_req_pd[0]
          out    0.05/0.05    0.05/0.05     0.00/0.00    0.00/0.00
csb2csc_req_pd[10]
          out    0.05/0.05    0.05/0.05     0.00/0.00    0.00/0.00
csb2csc_req_pd[11]
          out    0.05/0.05    0.05/0.05     0.00/0.00    0.00/0.00
csb2csc_req_pd[12]
          out    0.05/0.05    0.05/0.05     0.00/0.00    0.00/0.00
csb2csc_req_pd[13]
          out    0.05/0.05    0.05/0.05     0.00/0.00    0.00/0.00
csb2csc_req_pd[14]
          out    0.05/0.05    0.05/0.05     0.00/0.00    0.00/0.00
csb2csc_req_pd[15]
          out    0.05/0.05    0.05/0.05     0.00/0.00    0.00/0.00
csb2csc_req_pd[16]
          out    0.05/0.05    0.05/0.05     0.00/0.00    0.00/0.00
csb2csc_req_pd[17]
          out    0.05/0.05    0.05/0.05     0.00/0.00    0.00/0.00
csb2csc_req_pd[18]
          out    0.05/0.05    0.05/0.05     0.00/0.00    0.00/0.00
csb2csc_req_pd[19]
          out    0.05/0.05    0.05/0.05     0.00/0.00    0.00/0.00
csb2csc_req_pd[1]
          out    0.05/0.05    0.05/0.05     0.00/0.00    0.00/0.00
csb2csc_req_pd[20]
          out    0.05/0.05    0.05/0.05     0.00/0.00    0.00/0.00
csb2csc_req_pd[21]
          out    0.05/0.05    0.05/0.05     0.00/0.00    0.00/0.00
csb2csc_req_pd[22]
          out    0.05/0.05    0.05/0.05     0.00/0.00    0.00/0.00
csb2csc_req_pd[23]
          out    0.05/0.05    0.05/0.05     0.00/0.00    0.00/0.00
csb2csc_req_pd[24]
          out    0.05/0.05    0.05/0.05     0.00/0.00    0.00/0.00
csb2csc_req_pd[25]
          out    0.05/0.05    0.05/0.05     0.00/0.00    0.00/0.00
csb2csc_req_pd[26]
          out    0.05/0.05    0.05/0.05     0.00/0.00    0.00/0.00
csb2csc_req_pd[27]
          out    0.05/0.05    0.05/0.05     0.00/0.00    0.00/0.00
csb2csc_req_pd[28]
          out    0.05/0.05    0.05/0.05     0.00/0.00    0.00/0.00
csb2csc_req_pd[29]
          out    0.05/0.05    0.05/0.05     0.00/0.00    0.00/0.00
csb2csc_req_pd[2]
          out    0.05/0.05    0.05/0.05     0.00/0.00    0.00/0.00
csb2csc_req_pd[30]
          out    0.05/0.05    0.05/0.05     0.00/0.00    0.00/0.00
csb2csc_req_pd[31]
          out    0.05/0.05    0.05/0.05     0.00/0.00    0.00/0.00
csb2csc_req_pd[32]
          out    0.05/0.05    0.05/0.05     0.00/0.00    0.00/0.00
csb2csc_req_pd[33]
          out    0.05/0.05    0.05/0.05     0.00/0.00    0.00/0.00
csb2csc_req_pd[34]
          out    0.05/0.05    0.05/0.05     0.00/0.00    0.00/0.00
csb2csc_req_pd[35]
          out    0.05/0.05    0.05/0.05     0.00/0.00    0.00/0.00
csb2csc_req_pd[36]
          out    0.05/0.05    0.05/0.05     0.00/0.00    0.00/0.00
csb2csc_req_pd[37]
          out    0.05/0.05    0.05/0.05     0.00/0.00    0.00/0.00
csb2csc_req_pd[38]
          out    0.05/0.05    0.05/0.05     0.00/0.00    0.00/0.00
csb2csc_req_pd[39]
          out    0.05/0.05    0.05/0.05     0.00/0.00    0.00/0.00
csb2csc_req_pd[3]
          out    0.05/0.05    0.05/0.05     0.00/0.00    0.00/0.00
csb2csc_req_pd[40]
          out    0.05/0.05    0.05/0.05     0.00/0.00    0.00/0.00
csb2csc_req_pd[41]
          out    0.05/0.05    0.05/0.05     0.00/0.00    0.00/0.00
csb2csc_req_pd[42]
          out    0.05/0.05    0.05/0.05     0.00/0.00    0.00/0.00
csb2csc_req_pd[43]
          out    0.05/0.05    0.05/0.05     0.00/0.00    0.00/0.00
csb2csc_req_pd[44]
          out    0.05/0.05    0.05/0.05     0.00/0.00    0.00/0.00
csb2csc_req_pd[45]
          out    0.05/0.05    0.05/0.05     0.00/0.00    0.00/0.00
csb2csc_req_pd[46]
          out    0.05/0.05    0.05/0.05     0.00/0.00    0.00/0.00
csb2csc_req_pd[47]
          out    0.05/0.05    0.05/0.05     0.00/0.00    0.00/0.00
csb2csc_req_pd[48]
          out    0.05/0.05    0.05/0.05     0.00/0.00    0.00/0.00
csb2csc_req_pd[49]
          out    0.05/0.05    0.05/0.05     0.00/0.00    0.00/0.00
csb2csc_req_pd[4]
          out    0.05/0.05    0.05/0.05     0.00/0.00    0.00/0.00
csb2csc_req_pd[50]
          out    0.05/0.05    0.05/0.05     0.00/0.00    0.00/0.00
csb2csc_req_pd[51]
          out    0.05/0.05    0.05/0.05     0.00/0.00    0.00/0.00
csb2csc_req_pd[52]
          out    0.05/0.05    0.05/0.05     0.00/0.00    0.00/0.00
csb2csc_req_pd[53]
          out    0.05/0.05    0.05/0.05     0.00/0.00    0.00/0.00
csb2csc_req_pd[54]
          out    0.05/0.05    0.05/0.05     0.00/0.00    0.00/0.00
csb2csc_req_pd[55]
          out    0.05/0.05    0.05/0.05     0.00/0.00    0.00/0.00
csb2csc_req_pd[56]
          out    0.05/0.05    0.05/0.05     0.00/0.00    0.00/0.00
csb2csc_req_pd[57]
          out    0.05/0.05    0.05/0.05     0.00/0.00    0.00/0.00
csb2csc_req_pd[58]
          out    0.05/0.05    0.05/0.05     0.00/0.00    0.00/0.00
csb2csc_req_pd[59]
          out    0.05/0.05    0.05/0.05     0.00/0.00    0.00/0.00
csb2csc_req_pd[5]
          out    0.05/0.05    0.05/0.05     0.00/0.00    0.00/0.00
csb2csc_req_pd[60]
          out    0.05/0.05    0.05/0.05     0.00/0.00    0.00/0.00
csb2csc_req_pd[61]
          out    0.05/0.05    0.05/0.05     0.00/0.00    0.00/0.00
csb2csc_req_pd[62]
          out    0.05/0.05    0.05/0.05     0.00/0.00    0.00/0.00
csb2csc_req_pd[6]
          out    0.05/0.05    0.05/0.05     0.00/0.00    0.00/0.00
csb2csc_req_pd[7]
          out    0.05/0.05    0.05/0.05     0.00/0.00    0.00/0.00
csb2csc_req_pd[8]
          out    0.05/0.05    0.05/0.05     0.00/0.00    0.00/0.00
csb2csc_req_pd[9]
          out    0.05/0.05    0.05/0.05     0.00/0.00    0.00/0.00
csb2csc_req_pvld
          out    0.05/0.05    0.05/0.05     0.00/0.00    0.00/0.00
csb2nvdla_ready
          out    0.05/0.05    0.05/0.05     0.00/0.00    0.00/0.00
csb2sdp_rdma_req_pd[0]
          out    0.05/0.05    0.05/0.05     0.00/0.00    0.00/0.00
csb2sdp_rdma_req_pd[10]
          out    0.05/0.05    0.05/0.05     0.00/0.00    0.00/0.00
csb2sdp_rdma_req_pd[11]
          out    0.05/0.05    0.05/0.05     0.00/0.00    0.00/0.00
csb2sdp_rdma_req_pd[12]
          out    0.05/0.05    0.05/0.05     0.00/0.00    0.00/0.00
csb2sdp_rdma_req_pd[13]
          out    0.05/0.05    0.05/0.05     0.00/0.00    0.00/0.00
csb2sdp_rdma_req_pd[14]
          out    0.05/0.05    0.05/0.05     0.00/0.00    0.00/0.00
csb2sdp_rdma_req_pd[15]
          out    0.05/0.05    0.05/0.05     0.00/0.00    0.00/0.00
csb2sdp_rdma_req_pd[16]
          out    0.05/0.05    0.05/0.05     0.00/0.00    0.00/0.00
csb2sdp_rdma_req_pd[17]
          out    0.05/0.05    0.05/0.05     0.00/0.00    0.00/0.00
csb2sdp_rdma_req_pd[18]
          out    0.05/0.05    0.05/0.05     0.00/0.00    0.00/0.00
csb2sdp_rdma_req_pd[19]
          out    0.05/0.05    0.05/0.05     0.00/0.00    0.00/0.00
csb2sdp_rdma_req_pd[1]
          out    0.05/0.05    0.05/0.05     0.00/0.00    0.00/0.00
csb2sdp_rdma_req_pd[20]
          out    0.05/0.05    0.05/0.05     0.00/0.00    0.00/0.00
csb2sdp_rdma_req_pd[21]
          out    0.05/0.05    0.05/0.05     0.00/0.00    0.00/0.00
csb2sdp_rdma_req_pd[22]
          out    0.05/0.05    0.05/0.05     0.00/0.00    0.00/0.00
csb2sdp_rdma_req_pd[23]
          out    0.05/0.05    0.05/0.05     0.00/0.00    0.00/0.00
csb2sdp_rdma_req_pd[24]
          out    0.05/0.05    0.05/0.05     0.00/0.00    0.00/0.00
csb2sdp_rdma_req_pd[25]
          out    0.05/0.05    0.05/0.05     0.00/0.00    0.00/0.00
csb2sdp_rdma_req_pd[26]
          out    0.05/0.05    0.05/0.05     0.00/0.00    0.00/0.00
csb2sdp_rdma_req_pd[27]
          out    0.05/0.05    0.05/0.05     0.00/0.00    0.00/0.00
csb2sdp_rdma_req_pd[28]
          out    0.05/0.05    0.05/0.05     0.00/0.00    0.00/0.00
csb2sdp_rdma_req_pd[29]
          out    0.05/0.05    0.05/0.05     0.00/0.00    0.00/0.00
csb2sdp_rdma_req_pd[2]
          out    0.05/0.05    0.05/0.05     0.00/0.00    0.00/0.00
csb2sdp_rdma_req_pd[30]
          out    0.05/0.05    0.05/0.05     0.00/0.00    0.00/0.00
csb2sdp_rdma_req_pd[31]
          out    0.05/0.05    0.05/0.05     0.00/0.00    0.00/0.00
csb2sdp_rdma_req_pd[32]
          out    0.05/0.05    0.05/0.05     0.00/0.00    0.00/0.00
csb2sdp_rdma_req_pd[33]
          out    0.05/0.05    0.05/0.05     0.00/0.00    0.00/0.00
csb2sdp_rdma_req_pd[34]
          out    0.05/0.05    0.05/0.05     0.00/0.00    0.00/0.00
csb2sdp_rdma_req_pd[35]
          out    0.05/0.05    0.05/0.05     0.00/0.00    0.00/0.00
csb2sdp_rdma_req_pd[36]
          out    0.05/0.05    0.05/0.05     0.00/0.00    0.00/0.00
csb2sdp_rdma_req_pd[37]
          out    0.05/0.05    0.05/0.05     0.00/0.00    0.00/0.00
csb2sdp_rdma_req_pd[38]
          out    0.05/0.05    0.05/0.05     0.00/0.00    0.00/0.00
csb2sdp_rdma_req_pd[39]
          out    0.05/0.05    0.05/0.05     0.00/0.00    0.00/0.00
csb2sdp_rdma_req_pd[3]
          out    0.05/0.05    0.05/0.05     0.00/0.00    0.00/0.00
csb2sdp_rdma_req_pd[40]
          out    0.05/0.05    0.05/0.05     0.00/0.00    0.00/0.00
csb2sdp_rdma_req_pd[41]
          out    0.05/0.05    0.05/0.05     0.00/0.00    0.00/0.00
csb2sdp_rdma_req_pd[42]
          out    0.05/0.05    0.05/0.05     0.00/0.00    0.00/0.00
csb2sdp_rdma_req_pd[43]
          out    0.05/0.05    0.05/0.05     0.00/0.00    0.00/0.00
csb2sdp_rdma_req_pd[44]
          out    0.05/0.05    0.05/0.05     0.00/0.00    0.00/0.00
csb2sdp_rdma_req_pd[45]
          out    0.05/0.05    0.05/0.05     0.00/0.00    0.00/0.00
csb2sdp_rdma_req_pd[46]
          out    0.05/0.05    0.05/0.05     0.00/0.00    0.00/0.00
csb2sdp_rdma_req_pd[47]
          out    0.05/0.05    0.05/0.05     0.00/0.00    0.00/0.00
csb2sdp_rdma_req_pd[48]
          out    0.05/0.05    0.05/0.05     0.00/0.00    0.00/0.00
csb2sdp_rdma_req_pd[49]
          out    0.05/0.05    0.05/0.05     0.00/0.00    0.00/0.00
csb2sdp_rdma_req_pd[4]
          out    0.05/0.05    0.05/0.05     0.00/0.00    0.00/0.00
csb2sdp_rdma_req_pd[50]
          out    0.05/0.05    0.05/0.05     0.00/0.00    0.00/0.00
csb2sdp_rdma_req_pd[51]
          out    0.05/0.05    0.05/0.05     0.00/0.00    0.00/0.00
csb2sdp_rdma_req_pd[52]
          out    0.05/0.05    0.05/0.05     0.00/0.00    0.00/0.00
csb2sdp_rdma_req_pd[53]
          out    0.05/0.05    0.05/0.05     0.00/0.00    0.00/0.00
csb2sdp_rdma_req_pd[54]
          out    0.05/0.05    0.05/0.05     0.00/0.00    0.00/0.00
csb2sdp_rdma_req_pd[55]
          out    0.05/0.05    0.05/0.05     0.00/0.00    0.00/0.00
csb2sdp_rdma_req_pd[56]
          out    0.05/0.05    0.05/0.05     0.00/0.00    0.00/0.00
csb2sdp_rdma_req_pd[57]
          out    0.05/0.05    0.05/0.05     0.00/0.00    0.00/0.00
csb2sdp_rdma_req_pd[58]
          out    0.05/0.05    0.05/0.05     0.00/0.00    0.00/0.00
csb2sdp_rdma_req_pd[59]
          out    0.05/0.05    0.05/0.05     0.00/0.00    0.00/0.00
csb2sdp_rdma_req_pd[5]
          out    0.05/0.05    0.05/0.05     0.00/0.00    0.00/0.00
csb2sdp_rdma_req_pd[60]
          out    0.05/0.05    0.05/0.05     0.00/0.00    0.00/0.00
csb2sdp_rdma_req_pd[61]
          out    0.05/0.05    0.05/0.05     0.00/0.00    0.00/0.00
csb2sdp_rdma_req_pd[62]
          out    0.05/0.05    0.05/0.05     0.00/0.00    0.00/0.00
csb2sdp_rdma_req_pd[6]
          out    0.05/0.05    0.05/0.05     0.00/0.00    0.00/0.00
csb2sdp_rdma_req_pd[7]
          out    0.05/0.05    0.05/0.05     0.00/0.00    0.00/0.00
csb2sdp_rdma_req_pd[8]
          out    0.05/0.05    0.05/0.05     0.00/0.00    0.00/0.00
csb2sdp_rdma_req_pd[9]
          out    0.05/0.05    0.05/0.05     0.00/0.00    0.00/0.00
csb2sdp_rdma_req_pvld
          out    0.05/0.05    0.05/0.05     0.00/0.00    0.00/0.00
csb2sdp_req_pd[0]
          out    0.05/0.05    0.05/0.05     0.00/0.00    0.00/0.00
csb2sdp_req_pd[10]
          out    0.05/0.05    0.05/0.05     0.00/0.00    0.00/0.00
csb2sdp_req_pd[11]
          out    0.05/0.05    0.05/0.05     0.00/0.00    0.00/0.00
csb2sdp_req_pd[12]
          out    0.05/0.05    0.05/0.05     0.00/0.00    0.00/0.00
csb2sdp_req_pd[13]
          out    0.05/0.05    0.05/0.05     0.00/0.00    0.00/0.00
csb2sdp_req_pd[14]
          out    0.05/0.05    0.05/0.05     0.00/0.00    0.00/0.00
csb2sdp_req_pd[15]
          out    0.05/0.05    0.05/0.05     0.00/0.00    0.00/0.00
csb2sdp_req_pd[16]
          out    0.05/0.05    0.05/0.05     0.00/0.00    0.00/0.00
csb2sdp_req_pd[17]
          out    0.05/0.05    0.05/0.05     0.00/0.00    0.00/0.00
csb2sdp_req_pd[18]
          out    0.05/0.05    0.05/0.05     0.00/0.00    0.00/0.00
csb2sdp_req_pd[19]
          out    0.05/0.05    0.05/0.05     0.00/0.00    0.00/0.00
csb2sdp_req_pd[1]
          out    0.05/0.05    0.05/0.05     0.00/0.00    0.00/0.00
csb2sdp_req_pd[20]
          out    0.05/0.05    0.05/0.05     0.00/0.00    0.00/0.00
csb2sdp_req_pd[21]
          out    0.05/0.05    0.05/0.05     0.00/0.00    0.00/0.00
csb2sdp_req_pd[22]
          out    0.05/0.05    0.05/0.05     0.00/0.00    0.00/0.00
csb2sdp_req_pd[23]
          out    0.05/0.05    0.05/0.05     0.00/0.00    0.00/0.00
csb2sdp_req_pd[24]
          out    0.05/0.05    0.05/0.05     0.00/0.00    0.00/0.00
csb2sdp_req_pd[25]
          out    0.05/0.05    0.05/0.05     0.00/0.00    0.00/0.00
csb2sdp_req_pd[26]
          out    0.05/0.05    0.05/0.05     0.00/0.00    0.00/0.00
csb2sdp_req_pd[27]
          out    0.05/0.05    0.05/0.05     0.00/0.00    0.00/0.00
csb2sdp_req_pd[28]
          out    0.05/0.05    0.05/0.05     0.00/0.00    0.00/0.00
csb2sdp_req_pd[29]
          out    0.05/0.05    0.05/0.05     0.00/0.00    0.00/0.00
csb2sdp_req_pd[2]
          out    0.05/0.05    0.05/0.05     0.00/0.00    0.00/0.00
csb2sdp_req_pd[30]
          out    0.05/0.05    0.05/0.05     0.00/0.00    0.00/0.00
csb2sdp_req_pd[31]
          out    0.05/0.05    0.05/0.05     0.00/0.00    0.00/0.00
csb2sdp_req_pd[32]
          out    0.05/0.05    0.05/0.05     0.00/0.00    0.00/0.00
csb2sdp_req_pd[33]
          out    0.05/0.05    0.05/0.05     0.00/0.00    0.00/0.00
csb2sdp_req_pd[34]
          out    0.05/0.05    0.05/0.05     0.00/0.00    0.00/0.00
csb2sdp_req_pd[35]
          out    0.05/0.05    0.05/0.05     0.00/0.00    0.00/0.00
csb2sdp_req_pd[36]
          out    0.05/0.05    0.05/0.05     0.00/0.00    0.00/0.00
csb2sdp_req_pd[37]
          out    0.05/0.05    0.05/0.05     0.00/0.00    0.00/0.00
csb2sdp_req_pd[38]
          out    0.05/0.05    0.05/0.05     0.00/0.00    0.00/0.00
csb2sdp_req_pd[39]
          out    0.05/0.05    0.05/0.05     0.00/0.00    0.00/0.00
csb2sdp_req_pd[3]
          out    0.05/0.05    0.05/0.05     0.00/0.00    0.00/0.00
csb2sdp_req_pd[40]
          out    0.05/0.05    0.05/0.05     0.00/0.00    0.00/0.00
csb2sdp_req_pd[41]
          out    0.05/0.05    0.05/0.05     0.00/0.00    0.00/0.00
csb2sdp_req_pd[42]
          out    0.05/0.05    0.05/0.05     0.00/0.00    0.00/0.00
csb2sdp_req_pd[43]
          out    0.05/0.05    0.05/0.05     0.00/0.00    0.00/0.00
csb2sdp_req_pd[44]
          out    0.05/0.05    0.05/0.05     0.00/0.00    0.00/0.00
csb2sdp_req_pd[45]
          out    0.05/0.05    0.05/0.05     0.00/0.00    0.00/0.00
csb2sdp_req_pd[46]
          out    0.05/0.05    0.05/0.05     0.00/0.00    0.00/0.00
csb2sdp_req_pd[47]
          out    0.05/0.05    0.05/0.05     0.00/0.00    0.00/0.00
csb2sdp_req_pd[48]
          out    0.05/0.05    0.05/0.05     0.00/0.00    0.00/0.00
csb2sdp_req_pd[49]
          out    0.05/0.05    0.05/0.05     0.00/0.00    0.00/0.00
csb2sdp_req_pd[4]
          out    0.05/0.05    0.05/0.05     0.00/0.00    0.00/0.00
csb2sdp_req_pd[50]
          out    0.05/0.05    0.05/0.05     0.00/0.00    0.00/0.00
csb2sdp_req_pd[51]
          out    0.05/0.05    0.05/0.05     0.00/0.00    0.00/0.00
csb2sdp_req_pd[52]
          out    0.05/0.05    0.05/0.05     0.00/0.00    0.00/0.00
csb2sdp_req_pd[53]
          out    0.05/0.05    0.05/0.05     0.00/0.00    0.00/0.00
csb2sdp_req_pd[54]
          out    0.05/0.05    0.05/0.05     0.00/0.00    0.00/0.00
csb2sdp_req_pd[55]
          out    0.05/0.05    0.05/0.05     0.00/0.00    0.00/0.00
csb2sdp_req_pd[56]
          out    0.05/0.05    0.05/0.05     0.00/0.00    0.00/0.00
csb2sdp_req_pd[57]
          out    0.05/0.05    0.05/0.05     0.00/0.00    0.00/0.00
csb2sdp_req_pd[58]
          out    0.05/0.05    0.05/0.05     0.00/0.00    0.00/0.00
csb2sdp_req_pd[59]
          out    0.05/0.05    0.05/0.05     0.00/0.00    0.00/0.00
csb2sdp_req_pd[5]
          out    0.05/0.05    0.05/0.05     0.00/0.00    0.00/0.00
csb2sdp_req_pd[60]
          out    0.05/0.05    0.05/0.05     0.00/0.00    0.00/0.00
csb2sdp_req_pd[61]
          out    0.05/0.05    0.05/0.05     0.00/0.00    0.00/0.00
csb2sdp_req_pd[62]
          out    0.05/0.05    0.05/0.05     0.00/0.00    0.00/0.00
csb2sdp_req_pd[6]
          out    0.05/0.05    0.05/0.05     0.00/0.00    0.00/0.00
csb2sdp_req_pd[7]
          out    0.05/0.05    0.05/0.05     0.00/0.00    0.00/0.00
csb2sdp_req_pd[8]
          out    0.05/0.05    0.05/0.05     0.00/0.00    0.00/0.00
csb2sdp_req_pd[9]
          out    0.05/0.05    0.05/0.05     0.00/0.00    0.00/0.00
csb2sdp_req_pvld
          out    0.05/0.05    0.05/0.05     0.00/0.00    0.00/0.00
mcif2cdma_dat_rd_rsp_pd[0]
          out    0.05/0.05    0.05/0.05     0.00/0.00    0.00/0.00
mcif2cdma_dat_rd_rsp_pd[10]
          out    0.05/0.05    0.05/0.05     0.00/0.00    0.00/0.00
mcif2cdma_dat_rd_rsp_pd[11]
          out    0.05/0.05    0.05/0.05     0.00/0.00    0.00/0.00
mcif2cdma_dat_rd_rsp_pd[12]
          out    0.05/0.05    0.05/0.05     0.00/0.00    0.00/0.00
mcif2cdma_dat_rd_rsp_pd[13]
          out    0.05/0.05    0.05/0.05     0.00/0.00    0.00/0.00
mcif2cdma_dat_rd_rsp_pd[14]
          out    0.05/0.05    0.05/0.05     0.00/0.00    0.00/0.00
mcif2cdma_dat_rd_rsp_pd[15]
          out    0.05/0.05    0.05/0.05     0.00/0.00    0.00/0.00
mcif2cdma_dat_rd_rsp_pd[16]
          out    0.05/0.05    0.05/0.05     0.00/0.00    0.00/0.00
mcif2cdma_dat_rd_rsp_pd[17]
          out    0.05/0.05    0.05/0.05     0.00/0.00    0.00/0.00
mcif2cdma_dat_rd_rsp_pd[18]
          out    0.05/0.05    0.05/0.05     0.00/0.00    0.00/0.00
mcif2cdma_dat_rd_rsp_pd[19]
          out    0.05/0.05    0.05/0.05     0.00/0.00    0.00/0.00
mcif2cdma_dat_rd_rsp_pd[1]
          out    0.05/0.05    0.05/0.05     0.00/0.00    0.00/0.00
mcif2cdma_dat_rd_rsp_pd[20]
          out    0.05/0.05    0.05/0.05     0.00/0.00    0.00/0.00
mcif2cdma_dat_rd_rsp_pd[21]
          out    0.05/0.05    0.05/0.05     0.00/0.00    0.00/0.00
mcif2cdma_dat_rd_rsp_pd[22]
          out    0.05/0.05    0.05/0.05     0.00/0.00    0.00/0.00
mcif2cdma_dat_rd_rsp_pd[23]
          out    0.05/0.05    0.05/0.05     0.00/0.00    0.00/0.00
mcif2cdma_dat_rd_rsp_pd[24]
          out    0.05/0.05    0.05/0.05     0.00/0.00    0.00/0.00
mcif2cdma_dat_rd_rsp_pd[25]
          out    0.05/0.05    0.05/0.05     0.00/0.00    0.00/0.00
mcif2cdma_dat_rd_rsp_pd[26]
          out    0.05/0.05    0.05/0.05     0.00/0.00    0.00/0.00
mcif2cdma_dat_rd_rsp_pd[27]
          out    0.05/0.05    0.05/0.05     0.00/0.00    0.00/0.00
mcif2cdma_dat_rd_rsp_pd[28]
          out    0.05/0.05    0.05/0.05     0.00/0.00    0.00/0.00
mcif2cdma_dat_rd_rsp_pd[29]
          out    0.05/0.05    0.05/0.05     0.00/0.00    0.00/0.00
mcif2cdma_dat_rd_rsp_pd[2]
          out    0.05/0.05    0.05/0.05     0.00/0.00    0.00/0.00
mcif2cdma_dat_rd_rsp_pd[30]
          out    0.05/0.05    0.05/0.05     0.00/0.00    0.00/0.00
mcif2cdma_dat_rd_rsp_pd[31]
          out    0.05/0.05    0.05/0.05     0.00/0.00    0.00/0.00
mcif2cdma_dat_rd_rsp_pd[32]
          out    0.05/0.05    0.05/0.05     0.00/0.00    0.00/0.00
mcif2cdma_dat_rd_rsp_pd[33]
          out    0.05/0.05    0.05/0.05     0.00/0.00    0.00/0.00
mcif2cdma_dat_rd_rsp_pd[34]
          out    0.05/0.05    0.05/0.05     0.00/0.00    0.00/0.00
mcif2cdma_dat_rd_rsp_pd[35]
          out    0.05/0.05    0.05/0.05     0.00/0.00    0.00/0.00
mcif2cdma_dat_rd_rsp_pd[36]
          out    0.05/0.05    0.05/0.05     0.00/0.00    0.00/0.00
mcif2cdma_dat_rd_rsp_pd[37]
          out    0.05/0.05    0.05/0.05     0.00/0.00    0.00/0.00
mcif2cdma_dat_rd_rsp_pd[38]
          out    0.05/0.05    0.05/0.05     0.00/0.00    0.00/0.00
mcif2cdma_dat_rd_rsp_pd[39]
          out    0.05/0.05    0.05/0.05     0.00/0.00    0.00/0.00
mcif2cdma_dat_rd_rsp_pd[3]
          out    0.05/0.05    0.05/0.05     0.00/0.00    0.00/0.00
mcif2cdma_dat_rd_rsp_pd[40]
          out    0.05/0.05    0.05/0.05     0.00/0.00    0.00/0.00
mcif2cdma_dat_rd_rsp_pd[41]
          out    0.05/0.05    0.05/0.05     0.00/0.00    0.00/0.00
mcif2cdma_dat_rd_rsp_pd[42]
          out    0.05/0.05    0.05/0.05     0.00/0.00    0.00/0.00
mcif2cdma_dat_rd_rsp_pd[43]
          out    0.05/0.05    0.05/0.05     0.00/0.00    0.00/0.00
mcif2cdma_dat_rd_rsp_pd[44]
          out    0.05/0.05    0.05/0.05     0.00/0.00    0.00/0.00
mcif2cdma_dat_rd_rsp_pd[45]
          out    0.05/0.05    0.05/0.05     0.00/0.00    0.00/0.00
mcif2cdma_dat_rd_rsp_pd[46]
          out    0.05/0.05    0.05/0.05     0.00/0.00    0.00/0.00
mcif2cdma_dat_rd_rsp_pd[47]
          out    0.05/0.05    0.05/0.05     0.00/0.00    0.00/0.00
mcif2cdma_dat_rd_rsp_pd[48]
          out    0.05/0.05    0.05/0.05     0.00/0.00    0.00/0.00
mcif2cdma_dat_rd_rsp_pd[49]
          out    0.05/0.05    0.05/0.05     0.00/0.00    0.00/0.00
mcif2cdma_dat_rd_rsp_pd[4]
          out    0.05/0.05    0.05/0.05     0.00/0.00    0.00/0.00
mcif2cdma_dat_rd_rsp_pd[50]
          out    0.05/0.05    0.05/0.05     0.00/0.00    0.00/0.00
mcif2cdma_dat_rd_rsp_pd[51]
          out    0.05/0.05    0.05/0.05     0.00/0.00    0.00/0.00
mcif2cdma_dat_rd_rsp_pd[52]
          out    0.05/0.05    0.05/0.05     0.00/0.00    0.00/0.00
mcif2cdma_dat_rd_rsp_pd[53]
          out    0.05/0.05    0.05/0.05     0.00/0.00    0.00/0.00
mcif2cdma_dat_rd_rsp_pd[54]
          out    0.05/0.05    0.05/0.05     0.00/0.00    0.00/0.00
mcif2cdma_dat_rd_rsp_pd[55]
          out    0.05/0.05    0.05/0.05     0.00/0.00    0.00/0.00
mcif2cdma_dat_rd_rsp_pd[56]
          out    0.05/0.05    0.05/0.05     0.00/0.00    0.00/0.00
mcif2cdma_dat_rd_rsp_pd[57]
          out    0.05/0.05    0.05/0.05     0.00/0.00    0.00/0.00
mcif2cdma_dat_rd_rsp_pd[58]
          out    0.05/0.05    0.05/0.05     0.00/0.00    0.00/0.00
mcif2cdma_dat_rd_rsp_pd[59]
          out    0.05/0.05    0.05/0.05     0.00/0.00    0.00/0.00
mcif2cdma_dat_rd_rsp_pd[5]
          out    0.05/0.05    0.05/0.05     0.00/0.00    0.00/0.00
mcif2cdma_dat_rd_rsp_pd[60]
          out    0.05/0.05    0.05/0.05     0.00/0.00    0.00/0.00
mcif2cdma_dat_rd_rsp_pd[61]
          out    0.05/0.05    0.05/0.05     0.00/0.00    0.00/0.00
mcif2cdma_dat_rd_rsp_pd[62]
          out    0.05/0.05    0.05/0.05     0.00/0.00    0.00/0.00
mcif2cdma_dat_rd_rsp_pd[63]
          out    0.05/0.05    0.05/0.05     0.00/0.00    0.00/0.00
mcif2cdma_dat_rd_rsp_pd[64]
          out    0.05/0.05    0.05/0.05     0.00/0.00    0.00/0.00
mcif2cdma_dat_rd_rsp_pd[6]
          out    0.05/0.05    0.05/0.05     0.00/0.00    0.00/0.00
mcif2cdma_dat_rd_rsp_pd[7]
          out    0.05/0.05    0.05/0.05     0.00/0.00    0.00/0.00
mcif2cdma_dat_rd_rsp_pd[8]
          out    0.05/0.05    0.05/0.05     0.00/0.00    0.00/0.00
mcif2cdma_dat_rd_rsp_pd[9]
          out    0.05/0.05    0.05/0.05     0.00/0.00    0.00/0.00
mcif2cdma_dat_rd_rsp_valid
          out    0.05/0.05    0.05/0.05     0.00/0.00    0.00/0.00
mcif2cdma_wt_rd_rsp_pd[0]
          out    0.05/0.05    0.05/0.05     0.00/0.00    0.00/0.00
mcif2cdma_wt_rd_rsp_pd[10]
          out    0.05/0.05    0.05/0.05     0.00/0.00    0.00/0.00
mcif2cdma_wt_rd_rsp_pd[11]
          out    0.05/0.05    0.05/0.05     0.00/0.00    0.00/0.00
mcif2cdma_wt_rd_rsp_pd[12]
          out    0.05/0.05    0.05/0.05     0.00/0.00    0.00/0.00
mcif2cdma_wt_rd_rsp_pd[13]
          out    0.05/0.05    0.05/0.05     0.00/0.00    0.00/0.00
mcif2cdma_wt_rd_rsp_pd[14]
          out    0.05/0.05    0.05/0.05     0.00/0.00    0.00/0.00
mcif2cdma_wt_rd_rsp_pd[15]
          out    0.05/0.05    0.05/0.05     0.00/0.00    0.00/0.00
mcif2cdma_wt_rd_rsp_pd[16]
          out    0.05/0.05    0.05/0.05     0.00/0.00    0.00/0.00
mcif2cdma_wt_rd_rsp_pd[17]
          out    0.05/0.05    0.05/0.05     0.00/0.00    0.00/0.00
mcif2cdma_wt_rd_rsp_pd[18]
          out    0.05/0.05    0.05/0.05     0.00/0.00    0.00/0.00
mcif2cdma_wt_rd_rsp_pd[19]
          out    0.05/0.05    0.05/0.05     0.00/0.00    0.00/0.00
mcif2cdma_wt_rd_rsp_pd[1]
          out    0.05/0.05    0.05/0.05     0.00/0.00    0.00/0.00
mcif2cdma_wt_rd_rsp_pd[20]
          out    0.05/0.05    0.05/0.05     0.00/0.00    0.00/0.00
mcif2cdma_wt_rd_rsp_pd[21]
          out    0.05/0.05    0.05/0.05     0.00/0.00    0.00/0.00
mcif2cdma_wt_rd_rsp_pd[22]
          out    0.05/0.05    0.05/0.05     0.00/0.00    0.00/0.00
mcif2cdma_wt_rd_rsp_pd[23]
          out    0.05/0.05    0.05/0.05     0.00/0.00    0.00/0.00
mcif2cdma_wt_rd_rsp_pd[24]
          out    0.05/0.05    0.05/0.05     0.00/0.00    0.00/0.00
mcif2cdma_wt_rd_rsp_pd[25]
          out    0.05/0.05    0.05/0.05     0.00/0.00    0.00/0.00
mcif2cdma_wt_rd_rsp_pd[26]
          out    0.05/0.05    0.05/0.05     0.00/0.00    0.00/0.00
mcif2cdma_wt_rd_rsp_pd[27]
          out    0.05/0.05    0.05/0.05     0.00/0.00    0.00/0.00
mcif2cdma_wt_rd_rsp_pd[28]
          out    0.05/0.05    0.05/0.05     0.00/0.00    0.00/0.00
mcif2cdma_wt_rd_rsp_pd[29]
          out    0.05/0.05    0.05/0.05     0.00/0.00    0.00/0.00
mcif2cdma_wt_rd_rsp_pd[2]
          out    0.05/0.05    0.05/0.05     0.00/0.00    0.00/0.00
mcif2cdma_wt_rd_rsp_pd[30]
          out    0.05/0.05    0.05/0.05     0.00/0.00    0.00/0.00
mcif2cdma_wt_rd_rsp_pd[31]
          out    0.05/0.05    0.05/0.05     0.00/0.00    0.00/0.00
mcif2cdma_wt_rd_rsp_pd[32]
          out    0.05/0.05    0.05/0.05     0.00/0.00    0.00/0.00
mcif2cdma_wt_rd_rsp_pd[33]
          out    0.05/0.05    0.05/0.05     0.00/0.00    0.00/0.00
mcif2cdma_wt_rd_rsp_pd[34]
          out    0.05/0.05    0.05/0.05     0.00/0.00    0.00/0.00
mcif2cdma_wt_rd_rsp_pd[35]
          out    0.05/0.05    0.05/0.05     0.00/0.00    0.00/0.00
mcif2cdma_wt_rd_rsp_pd[36]
          out    0.05/0.05    0.05/0.05     0.00/0.00    0.00/0.00
mcif2cdma_wt_rd_rsp_pd[37]
          out    0.05/0.05    0.05/0.05     0.00/0.00    0.00/0.00
mcif2cdma_wt_rd_rsp_pd[38]
          out    0.05/0.05    0.05/0.05     0.00/0.00    0.00/0.00
mcif2cdma_wt_rd_rsp_pd[39]
          out    0.05/0.05    0.05/0.05     0.00/0.00    0.00/0.00
mcif2cdma_wt_rd_rsp_pd[3]
          out    0.05/0.05    0.05/0.05     0.00/0.00    0.00/0.00
mcif2cdma_wt_rd_rsp_pd[40]
          out    0.05/0.05    0.05/0.05     0.00/0.00    0.00/0.00
mcif2cdma_wt_rd_rsp_pd[41]
          out    0.05/0.05    0.05/0.05     0.00/0.00    0.00/0.00
mcif2cdma_wt_rd_rsp_pd[42]
          out    0.05/0.05    0.05/0.05     0.00/0.00    0.00/0.00
mcif2cdma_wt_rd_rsp_pd[43]
          out    0.05/0.05    0.05/0.05     0.00/0.00    0.00/0.00
mcif2cdma_wt_rd_rsp_pd[44]
          out    0.05/0.05    0.05/0.05     0.00/0.00    0.00/0.00
mcif2cdma_wt_rd_rsp_pd[45]
          out    0.05/0.05    0.05/0.05     0.00/0.00    0.00/0.00
mcif2cdma_wt_rd_rsp_pd[46]
          out    0.05/0.05    0.05/0.05     0.00/0.00    0.00/0.00
mcif2cdma_wt_rd_rsp_pd[47]
          out    0.05/0.05    0.05/0.05     0.00/0.00    0.00/0.00
mcif2cdma_wt_rd_rsp_pd[48]
          out    0.05/0.05    0.05/0.05     0.00/0.00    0.00/0.00
mcif2cdma_wt_rd_rsp_pd[49]
          out    0.05/0.05    0.05/0.05     0.00/0.00    0.00/0.00
mcif2cdma_wt_rd_rsp_pd[4]
          out    0.05/0.05    0.05/0.05     0.00/0.00    0.00/0.00
mcif2cdma_wt_rd_rsp_pd[50]
          out    0.05/0.05    0.05/0.05     0.00/0.00    0.00/0.00
mcif2cdma_wt_rd_rsp_pd[51]
          out    0.05/0.05    0.05/0.05     0.00/0.00    0.00/0.00
mcif2cdma_wt_rd_rsp_pd[52]
          out    0.05/0.05    0.05/0.05     0.00/0.00    0.00/0.00
mcif2cdma_wt_rd_rsp_pd[53]
          out    0.05/0.05    0.05/0.05     0.00/0.00    0.00/0.00
mcif2cdma_wt_rd_rsp_pd[54]
          out    0.05/0.05    0.05/0.05     0.00/0.00    0.00/0.00
mcif2cdma_wt_rd_rsp_pd[55]
          out    0.05/0.05    0.05/0.05     0.00/0.00    0.00/0.00
mcif2cdma_wt_rd_rsp_pd[56]
          out    0.05/0.05    0.05/0.05     0.00/0.00    0.00/0.00
mcif2cdma_wt_rd_rsp_pd[57]
          out    0.05/0.05    0.05/0.05     0.00/0.00    0.00/0.00
mcif2cdma_wt_rd_rsp_pd[58]
          out    0.05/0.05    0.05/0.05     0.00/0.00    0.00/0.00
mcif2cdma_wt_rd_rsp_pd[59]
          out    0.05/0.05    0.05/0.05     0.00/0.00    0.00/0.00
mcif2cdma_wt_rd_rsp_pd[5]
          out    0.05/0.05    0.05/0.05     0.00/0.00    0.00/0.00
mcif2cdma_wt_rd_rsp_pd[60]
          out    0.05/0.05    0.05/0.05     0.00/0.00    0.00/0.00
mcif2cdma_wt_rd_rsp_pd[61]
          out    0.05/0.05    0.05/0.05     0.00/0.00    0.00/0.00
mcif2cdma_wt_rd_rsp_pd[62]
          out    0.05/0.05    0.05/0.05     0.00/0.00    0.00/0.00
mcif2cdma_wt_rd_rsp_pd[63]
          out    0.05/0.05    0.05/0.05     0.00/0.00    0.00/0.00
mcif2cdma_wt_rd_rsp_pd[64]
          out    0.05/0.05    0.05/0.05     0.00/0.00    0.00/0.00
mcif2cdma_wt_rd_rsp_pd[6]
          out    0.05/0.05    0.05/0.05     0.00/0.00    0.00/0.00
mcif2cdma_wt_rd_rsp_pd[7]
          out    0.05/0.05    0.05/0.05     0.00/0.00    0.00/0.00
mcif2cdma_wt_rd_rsp_pd[8]
          out    0.05/0.05    0.05/0.05     0.00/0.00    0.00/0.00
mcif2cdma_wt_rd_rsp_pd[9]
          out    0.05/0.05    0.05/0.05     0.00/0.00    0.00/0.00
mcif2cdma_wt_rd_rsp_valid
          out    0.05/0.05    0.05/0.05     0.00/0.00    0.00/0.00
mcif2noc_axi_ar_araddr[0]
          out    0.05/0.05    0.05/0.05     0.00/0.00    0.00/0.00
mcif2noc_axi_ar_araddr[10]
          out    0.05/0.05    0.05/0.05     0.00/0.00    0.00/0.00
mcif2noc_axi_ar_araddr[11]
          out    0.05/0.05    0.05/0.05     0.00/0.00    0.00/0.00
mcif2noc_axi_ar_araddr[12]
          out    0.05/0.05    0.05/0.05     0.00/0.00    0.00/0.00
mcif2noc_axi_ar_araddr[13]
          out    0.05/0.05    0.05/0.05     0.00/0.00    0.00/0.00
mcif2noc_axi_ar_araddr[14]
          out    0.05/0.05    0.05/0.05     0.00/0.00    0.00/0.00
mcif2noc_axi_ar_araddr[15]
          out    0.05/0.05    0.05/0.05     0.00/0.00    0.00/0.00
mcif2noc_axi_ar_araddr[16]
          out    0.05/0.05    0.05/0.05     0.00/0.00    0.00/0.00
mcif2noc_axi_ar_araddr[17]
          out    0.05/0.05    0.05/0.05     0.00/0.00    0.00/0.00
mcif2noc_axi_ar_araddr[18]
          out    0.05/0.05    0.05/0.05     0.00/0.00    0.00/0.00
mcif2noc_axi_ar_araddr[19]
          out    0.05/0.05    0.05/0.05     0.00/0.00    0.00/0.00
mcif2noc_axi_ar_araddr[1]
          out    0.05/0.05    0.05/0.05     0.00/0.00    0.00/0.00
mcif2noc_axi_ar_araddr[20]
          out    0.05/0.05    0.05/0.05     0.00/0.00    0.00/0.00
mcif2noc_axi_ar_araddr[21]
          out    0.05/0.05    0.05/0.05     0.00/0.00    0.00/0.00
mcif2noc_axi_ar_araddr[22]
          out    0.05/0.05    0.05/0.05     0.00/0.00    0.00/0.00
mcif2noc_axi_ar_araddr[23]
          out    0.05/0.05    0.05/0.05     0.00/0.00    0.00/0.00
mcif2noc_axi_ar_araddr[24]
          out    0.05/0.05    0.05/0.05     0.00/0.00    0.00/0.00
mcif2noc_axi_ar_araddr[25]
          out    0.05/0.05    0.05/0.05     0.00/0.00    0.00/0.00
mcif2noc_axi_ar_araddr[26]
          out    0.05/0.05    0.05/0.05     0.00/0.00    0.00/0.00
mcif2noc_axi_ar_araddr[27]
          out    0.05/0.05    0.05/0.05     0.00/0.00    0.00/0.00
mcif2noc_axi_ar_araddr[28]
          out    0.05/0.05    0.05/0.05     0.00/0.00    0.00/0.00
mcif2noc_axi_ar_araddr[29]
          out    0.05/0.05    0.05/0.05     0.00/0.00    0.00/0.00
mcif2noc_axi_ar_araddr[2]
          out    0.05/0.05    0.05/0.05     0.00/0.00    0.00/0.00
mcif2noc_axi_ar_araddr[30]
          out    0.05/0.05    0.05/0.05     0.00/0.00    0.00/0.00
mcif2noc_axi_ar_araddr[31]
          out    0.05/0.05    0.05/0.05     0.00/0.00    0.00/0.00
mcif2noc_axi_ar_araddr[3]
          out    0.05/0.05    0.05/0.05     0.00/0.00    0.00/0.00
mcif2noc_axi_ar_araddr[4]
          out    0.05/0.05    0.05/0.05     0.00/0.00    0.00/0.00
mcif2noc_axi_ar_araddr[5]
          out    0.05/0.05    0.05/0.05     0.00/0.00    0.00/0.00
mcif2noc_axi_ar_araddr[6]
          out    0.05/0.05    0.05/0.05     0.00/0.00    0.00/0.00
mcif2noc_axi_ar_araddr[7]
          out    0.05/0.05    0.05/0.05     0.00/0.00    0.00/0.00
mcif2noc_axi_ar_araddr[8]
          out    0.05/0.05    0.05/0.05     0.00/0.00    0.00/0.00
mcif2noc_axi_ar_araddr[9]
          out    0.05/0.05    0.05/0.05     0.00/0.00    0.00/0.00
mcif2noc_axi_ar_arid[0]
          out    0.05/0.05    0.05/0.05     0.00/0.00    0.00/0.00
mcif2noc_axi_ar_arid[1]
          out    0.05/0.05    0.05/0.05     0.00/0.00    0.00/0.00
mcif2noc_axi_ar_arid[2]
          out    0.05/0.05    0.05/0.05     0.00/0.00    0.00/0.00
mcif2noc_axi_ar_arid[3]
          out    0.05/0.05    0.05/0.05     0.00/0.00    0.00/0.00
mcif2noc_axi_ar_arid[4]
          out    0.05/0.05    0.05/0.05     0.00/0.00    0.00/0.00
mcif2noc_axi_ar_arid[5]
          out    0.05/0.05    0.05/0.05     0.00/0.00    0.00/0.00
mcif2noc_axi_ar_arid[6]
          out    0.05/0.05    0.05/0.05     0.00/0.00    0.00/0.00
mcif2noc_axi_ar_arid[7]
          out    0.05/0.05    0.05/0.05     0.00/0.00    0.00/0.00
mcif2noc_axi_ar_arlen[0]
          out    0.05/0.05    0.05/0.05     0.00/0.00    0.00/0.00
mcif2noc_axi_ar_arlen[1]
          out    0.05/0.05    0.05/0.05     0.00/0.00    0.00/0.00
mcif2noc_axi_ar_arlen[2]
          out    0.05/0.05    0.05/0.05     0.00/0.00    0.00/0.00
mcif2noc_axi_ar_arlen[3]
          out    0.05/0.05    0.05/0.05     0.00/0.00    0.00/0.00
mcif2noc_axi_ar_arvalid
          out    0.05/0.05    0.05/0.05     0.00/0.00    0.00/0.00
mcif2noc_axi_aw_awaddr[0]
          out    0.05/0.05    0.05/0.05     0.00/0.00    0.00/0.00
mcif2noc_axi_aw_awaddr[10]
          out    0.05/0.05    0.05/0.05     0.00/0.00    0.00/0.00
mcif2noc_axi_aw_awaddr[11]
          out    0.05/0.05    0.05/0.05     0.00/0.00    0.00/0.00
mcif2noc_axi_aw_awaddr[12]
          out    0.05/0.05    0.05/0.05     0.00/0.00    0.00/0.00
mcif2noc_axi_aw_awaddr[13]
          out    0.05/0.05    0.05/0.05     0.00/0.00    0.00/0.00
mcif2noc_axi_aw_awaddr[14]
          out    0.05/0.05    0.05/0.05     0.00/0.00    0.00/0.00
mcif2noc_axi_aw_awaddr[15]
          out    0.05/0.05    0.05/0.05     0.00/0.00    0.00/0.00
mcif2noc_axi_aw_awaddr[16]
          out    0.05/0.05    0.05/0.05     0.00/0.00    0.00/0.00
mcif2noc_axi_aw_awaddr[17]
          out    0.05/0.05    0.05/0.05     0.00/0.00    0.00/0.00
mcif2noc_axi_aw_awaddr[18]
          out    0.05/0.05    0.05/0.05     0.00/0.00    0.00/0.00
mcif2noc_axi_aw_awaddr[19]
          out    0.05/0.05    0.05/0.05     0.00/0.00    0.00/0.00
mcif2noc_axi_aw_awaddr[1]
          out    0.05/0.05    0.05/0.05     0.00/0.00    0.00/0.00
mcif2noc_axi_aw_awaddr[20]
          out    0.05/0.05    0.05/0.05     0.00/0.00    0.00/0.00
mcif2noc_axi_aw_awaddr[21]
          out    0.05/0.05    0.05/0.05     0.00/0.00    0.00/0.00
mcif2noc_axi_aw_awaddr[22]
          out    0.05/0.05    0.05/0.05     0.00/0.00    0.00/0.00
mcif2noc_axi_aw_awaddr[23]
          out    0.05/0.05    0.05/0.05     0.00/0.00    0.00/0.00
mcif2noc_axi_aw_awaddr[24]
          out    0.05/0.05    0.05/0.05     0.00/0.00    0.00/0.00
mcif2noc_axi_aw_awaddr[25]
          out    0.05/0.05    0.05/0.05     0.00/0.00    0.00/0.00
mcif2noc_axi_aw_awaddr[26]
          out    0.05/0.05    0.05/0.05     0.00/0.00    0.00/0.00
mcif2noc_axi_aw_awaddr[27]
          out    0.05/0.05    0.05/0.05     0.00/0.00    0.00/0.00
mcif2noc_axi_aw_awaddr[28]
          out    0.05/0.05    0.05/0.05     0.00/0.00    0.00/0.00
mcif2noc_axi_aw_awaddr[29]
          out    0.05/0.05    0.05/0.05     0.00/0.00    0.00/0.00
mcif2noc_axi_aw_awaddr[2]
          out    0.05/0.05    0.05/0.05     0.00/0.00    0.00/0.00
mcif2noc_axi_aw_awaddr[30]
          out    0.05/0.05    0.05/0.05     0.00/0.00    0.00/0.00
mcif2noc_axi_aw_awaddr[31]
          out    0.05/0.05    0.05/0.05     0.00/0.00    0.00/0.00
mcif2noc_axi_aw_awaddr[3]
          out    0.05/0.05    0.05/0.05     0.00/0.00    0.00/0.00
mcif2noc_axi_aw_awaddr[4]
          out    0.05/0.05    0.05/0.05     0.00/0.00    0.00/0.00
mcif2noc_axi_aw_awaddr[5]
          out    0.05/0.05    0.05/0.05     0.00/0.00    0.00/0.00
mcif2noc_axi_aw_awaddr[6]
          out    0.05/0.05    0.05/0.05     0.00/0.00    0.00/0.00
mcif2noc_axi_aw_awaddr[7]
          out    0.05/0.05    0.05/0.05     0.00/0.00    0.00/0.00
mcif2noc_axi_aw_awaddr[8]
          out    0.05/0.05    0.05/0.05     0.00/0.00    0.00/0.00
mcif2noc_axi_aw_awaddr[9]
          out    0.05/0.05    0.05/0.05     0.00/0.00    0.00/0.00
mcif2noc_axi_aw_awid[0]
          out    0.05/0.05    0.05/0.05     0.00/0.00    0.00/0.00
mcif2noc_axi_aw_awid[1]
          out    0.05/0.05    0.05/0.05     0.00/0.00    0.00/0.00
mcif2noc_axi_aw_awid[2]
          out    0.05/0.05    0.05/0.05     0.00/0.00    0.00/0.00
mcif2noc_axi_aw_awid[3]
          out    0.05/0.05    0.05/0.05     0.00/0.00    0.00/0.00
mcif2noc_axi_aw_awid[4]
          out    0.05/0.05    0.05/0.05     0.00/0.00    0.00/0.00
mcif2noc_axi_aw_awid[5]
          out    0.05/0.05    0.05/0.05     0.00/0.00    0.00/0.00
mcif2noc_axi_aw_awid[6]
          out    0.05/0.05    0.05/0.05     0.00/0.00    0.00/0.00
mcif2noc_axi_aw_awid[7]
          out    0.05/0.05    0.05/0.05     0.00/0.00    0.00/0.00
mcif2noc_axi_aw_awlen[0]
          out    0.05/0.05    0.05/0.05     0.00/0.00    0.00/0.00
mcif2noc_axi_aw_awlen[1]
          out    0.05/0.05    0.05/0.05     0.00/0.00    0.00/0.00
mcif2noc_axi_aw_awlen[2]
          out    0.05/0.05    0.05/0.05     0.00/0.00    0.00/0.00
mcif2noc_axi_aw_awlen[3]
          out    0.05/0.05    0.05/0.05     0.00/0.00    0.00/0.00
mcif2noc_axi_aw_awvalid
          out    0.05/0.05    0.05/0.05     0.00/0.00    0.00/0.00
mcif2noc_axi_w_wdata[0]
          out    0.05/0.05    0.05/0.05     0.00/0.00    0.00/0.00
mcif2noc_axi_w_wdata[10]
          out    0.05/0.05    0.05/0.05     0.00/0.00    0.00/0.00
mcif2noc_axi_w_wdata[11]
          out    0.05/0.05    0.05/0.05     0.00/0.00    0.00/0.00
mcif2noc_axi_w_wdata[12]
          out    0.05/0.05    0.05/0.05     0.00/0.00    0.00/0.00
mcif2noc_axi_w_wdata[13]
          out    0.05/0.05    0.05/0.05     0.00/0.00    0.00/0.00
mcif2noc_axi_w_wdata[14]
          out    0.05/0.05    0.05/0.05     0.00/0.00    0.00/0.00
mcif2noc_axi_w_wdata[15]
          out    0.05/0.05    0.05/0.05     0.00/0.00    0.00/0.00
mcif2noc_axi_w_wdata[16]
          out    0.05/0.05    0.05/0.05     0.00/0.00    0.00/0.00
mcif2noc_axi_w_wdata[17]
          out    0.05/0.05    0.05/0.05     0.00/0.00    0.00/0.00
mcif2noc_axi_w_wdata[18]
          out    0.05/0.05    0.05/0.05     0.00/0.00    0.00/0.00
mcif2noc_axi_w_wdata[19]
          out    0.05/0.05    0.05/0.05     0.00/0.00    0.00/0.00
mcif2noc_axi_w_wdata[1]
          out    0.05/0.05    0.05/0.05     0.00/0.00    0.00/0.00
mcif2noc_axi_w_wdata[20]
          out    0.05/0.05    0.05/0.05     0.00/0.00    0.00/0.00
mcif2noc_axi_w_wdata[21]
          out    0.05/0.05    0.05/0.05     0.00/0.00    0.00/0.00
mcif2noc_axi_w_wdata[22]
          out    0.05/0.05    0.05/0.05     0.00/0.00    0.00/0.00
mcif2noc_axi_w_wdata[23]
          out    0.05/0.05    0.05/0.05     0.00/0.00    0.00/0.00
mcif2noc_axi_w_wdata[24]
          out    0.05/0.05    0.05/0.05     0.00/0.00    0.00/0.00
mcif2noc_axi_w_wdata[25]
          out    0.05/0.05    0.05/0.05     0.00/0.00    0.00/0.00
mcif2noc_axi_w_wdata[26]
          out    0.05/0.05    0.05/0.05     0.00/0.00    0.00/0.00
mcif2noc_axi_w_wdata[27]
          out    0.05/0.05    0.05/0.05     0.00/0.00    0.00/0.00
mcif2noc_axi_w_wdata[28]
          out    0.05/0.05    0.05/0.05     0.00/0.00    0.00/0.00
mcif2noc_axi_w_wdata[29]
          out    0.05/0.05    0.05/0.05     0.00/0.00    0.00/0.00
mcif2noc_axi_w_wdata[2]
          out    0.05/0.05    0.05/0.05     0.00/0.00    0.00/0.00
mcif2noc_axi_w_wdata[30]
          out    0.05/0.05    0.05/0.05     0.00/0.00    0.00/0.00
mcif2noc_axi_w_wdata[31]
          out    0.05/0.05    0.05/0.05     0.00/0.00    0.00/0.00
mcif2noc_axi_w_wdata[32]
          out    0.05/0.05    0.05/0.05     0.00/0.00    0.00/0.00
mcif2noc_axi_w_wdata[33]
          out    0.05/0.05    0.05/0.05     0.00/0.00    0.00/0.00
mcif2noc_axi_w_wdata[34]
          out    0.05/0.05    0.05/0.05     0.00/0.00    0.00/0.00
mcif2noc_axi_w_wdata[35]
          out    0.05/0.05    0.05/0.05     0.00/0.00    0.00/0.00
mcif2noc_axi_w_wdata[36]
          out    0.05/0.05    0.05/0.05     0.00/0.00    0.00/0.00
mcif2noc_axi_w_wdata[37]
          out    0.05/0.05    0.05/0.05     0.00/0.00    0.00/0.00
mcif2noc_axi_w_wdata[38]
          out    0.05/0.05    0.05/0.05     0.00/0.00    0.00/0.00
mcif2noc_axi_w_wdata[39]
          out    0.05/0.05    0.05/0.05     0.00/0.00    0.00/0.00
mcif2noc_axi_w_wdata[3]
          out    0.05/0.05    0.05/0.05     0.00/0.00    0.00/0.00
mcif2noc_axi_w_wdata[40]
          out    0.05/0.05    0.05/0.05     0.00/0.00    0.00/0.00
mcif2noc_axi_w_wdata[41]
          out    0.05/0.05    0.05/0.05     0.00/0.00    0.00/0.00
mcif2noc_axi_w_wdata[42]
          out    0.05/0.05    0.05/0.05     0.00/0.00    0.00/0.00
mcif2noc_axi_w_wdata[43]
          out    0.05/0.05    0.05/0.05     0.00/0.00    0.00/0.00
mcif2noc_axi_w_wdata[44]
          out    0.05/0.05    0.05/0.05     0.00/0.00    0.00/0.00
mcif2noc_axi_w_wdata[45]
          out    0.05/0.05    0.05/0.05     0.00/0.00    0.00/0.00
mcif2noc_axi_w_wdata[46]
          out    0.05/0.05    0.05/0.05     0.00/0.00    0.00/0.00
mcif2noc_axi_w_wdata[47]
          out    0.05/0.05    0.05/0.05     0.00/0.00    0.00/0.00
mcif2noc_axi_w_wdata[48]
          out    0.05/0.05    0.05/0.05     0.00/0.00    0.00/0.00
mcif2noc_axi_w_wdata[49]
          out    0.05/0.05    0.05/0.05     0.00/0.00    0.00/0.00
mcif2noc_axi_w_wdata[4]
          out    0.05/0.05    0.05/0.05     0.00/0.00    0.00/0.00
mcif2noc_axi_w_wdata[50]
          out    0.05/0.05    0.05/0.05     0.00/0.00    0.00/0.00
mcif2noc_axi_w_wdata[51]
          out    0.05/0.05    0.05/0.05     0.00/0.00    0.00/0.00
mcif2noc_axi_w_wdata[52]
          out    0.05/0.05    0.05/0.05     0.00/0.00    0.00/0.00
mcif2noc_axi_w_wdata[53]
          out    0.05/0.05    0.05/0.05     0.00/0.00    0.00/0.00
mcif2noc_axi_w_wdata[54]
          out    0.05/0.05    0.05/0.05     0.00/0.00    0.00/0.00
mcif2noc_axi_w_wdata[55]
          out    0.05/0.05    0.05/0.05     0.00/0.00    0.00/0.00
mcif2noc_axi_w_wdata[56]
          out    0.05/0.05    0.05/0.05     0.00/0.00    0.00/0.00
mcif2noc_axi_w_wdata[57]
          out    0.05/0.05    0.05/0.05     0.00/0.00    0.00/0.00
mcif2noc_axi_w_wdata[58]
          out    0.05/0.05    0.05/0.05     0.00/0.00    0.00/0.00
mcif2noc_axi_w_wdata[59]
          out    0.05/0.05    0.05/0.05     0.00/0.00    0.00/0.00
mcif2noc_axi_w_wdata[5]
          out    0.05/0.05    0.05/0.05     0.00/0.00    0.00/0.00
mcif2noc_axi_w_wdata[60]
          out    0.05/0.05    0.05/0.05     0.00/0.00    0.00/0.00
mcif2noc_axi_w_wdata[61]
          out    0.05/0.05    0.05/0.05     0.00/0.00    0.00/0.00
mcif2noc_axi_w_wdata[62]
          out    0.05/0.05    0.05/0.05     0.00/0.00    0.00/0.00
mcif2noc_axi_w_wdata[63]
          out    0.05/0.05    0.05/0.05     0.00/0.00    0.00/0.00
mcif2noc_axi_w_wdata[6]
          out    0.05/0.05    0.05/0.05     0.00/0.00    0.00/0.00
mcif2noc_axi_w_wdata[7]
          out    0.05/0.05    0.05/0.05     0.00/0.00    0.00/0.00
mcif2noc_axi_w_wdata[8]
          out    0.05/0.05    0.05/0.05     0.00/0.00    0.00/0.00
mcif2noc_axi_w_wdata[9]
          out    0.05/0.05    0.05/0.05     0.00/0.00    0.00/0.00
mcif2noc_axi_w_wlast
          out    0.05/0.05    0.05/0.05     0.00/0.00    0.00/0.00
mcif2noc_axi_w_wstrb[0]
          out    0.05/0.05    0.05/0.05     0.00/0.00    0.00/0.00
mcif2noc_axi_w_wstrb[1]
          out    0.05/0.05    0.05/0.05     0.00/0.00    0.00/0.00
mcif2noc_axi_w_wstrb[2]
          out    0.05/0.05    0.05/0.05     0.00/0.00    0.00/0.00
mcif2noc_axi_w_wstrb[3]
          out    0.05/0.05    0.05/0.05     0.00/0.00    0.00/0.00
mcif2noc_axi_w_wstrb[4]
          out    0.05/0.05    0.05/0.05     0.00/0.00    0.00/0.00
mcif2noc_axi_w_wstrb[5]
          out    0.05/0.05    0.05/0.05     0.00/0.00    0.00/0.00
mcif2noc_axi_w_wstrb[6]
          out    0.05/0.05    0.05/0.05     0.00/0.00    0.00/0.00
mcif2noc_axi_w_wstrb[7]
          out    0.05/0.05    0.05/0.05     0.00/0.00    0.00/0.00
mcif2noc_axi_w_wvalid
          out    0.05/0.05    0.05/0.05     0.00/0.00    0.00/0.00
mcif2sdp_b_rd_rsp_pd[0]
          out    0.05/0.05    0.05/0.05     0.00/0.00    0.00/0.00
mcif2sdp_b_rd_rsp_pd[10]
          out    0.05/0.05    0.05/0.05     0.00/0.00    0.00/0.00
mcif2sdp_b_rd_rsp_pd[11]
          out    0.05/0.05    0.05/0.05     0.00/0.00    0.00/0.00
mcif2sdp_b_rd_rsp_pd[12]
          out    0.05/0.05    0.05/0.05     0.00/0.00    0.00/0.00
mcif2sdp_b_rd_rsp_pd[13]
          out    0.05/0.05    0.05/0.05     0.00/0.00    0.00/0.00
mcif2sdp_b_rd_rsp_pd[14]
          out    0.05/0.05    0.05/0.05     0.00/0.00    0.00/0.00
mcif2sdp_b_rd_rsp_pd[15]
          out    0.05/0.05    0.05/0.05     0.00/0.00    0.00/0.00
mcif2sdp_b_rd_rsp_pd[16]
          out    0.05/0.05    0.05/0.05     0.00/0.00    0.00/0.00
mcif2sdp_b_rd_rsp_pd[17]
          out    0.05/0.05    0.05/0.05     0.00/0.00    0.00/0.00
mcif2sdp_b_rd_rsp_pd[18]
          out    0.05/0.05    0.05/0.05     0.00/0.00    0.00/0.00
mcif2sdp_b_rd_rsp_pd[19]
          out    0.05/0.05    0.05/0.05     0.00/0.00    0.00/0.00
mcif2sdp_b_rd_rsp_pd[1]
          out    0.05/0.05    0.05/0.05     0.00/0.00    0.00/0.00
mcif2sdp_b_rd_rsp_pd[20]
          out    0.05/0.05    0.05/0.05     0.00/0.00    0.00/0.00
mcif2sdp_b_rd_rsp_pd[21]
          out    0.05/0.05    0.05/0.05     0.00/0.00    0.00/0.00
mcif2sdp_b_rd_rsp_pd[22]
          out    0.05/0.05    0.05/0.05     0.00/0.00    0.00/0.00
mcif2sdp_b_rd_rsp_pd[23]
          out    0.05/0.05    0.05/0.05     0.00/0.00    0.00/0.00
mcif2sdp_b_rd_rsp_pd[24]
          out    0.05/0.05    0.05/0.05     0.00/0.00    0.00/0.00
mcif2sdp_b_rd_rsp_pd[25]
          out    0.05/0.05    0.05/0.05     0.00/0.00    0.00/0.00
mcif2sdp_b_rd_rsp_pd[26]
          out    0.05/0.05    0.05/0.05     0.00/0.00    0.00/0.00
mcif2sdp_b_rd_rsp_pd[27]
          out    0.05/0.05    0.05/0.05     0.00/0.00    0.00/0.00
mcif2sdp_b_rd_rsp_pd[28]
          out    0.05/0.05    0.05/0.05     0.00/0.00    0.00/0.00
mcif2sdp_b_rd_rsp_pd[29]
          out    0.05/0.05    0.05/0.05     0.00/0.00    0.00/0.00
mcif2sdp_b_rd_rsp_pd[2]
          out    0.05/0.05    0.05/0.05     0.00/0.00    0.00/0.00
mcif2sdp_b_rd_rsp_pd[30]
          out    0.05/0.05    0.05/0.05     0.00/0.00    0.00/0.00
mcif2sdp_b_rd_rsp_pd[31]
          out    0.05/0.05    0.05/0.05     0.00/0.00    0.00/0.00
mcif2sdp_b_rd_rsp_pd[32]
          out    0.05/0.05    0.05/0.05     0.00/0.00    0.00/0.00
mcif2sdp_b_rd_rsp_pd[33]
          out    0.05/0.05    0.05/0.05     0.00/0.00    0.00/0.00
mcif2sdp_b_rd_rsp_pd[34]
          out    0.05/0.05    0.05/0.05     0.00/0.00    0.00/0.00
mcif2sdp_b_rd_rsp_pd[35]
          out    0.05/0.05    0.05/0.05     0.00/0.00    0.00/0.00
mcif2sdp_b_rd_rsp_pd[36]
          out    0.05/0.05    0.05/0.05     0.00/0.00    0.00/0.00
mcif2sdp_b_rd_rsp_pd[37]
          out    0.05/0.05    0.05/0.05     0.00/0.00    0.00/0.00
mcif2sdp_b_rd_rsp_pd[38]
          out    0.05/0.05    0.05/0.05     0.00/0.00    0.00/0.00
mcif2sdp_b_rd_rsp_pd[39]
          out    0.05/0.05    0.05/0.05     0.00/0.00    0.00/0.00
mcif2sdp_b_rd_rsp_pd[3]
          out    0.05/0.05    0.05/0.05     0.00/0.00    0.00/0.00
mcif2sdp_b_rd_rsp_pd[40]
          out    0.05/0.05    0.05/0.05     0.00/0.00    0.00/0.00
mcif2sdp_b_rd_rsp_pd[41]
          out    0.05/0.05    0.05/0.05     0.00/0.00    0.00/0.00
mcif2sdp_b_rd_rsp_pd[42]
          out    0.05/0.05    0.05/0.05     0.00/0.00    0.00/0.00
mcif2sdp_b_rd_rsp_pd[43]
          out    0.05/0.05    0.05/0.05     0.00/0.00    0.00/0.00
mcif2sdp_b_rd_rsp_pd[44]
          out    0.05/0.05    0.05/0.05     0.00/0.00    0.00/0.00
mcif2sdp_b_rd_rsp_pd[45]
          out    0.05/0.05    0.05/0.05     0.00/0.00    0.00/0.00
mcif2sdp_b_rd_rsp_pd[46]
          out    0.05/0.05    0.05/0.05     0.00/0.00    0.00/0.00
mcif2sdp_b_rd_rsp_pd[47]
          out    0.05/0.05    0.05/0.05     0.00/0.00    0.00/0.00
mcif2sdp_b_rd_rsp_pd[48]
          out    0.05/0.05    0.05/0.05     0.00/0.00    0.00/0.00
mcif2sdp_b_rd_rsp_pd[49]
          out    0.05/0.05    0.05/0.05     0.00/0.00    0.00/0.00
mcif2sdp_b_rd_rsp_pd[4]
          out    0.05/0.05    0.05/0.05     0.00/0.00    0.00/0.00
mcif2sdp_b_rd_rsp_pd[50]
          out    0.05/0.05    0.05/0.05     0.00/0.00    0.00/0.00
mcif2sdp_b_rd_rsp_pd[51]
          out    0.05/0.05    0.05/0.05     0.00/0.00    0.00/0.00
mcif2sdp_b_rd_rsp_pd[52]
          out    0.05/0.05    0.05/0.05     0.00/0.00    0.00/0.00
mcif2sdp_b_rd_rsp_pd[53]
          out    0.05/0.05    0.05/0.05     0.00/0.00    0.00/0.00
mcif2sdp_b_rd_rsp_pd[54]
          out    0.05/0.05    0.05/0.05     0.00/0.00    0.00/0.00
mcif2sdp_b_rd_rsp_pd[55]
          out    0.05/0.05    0.05/0.05     0.00/0.00    0.00/0.00
mcif2sdp_b_rd_rsp_pd[56]
          out    0.05/0.05    0.05/0.05     0.00/0.00    0.00/0.00
mcif2sdp_b_rd_rsp_pd[57]
          out    0.05/0.05    0.05/0.05     0.00/0.00    0.00/0.00
mcif2sdp_b_rd_rsp_pd[58]
          out    0.05/0.05    0.05/0.05     0.00/0.00    0.00/0.00
mcif2sdp_b_rd_rsp_pd[59]
          out    0.05/0.05    0.05/0.05     0.00/0.00    0.00/0.00
mcif2sdp_b_rd_rsp_pd[5]
          out    0.05/0.05    0.05/0.05     0.00/0.00    0.00/0.00
mcif2sdp_b_rd_rsp_pd[60]
          out    0.05/0.05    0.05/0.05     0.00/0.00    0.00/0.00
mcif2sdp_b_rd_rsp_pd[61]
          out    0.05/0.05    0.05/0.05     0.00/0.00    0.00/0.00
mcif2sdp_b_rd_rsp_pd[62]
          out    0.05/0.05    0.05/0.05     0.00/0.00    0.00/0.00
mcif2sdp_b_rd_rsp_pd[63]
          out    0.05/0.05    0.05/0.05     0.00/0.00    0.00/0.00
mcif2sdp_b_rd_rsp_pd[64]
          out    0.05/0.05    0.05/0.05     0.00/0.00    0.00/0.00
mcif2sdp_b_rd_rsp_pd[6]
          out    0.05/0.05    0.05/0.05     0.00/0.00    0.00/0.00
mcif2sdp_b_rd_rsp_pd[7]
          out    0.05/0.05    0.05/0.05     0.00/0.00    0.00/0.00
mcif2sdp_b_rd_rsp_pd[8]
          out    0.05/0.05    0.05/0.05     0.00/0.00    0.00/0.00
mcif2sdp_b_rd_rsp_pd[9]
          out    0.05/0.05    0.05/0.05     0.00/0.00    0.00/0.00
mcif2sdp_b_rd_rsp_valid
          out    0.05/0.05    0.05/0.05     0.00/0.00    0.00/0.00
mcif2sdp_n_rd_rsp_pd[0]
          out    0.05/0.05    0.05/0.05     0.00/0.00    0.00/0.00
mcif2sdp_n_rd_rsp_pd[10]
          out    0.05/0.05    0.05/0.05     0.00/0.00    0.00/0.00
mcif2sdp_n_rd_rsp_pd[11]
          out    0.05/0.05    0.05/0.05     0.00/0.00    0.00/0.00
mcif2sdp_n_rd_rsp_pd[12]
          out    0.05/0.05    0.05/0.05     0.00/0.00    0.00/0.00
mcif2sdp_n_rd_rsp_pd[13]
          out    0.05/0.05    0.05/0.05     0.00/0.00    0.00/0.00
mcif2sdp_n_rd_rsp_pd[14]
          out    0.05/0.05    0.05/0.05     0.00/0.00    0.00/0.00
mcif2sdp_n_rd_rsp_pd[15]
          out    0.05/0.05    0.05/0.05     0.00/0.00    0.00/0.00
mcif2sdp_n_rd_rsp_pd[16]
          out    0.05/0.05    0.05/0.05     0.00/0.00    0.00/0.00
mcif2sdp_n_rd_rsp_pd[17]
          out    0.05/0.05    0.05/0.05     0.00/0.00    0.00/0.00
mcif2sdp_n_rd_rsp_pd[18]
          out    0.05/0.05    0.05/0.05     0.00/0.00    0.00/0.00
mcif2sdp_n_rd_rsp_pd[19]
          out    0.05/0.05    0.05/0.05     0.00/0.00    0.00/0.00
mcif2sdp_n_rd_rsp_pd[1]
          out    0.05/0.05    0.05/0.05     0.00/0.00    0.00/0.00
mcif2sdp_n_rd_rsp_pd[20]
          out    0.05/0.05    0.05/0.05     0.00/0.00    0.00/0.00
mcif2sdp_n_rd_rsp_pd[21]
          out    0.05/0.05    0.05/0.05     0.00/0.00    0.00/0.00
mcif2sdp_n_rd_rsp_pd[22]
          out    0.05/0.05    0.05/0.05     0.00/0.00    0.00/0.00
mcif2sdp_n_rd_rsp_pd[23]
          out    0.05/0.05    0.05/0.05     0.00/0.00    0.00/0.00
mcif2sdp_n_rd_rsp_pd[24]
          out    0.05/0.05    0.05/0.05     0.00/0.00    0.00/0.00
mcif2sdp_n_rd_rsp_pd[25]
          out    0.05/0.05    0.05/0.05     0.00/0.00    0.00/0.00
mcif2sdp_n_rd_rsp_pd[26]
          out    0.05/0.05    0.05/0.05     0.00/0.00    0.00/0.00
mcif2sdp_n_rd_rsp_pd[27]
          out    0.05/0.05    0.05/0.05     0.00/0.00    0.00/0.00
mcif2sdp_n_rd_rsp_pd[28]
          out    0.05/0.05    0.05/0.05     0.00/0.00    0.00/0.00
mcif2sdp_n_rd_rsp_pd[29]
          out    0.05/0.05    0.05/0.05     0.00/0.00    0.00/0.00
mcif2sdp_n_rd_rsp_pd[2]
          out    0.05/0.05    0.05/0.05     0.00/0.00    0.00/0.00
mcif2sdp_n_rd_rsp_pd[30]
          out    0.05/0.05    0.05/0.05     0.00/0.00    0.00/0.00
mcif2sdp_n_rd_rsp_pd[31]
          out    0.05/0.05    0.05/0.05     0.00/0.00    0.00/0.00
mcif2sdp_n_rd_rsp_pd[32]
          out    0.05/0.05    0.05/0.05     0.00/0.00    0.00/0.00
mcif2sdp_n_rd_rsp_pd[33]
          out    0.05/0.05    0.05/0.05     0.00/0.00    0.00/0.00
mcif2sdp_n_rd_rsp_pd[34]
          out    0.05/0.05    0.05/0.05     0.00/0.00    0.00/0.00
mcif2sdp_n_rd_rsp_pd[35]
          out    0.05/0.05    0.05/0.05     0.00/0.00    0.00/0.00
mcif2sdp_n_rd_rsp_pd[36]
          out    0.05/0.05    0.05/0.05     0.00/0.00    0.00/0.00
mcif2sdp_n_rd_rsp_pd[37]
          out    0.05/0.05    0.05/0.05     0.00/0.00    0.00/0.00
mcif2sdp_n_rd_rsp_pd[38]
          out    0.05/0.05    0.05/0.05     0.00/0.00    0.00/0.00
mcif2sdp_n_rd_rsp_pd[39]
          out    0.05/0.05    0.05/0.05     0.00/0.00    0.00/0.00
mcif2sdp_n_rd_rsp_pd[3]
          out    0.05/0.05    0.05/0.05     0.00/0.00    0.00/0.00
mcif2sdp_n_rd_rsp_pd[40]
          out    0.05/0.05    0.05/0.05     0.00/0.00    0.00/0.00
mcif2sdp_n_rd_rsp_pd[41]
          out    0.05/0.05    0.05/0.05     0.00/0.00    0.00/0.00
mcif2sdp_n_rd_rsp_pd[42]
          out    0.05/0.05    0.05/0.05     0.00/0.00    0.00/0.00
mcif2sdp_n_rd_rsp_pd[43]
          out    0.05/0.05    0.05/0.05     0.00/0.00    0.00/0.00
mcif2sdp_n_rd_rsp_pd[44]
          out    0.05/0.05    0.05/0.05     0.00/0.00    0.00/0.00
mcif2sdp_n_rd_rsp_pd[45]
          out    0.05/0.05    0.05/0.05     0.00/0.00    0.00/0.00
mcif2sdp_n_rd_rsp_pd[46]
          out    0.05/0.05    0.05/0.05     0.00/0.00    0.00/0.00
mcif2sdp_n_rd_rsp_pd[47]
          out    0.05/0.05    0.05/0.05     0.00/0.00    0.00/0.00
mcif2sdp_n_rd_rsp_pd[48]
          out    0.05/0.05    0.05/0.05     0.00/0.00    0.00/0.00
mcif2sdp_n_rd_rsp_pd[49]
          out    0.05/0.05    0.05/0.05     0.00/0.00    0.00/0.00
mcif2sdp_n_rd_rsp_pd[4]
          out    0.05/0.05    0.05/0.05     0.00/0.00    0.00/0.00
mcif2sdp_n_rd_rsp_pd[50]
          out    0.05/0.05    0.05/0.05     0.00/0.00    0.00/0.00
mcif2sdp_n_rd_rsp_pd[51]
          out    0.05/0.05    0.05/0.05     0.00/0.00    0.00/0.00
mcif2sdp_n_rd_rsp_pd[52]
          out    0.05/0.05    0.05/0.05     0.00/0.00    0.00/0.00
mcif2sdp_n_rd_rsp_pd[53]
          out    0.05/0.05    0.05/0.05     0.00/0.00    0.00/0.00
mcif2sdp_n_rd_rsp_pd[54]
          out    0.05/0.05    0.05/0.05     0.00/0.00    0.00/0.00
mcif2sdp_n_rd_rsp_pd[55]
          out    0.05/0.05    0.05/0.05     0.00/0.00    0.00/0.00
mcif2sdp_n_rd_rsp_pd[56]
          out    0.05/0.05    0.05/0.05     0.00/0.00    0.00/0.00
mcif2sdp_n_rd_rsp_pd[57]
          out    0.05/0.05    0.05/0.05     0.00/0.00    0.00/0.00
mcif2sdp_n_rd_rsp_pd[58]
          out    0.05/0.05    0.05/0.05     0.00/0.00    0.00/0.00
mcif2sdp_n_rd_rsp_pd[59]
          out    0.05/0.05    0.05/0.05     0.00/0.00    0.00/0.00
mcif2sdp_n_rd_rsp_pd[5]
          out    0.05/0.05    0.05/0.05     0.00/0.00    0.00/0.00
mcif2sdp_n_rd_rsp_pd[60]
          out    0.05/0.05    0.05/0.05     0.00/0.00    0.00/0.00
mcif2sdp_n_rd_rsp_pd[61]
          out    0.05/0.05    0.05/0.05     0.00/0.00    0.00/0.00
mcif2sdp_n_rd_rsp_pd[62]
          out    0.05/0.05    0.05/0.05     0.00/0.00    0.00/0.00
mcif2sdp_n_rd_rsp_pd[63]
          out    0.05/0.05    0.05/0.05     0.00/0.00    0.00/0.00
mcif2sdp_n_rd_rsp_pd[64]
          out    0.05/0.05    0.05/0.05     0.00/0.00    0.00/0.00
mcif2sdp_n_rd_rsp_pd[6]
          out    0.05/0.05    0.05/0.05     0.00/0.00    0.00/0.00
mcif2sdp_n_rd_rsp_pd[7]
          out    0.05/0.05    0.05/0.05     0.00/0.00    0.00/0.00
mcif2sdp_n_rd_rsp_pd[8]
          out    0.05/0.05    0.05/0.05     0.00/0.00    0.00/0.00
mcif2sdp_n_rd_rsp_pd[9]
          out    0.05/0.05    0.05/0.05     0.00/0.00    0.00/0.00
mcif2sdp_n_rd_rsp_valid
          out    0.05/0.05    0.05/0.05     0.00/0.00    0.00/0.00
mcif2sdp_rd_rsp_pd[0]
          out    0.05/0.05    0.05/0.05     0.00/0.00    0.00/0.00
mcif2sdp_rd_rsp_pd[10]
          out    0.05/0.05    0.05/0.05     0.00/0.00    0.00/0.00
mcif2sdp_rd_rsp_pd[11]
          out    0.05/0.05    0.05/0.05     0.00/0.00    0.00/0.00
mcif2sdp_rd_rsp_pd[12]
          out    0.05/0.05    0.05/0.05     0.00/0.00    0.00/0.00
mcif2sdp_rd_rsp_pd[13]
          out    0.05/0.05    0.05/0.05     0.00/0.00    0.00/0.00
mcif2sdp_rd_rsp_pd[14]
          out    0.05/0.05    0.05/0.05     0.00/0.00    0.00/0.00
mcif2sdp_rd_rsp_pd[15]
          out    0.05/0.05    0.05/0.05     0.00/0.00    0.00/0.00
mcif2sdp_rd_rsp_pd[16]
          out    0.05/0.05    0.05/0.05     0.00/0.00    0.00/0.00
mcif2sdp_rd_rsp_pd[17]
          out    0.05/0.05    0.05/0.05     0.00/0.00    0.00/0.00
mcif2sdp_rd_rsp_pd[18]
          out    0.05/0.05    0.05/0.05     0.00/0.00    0.00/0.00
mcif2sdp_rd_rsp_pd[19]
          out    0.05/0.05    0.05/0.05     0.00/0.00    0.00/0.00
mcif2sdp_rd_rsp_pd[1]
          out    0.05/0.05    0.05/0.05     0.00/0.00    0.00/0.00
mcif2sdp_rd_rsp_pd[20]
          out    0.05/0.05    0.05/0.05     0.00/0.00    0.00/0.00
mcif2sdp_rd_rsp_pd[21]
          out    0.05/0.05    0.05/0.05     0.00/0.00    0.00/0.00
mcif2sdp_rd_rsp_pd[22]
          out    0.05/0.05    0.05/0.05     0.00/0.00    0.00/0.00
mcif2sdp_rd_rsp_pd[23]
          out    0.05/0.05    0.05/0.05     0.00/0.00    0.00/0.00
mcif2sdp_rd_rsp_pd[24]
          out    0.05/0.05    0.05/0.05     0.00/0.00    0.00/0.00
mcif2sdp_rd_rsp_pd[25]
          out    0.05/0.05    0.05/0.05     0.00/0.00    0.00/0.00
mcif2sdp_rd_rsp_pd[26]
          out    0.05/0.05    0.05/0.05     0.00/0.00    0.00/0.00
mcif2sdp_rd_rsp_pd[27]
          out    0.05/0.05    0.05/0.05     0.00/0.00    0.00/0.00
mcif2sdp_rd_rsp_pd[28]
          out    0.05/0.05    0.05/0.05     0.00/0.00    0.00/0.00
mcif2sdp_rd_rsp_pd[29]
          out    0.05/0.05    0.05/0.05     0.00/0.00    0.00/0.00
mcif2sdp_rd_rsp_pd[2]
          out    0.05/0.05    0.05/0.05     0.00/0.00    0.00/0.00
mcif2sdp_rd_rsp_pd[30]
          out    0.05/0.05    0.05/0.05     0.00/0.00    0.00/0.00
mcif2sdp_rd_rsp_pd[31]
          out    0.05/0.05    0.05/0.05     0.00/0.00    0.00/0.00
mcif2sdp_rd_rsp_pd[32]
          out    0.05/0.05    0.05/0.05     0.00/0.00    0.00/0.00
mcif2sdp_rd_rsp_pd[33]
          out    0.05/0.05    0.05/0.05     0.00/0.00    0.00/0.00
mcif2sdp_rd_rsp_pd[34]
          out    0.05/0.05    0.05/0.05     0.00/0.00    0.00/0.00
mcif2sdp_rd_rsp_pd[35]
          out    0.05/0.05    0.05/0.05     0.00/0.00    0.00/0.00
mcif2sdp_rd_rsp_pd[36]
          out    0.05/0.05    0.05/0.05     0.00/0.00    0.00/0.00
mcif2sdp_rd_rsp_pd[37]
          out    0.05/0.05    0.05/0.05     0.00/0.00    0.00/0.00
mcif2sdp_rd_rsp_pd[38]
          out    0.05/0.05    0.05/0.05     0.00/0.00    0.00/0.00
mcif2sdp_rd_rsp_pd[39]
          out    0.05/0.05    0.05/0.05     0.00/0.00    0.00/0.00
mcif2sdp_rd_rsp_pd[3]
          out    0.05/0.05    0.05/0.05     0.00/0.00    0.00/0.00
mcif2sdp_rd_rsp_pd[40]
          out    0.05/0.05    0.05/0.05     0.00/0.00    0.00/0.00
mcif2sdp_rd_rsp_pd[41]
          out    0.05/0.05    0.05/0.05     0.00/0.00    0.00/0.00
mcif2sdp_rd_rsp_pd[42]
          out    0.05/0.05    0.05/0.05     0.00/0.00    0.00/0.00
mcif2sdp_rd_rsp_pd[43]
          out    0.05/0.05    0.05/0.05     0.00/0.00    0.00/0.00
mcif2sdp_rd_rsp_pd[44]
          out    0.05/0.05    0.05/0.05     0.00/0.00    0.00/0.00
mcif2sdp_rd_rsp_pd[45]
          out    0.05/0.05    0.05/0.05     0.00/0.00    0.00/0.00
mcif2sdp_rd_rsp_pd[46]
          out    0.05/0.05    0.05/0.05     0.00/0.00    0.00/0.00
mcif2sdp_rd_rsp_pd[47]
          out    0.05/0.05    0.05/0.05     0.00/0.00    0.00/0.00
mcif2sdp_rd_rsp_pd[48]
          out    0.05/0.05    0.05/0.05     0.00/0.00    0.00/0.00
mcif2sdp_rd_rsp_pd[49]
          out    0.05/0.05    0.05/0.05     0.00/0.00    0.00/0.00
mcif2sdp_rd_rsp_pd[4]
          out    0.05/0.05    0.05/0.05     0.00/0.00    0.00/0.00
mcif2sdp_rd_rsp_pd[50]
          out    0.05/0.05    0.05/0.05     0.00/0.00    0.00/0.00
mcif2sdp_rd_rsp_pd[51]
          out    0.05/0.05    0.05/0.05     0.00/0.00    0.00/0.00
mcif2sdp_rd_rsp_pd[52]
          out    0.05/0.05    0.05/0.05     0.00/0.00    0.00/0.00
mcif2sdp_rd_rsp_pd[53]
          out    0.05/0.05    0.05/0.05     0.00/0.00    0.00/0.00
mcif2sdp_rd_rsp_pd[54]
          out    0.05/0.05    0.05/0.05     0.00/0.00    0.00/0.00
mcif2sdp_rd_rsp_pd[55]
          out    0.05/0.05    0.05/0.05     0.00/0.00    0.00/0.00
mcif2sdp_rd_rsp_pd[56]
          out    0.05/0.05    0.05/0.05     0.00/0.00    0.00/0.00
mcif2sdp_rd_rsp_pd[57]
          out    0.05/0.05    0.05/0.05     0.00/0.00    0.00/0.00
mcif2sdp_rd_rsp_pd[58]
          out    0.05/0.05    0.05/0.05     0.00/0.00    0.00/0.00
mcif2sdp_rd_rsp_pd[59]
          out    0.05/0.05    0.05/0.05     0.00/0.00    0.00/0.00
mcif2sdp_rd_rsp_pd[5]
          out    0.05/0.05    0.05/0.05     0.00/0.00    0.00/0.00
mcif2sdp_rd_rsp_pd[60]
          out    0.05/0.05    0.05/0.05     0.00/0.00    0.00/0.00
mcif2sdp_rd_rsp_pd[61]
          out    0.05/0.05    0.05/0.05     0.00/0.00    0.00/0.00
mcif2sdp_rd_rsp_pd[62]
          out    0.05/0.05    0.05/0.05     0.00/0.00    0.00/0.00
mcif2sdp_rd_rsp_pd[63]
          out    0.05/0.05    0.05/0.05     0.00/0.00    0.00/0.00
mcif2sdp_rd_rsp_pd[64]
          out    0.05/0.05    0.05/0.05     0.00/0.00    0.00/0.00
mcif2sdp_rd_rsp_pd[6]
          out    0.05/0.05    0.05/0.05     0.00/0.00    0.00/0.00
mcif2sdp_rd_rsp_pd[7]
          out    0.05/0.05    0.05/0.05     0.00/0.00    0.00/0.00
mcif2sdp_rd_rsp_pd[8]
          out    0.05/0.05    0.05/0.05     0.00/0.00    0.00/0.00
mcif2sdp_rd_rsp_pd[9]
          out    0.05/0.05    0.05/0.05     0.00/0.00    0.00/0.00
mcif2sdp_rd_rsp_valid
          out    0.05/0.05    0.05/0.05     0.00/0.00    0.00/0.00
mcif2sdp_wr_rsp_complete
          out    0.05/0.05    0.05/0.05     0.00/0.00    0.00/0.00
noc2mcif_axi_b_bready
          out    0.05/0.05    0.05/0.05     0.00/0.00    0.00/0.00
noc2mcif_axi_r_rready
          out    0.05/0.05    0.05/0.05     0.00/0.00    0.00/0.00
nvdla2csb_data[0]
          out    0.05/0.05    0.05/0.05     0.00/0.00    0.00/0.00
nvdla2csb_data[10]
          out    0.05/0.05    0.05/0.05     0.00/0.00    0.00/0.00
nvdla2csb_data[11]
          out    0.05/0.05    0.05/0.05     0.00/0.00    0.00/0.00
nvdla2csb_data[12]
          out    0.05/0.05    0.05/0.05     0.00/0.00    0.00/0.00
nvdla2csb_data[13]
          out    0.05/0.05    0.05/0.05     0.00/0.00    0.00/0.00
nvdla2csb_data[14]
          out    0.05/0.05    0.05/0.05     0.00/0.00    0.00/0.00
nvdla2csb_data[15]
          out    0.05/0.05    0.05/0.05     0.00/0.00    0.00/0.00
nvdla2csb_data[16]
          out    0.05/0.05    0.05/0.05     0.00/0.00    0.00/0.00
nvdla2csb_data[17]
          out    0.05/0.05    0.05/0.05     0.00/0.00    0.00/0.00
nvdla2csb_data[18]
          out    0.05/0.05    0.05/0.05     0.00/0.00    0.00/0.00
nvdla2csb_data[19]
          out    0.05/0.05    0.05/0.05     0.00/0.00    0.00/0.00
nvdla2csb_data[1]
          out    0.05/0.05    0.05/0.05     0.00/0.00    0.00/0.00
nvdla2csb_data[20]
          out    0.05/0.05    0.05/0.05     0.00/0.00    0.00/0.00
nvdla2csb_data[21]
          out    0.05/0.05    0.05/0.05     0.00/0.00    0.00/0.00
nvdla2csb_data[22]
          out    0.05/0.05    0.05/0.05     0.00/0.00    0.00/0.00
nvdla2csb_data[23]
          out    0.05/0.05    0.05/0.05     0.00/0.00    0.00/0.00
nvdla2csb_data[24]
          out    0.05/0.05    0.05/0.05     0.00/0.00    0.00/0.00
nvdla2csb_data[25]
          out    0.05/0.05    0.05/0.05     0.00/0.00    0.00/0.00
nvdla2csb_data[26]
          out    0.05/0.05    0.05/0.05     0.00/0.00    0.00/0.00
nvdla2csb_data[27]
          out    0.05/0.05    0.05/0.05     0.00/0.00    0.00/0.00
nvdla2csb_data[28]
          out    0.05/0.05    0.05/0.05     0.00/0.00    0.00/0.00
nvdla2csb_data[29]
          out    0.05/0.05    0.05/0.05     0.00/0.00    0.00/0.00
nvdla2csb_data[2]
          out    0.05/0.05    0.05/0.05     0.00/0.00    0.00/0.00
nvdla2csb_data[30]
          out    0.05/0.05    0.05/0.05     0.00/0.00    0.00/0.00
nvdla2csb_data[31]
          out    0.05/0.05    0.05/0.05     0.00/0.00    0.00/0.00
nvdla2csb_data[3]
          out    0.05/0.05    0.05/0.05     0.00/0.00    0.00/0.00
nvdla2csb_data[4]
          out    0.05/0.05    0.05/0.05     0.00/0.00    0.00/0.00
nvdla2csb_data[5]
          out    0.05/0.05    0.05/0.05     0.00/0.00    0.00/0.00
nvdla2csb_data[6]
          out    0.05/0.05    0.05/0.05     0.00/0.00    0.00/0.00
nvdla2csb_data[7]
          out    0.05/0.05    0.05/0.05     0.00/0.00    0.00/0.00
nvdla2csb_data[8]
          out    0.05/0.05    0.05/0.05     0.00/0.00    0.00/0.00
nvdla2csb_data[9]
          out    0.05/0.05    0.05/0.05     0.00/0.00    0.00/0.00
nvdla2csb_valid
          out    0.05/0.05    0.05/0.05     0.00/0.00    0.00/0.00
nvdla2csb_wr_complete
          out    0.05/0.05    0.05/0.05     0.00/0.00    0.00/0.00
nvdla_clk_ovr_on
          out    0.05/0.05    0.05/0.05     0.00/0.00    0.00/0.00
nvdla_core_rstn
          out    0.05/0.05    0.05/0.05     0.00/0.00    0.00/0.00
sdp2mcif_rd_req_ready
          out    0.05/0.05    0.05/0.05     0.00/0.00    0.00/0.00
sdp2mcif_wr_req_ready
          out    0.05/0.05    0.05/0.05     0.00/0.00    0.00/0.00
sdp2pdp_ready
          out    0.05/0.05    0.05/0.05     0.00/0.00    0.00/0.00
sdp_b2mcif_rd_req_ready
          out    0.05/0.05    0.05/0.05     0.00/0.00    0.00/0.00
sdp_n2mcif_rd_req_ready
          out    0.05/0.05    0.05/0.05     0.00/0.00    0.00/0.00
1
