Name     WidthMltplr SpacingMltplr TaperDist DriverTaperDist TaperOverPinLayers TaperUnderPinLayers DriverTaperOverPinLayers DriverTaperUnderPinLayers ParallelWireLayers
-------------------------------------------------------------------------------------------------------------------------------------------------------------------------
clk_network_NDR_internal
         2           2

         --------------------------------------------------------------------------------------
         Layer     Width     ShieldWth ShieldSpc Snap2Trck RdlTaperDist RdlTaperWidth Mask
         --------------------------------------------------------------------------------------

         M1        0.10

                   ---------------------------------------
                   Index     Spacing   Weight    Threshold
                   ---------------------------------------
                   0         0.10      hard      0.00

         M2        0.11

                   ---------------------------------------
                   Index     Spacing   Weight    Threshold
                   ---------------------------------------
                   0         0.11      hard      0.00

         M3        0.11

                   ---------------------------------------
                   Index     Spacing   Weight    Threshold
                   ---------------------------------------
                   0         0.11      hard      0.00

         M4        0.11

                   ---------------------------------------
                   Index     Spacing   Weight    Threshold
                   ---------------------------------------
                   0         0.11      hard      0.00

         M5        0.11

                   ---------------------------------------
                   Index     Spacing   Weight    Threshold
                   ---------------------------------------
                   0         0.11      hard      0.00

         M6        0.11

                   ---------------------------------------
                   Index     Spacing   Weight    Threshold
                   ---------------------------------------
                   0         0.11      hard      0.00

         M7        0.11

                   ---------------------------------------
                   Index     Spacing   Weight    Threshold
                   ---------------------------------------
                   0         0.11      hard      0.00

         M8        0.11

                   ---------------------------------------
                   Index     Spacing   Weight    Threshold
                   ---------------------------------------
                   0         0.11      hard      0.00

         M9        0.32

                   ---------------------------------------
                   Index     Spacing   Weight    Threshold
                   ---------------------------------------
                   0         0.32      hard      0.00

         MRDL      4.00

                   ---------------------------------------
                   Index     Spacing   Weight    Threshold
                   ---------------------------------------
                   0         4.00      hard      0.00

clk_network_NDR_internal_ext_spacing
         2           2

         --------------------------------------------------------------------------------------
         Layer     Width     ShieldWth ShieldSpc Snap2Trck RdlTaperDist RdlTaperWidth Mask
         --------------------------------------------------------------------------------------

         M1        0.10

                   ---------------------------------------
                   Index     Spacing   Weight    Threshold
                   ---------------------------------------
                   0         0.10      hard      0.00

         M2        0.11

                   ---------------------------------------
                   Index     Spacing   Weight    Threshold
                   ---------------------------------------
                   0         0.11      hard      0.00

         M3        0.11

                   ---------------------------------------
                   Index     Spacing   Weight    Threshold
                   ---------------------------------------
                   0         0.11      hard      0.00

         M4        0.11

                   ---------------------------------------
                   Index     Spacing   Weight    Threshold
                   ---------------------------------------
                   0         0.22      hard      0.00

         M5        0.11

                   ---------------------------------------
                   Index     Spacing   Weight    Threshold
                   ---------------------------------------
                   0         0.22      hard      0.00

         M6        0.11

                   ---------------------------------------
                   Index     Spacing   Weight    Threshold
                   ---------------------------------------
                   0         0.22      hard      0.00

         M7        0.11

                   ---------------------------------------
                   Index     Spacing   Weight    Threshold
                   ---------------------------------------
                   0         0.22      hard      0.00

         M8        0.11

                   ---------------------------------------
                   Index     Spacing   Weight    Threshold
                   ---------------------------------------
                   0         0.11      hard      0.00

         M9        0.32

                   ---------------------------------------
                   Index     Spacing   Weight    Threshold
                   ---------------------------------------
                   0         0.32      hard      0.00

         MRDL      4.00

                   ---------------------------------------
                   Index     Spacing   Weight    Threshold
                   ---------------------------------------
                   0         4.00      hard      0.00

clk_network_NDR_root
         2           2

         --------------------------------------------------------------------------------------
         Layer     Width     ShieldWth ShieldSpc Snap2Trck RdlTaperDist RdlTaperWidth Mask
         --------------------------------------------------------------------------------------

         M1        0.10

                   ---------------------------------------
                   Index     Spacing   Weight    Threshold
                   ---------------------------------------
                   0         0.10      hard      0.00

         M2        0.11

                   ---------------------------------------
                   Index     Spacing   Weight    Threshold
                   ---------------------------------------
                   0         0.11      hard      0.00

         M3        0.11

                   ---------------------------------------
                   Index     Spacing   Weight    Threshold
                   ---------------------------------------
                   0         0.11      hard      0.00

         M4        0.11

                   ---------------------------------------
                   Index     Spacing   Weight    Threshold
                   ---------------------------------------
                   0         0.11      hard      0.00

         M5        0.11

                   ---------------------------------------
                   Index     Spacing   Weight    Threshold
                   ---------------------------------------
                   0         0.11      hard      0.00

         M6        0.11

                   ---------------------------------------
                   Index     Spacing   Weight    Threshold
                   ---------------------------------------
                   0         0.11      hard      0.00

         M7        0.11

                   ---------------------------------------
                   Index     Spacing   Weight    Threshold
                   ---------------------------------------
                   0         0.11      hard      0.00

         M8        0.11

                   ---------------------------------------
                   Index     Spacing   Weight    Threshold
                   ---------------------------------------
                   0         0.11      hard      0.00

         M9        0.32

                   ---------------------------------------
                   Index     Spacing   Weight    Threshold
                   ---------------------------------------
                   0         0.32      hard      0.00

         MRDL      4.00

                   ---------------------------------------
                   Index     Spacing   Weight    Threshold
                   ---------------------------------------
                   0         4.00      hard      0.00

clk_network_NDR_root_ext_spacing
         2           2

         --------------------------------------------------------------------------------------
         Layer     Width     ShieldWth ShieldSpc Snap2Trck RdlTaperDist RdlTaperWidth Mask
         --------------------------------------------------------------------------------------

         M1        0.10

                   ---------------------------------------
                   Index     Spacing   Weight    Threshold
                   ---------------------------------------
                   0         0.10      hard      0.00

         M2        0.11

                   ---------------------------------------
                   Index     Spacing   Weight    Threshold
                   ---------------------------------------
                   0         0.11      hard      0.00

         M3        0.11

                   ---------------------------------------
                   Index     Spacing   Weight    Threshold
                   ---------------------------------------
                   0         0.11      hard      0.00

         M4        0.11

                   ---------------------------------------
                   Index     Spacing   Weight    Threshold
                   ---------------------------------------
                   0         0.22      hard      0.00

         M5        0.11

                   ---------------------------------------
                   Index     Spacing   Weight    Threshold
                   ---------------------------------------
                   0         0.22      hard      0.00

         M6        0.11

                   ---------------------------------------
                   Index     Spacing   Weight    Threshold
                   ---------------------------------------
                   0         0.22      hard      0.00

         M7        0.11

                   ---------------------------------------
                   Index     Spacing   Weight    Threshold
                   ---------------------------------------
                   0         0.22      hard      0.00

         M8        0.11

                   ---------------------------------------
                   Index     Spacing   Weight    Threshold
                   ---------------------------------------
                   0         0.11      hard      0.00

         M9        0.32

                   ---------------------------------------
                   Index     Spacing   Weight    Threshold
                   ---------------------------------------
                   0         0.32      hard      0.00

         MRDL      4.00

                   ---------------------------------------
                   Index     Spacing   Weight    Threshold
                   ---------------------------------------
                   0         4.00      hard      0.00

default_rule_equivalent_ndr_double_spacing
         1           1

         --------------------------------------------------------------------------------------
         Layer     Width     ShieldWth ShieldSpc Snap2Trck RdlTaperDist RdlTaperWidth Mask
         --------------------------------------------------------------------------------------

         M1        0.05

         M2        0.06

         M3        0.06

         M4        0.06

                   ---------------------------------------
                   Index     Spacing   Weight    Threshold
                   ---------------------------------------
                   0         0.11      hard      0.00

         M5        0.06

                   ---------------------------------------
                   Index     Spacing   Weight    Threshold
                   ---------------------------------------
                   0         0.11      hard      0.00

         M6        0.06

                   ---------------------------------------
                   Index     Spacing   Weight    Threshold
                   ---------------------------------------
                   0         0.11      hard      0.00

         M7        0.06

                   ---------------------------------------
                   Index     Spacing   Weight    Threshold
                   ---------------------------------------
                   0         0.11      hard      0.00

         M8        0.06

         M9        0.16

         MRDL      2.00
1
