/home/synopsys/syn/O-2018.06-SP1/auxx/gui/dv/dv_setup.tcl
/home/synopsys/syn/O-2018.06-SP1/auxx/gui/syn/snpsSynProcs.tcl
/home/synopsys/syn/O-2018.06-SP1/auxx/gui/syn/layout/pkgIndex.tcl
/home/synopsys/syn/O-2018.06-SP1/auxx/gui/common/tq/pkgIndex.tcl
/home/synopsys/syn/O-2018.06-SP1/auxx/gui/common/docBrowser/pkgIndex.tcl
/home/synopsys/syn/O-2018.06-SP1/auxx/gui/common/qtcl/pkgIndex.tcl
/home/synopsys/syn/O-2018.06-SP1/auxx/gui/common/profiler/pkgIndex.tcl
/home/synopsys/syn/O-2018.06-SP1/auxx/gui/common/highlight/pkgIndex.tcl
/home/synopsys/syn/O-2018.06-SP1/auxx/gui/common/tiledview/pkgIndex.tcl
/home/synopsys/syn/O-2018.06-SP1/auxx/gui/common/mrupalette/pkgIndex.tcl
/home/synopsys/syn/O-2018.06-SP1/auxx/gui/common/histogram/pkgIndex.tcl
/home/synopsys/syn/O-2018.06-SP1/auxx/gui/common/palettegroup/pkgIndex.tcl
/home/synopsys/syn/O-2018.06-SP1/auxx/gui/common/layout/pkgIndex.tcl
/home/synopsys/syn/O-2018.06-SP1/auxx/gui/common/select/pkgIndex.tcl
/home/synopsys/syn/O-2018.06-SP1/auxx/gui/common/pathinspector/pkgIndex.tcl
/home/synopsys/syn/O-2018.06-SP1/auxx/gui/common/regressionToolkit/pkgIndex.tcl
/home/synopsys/syn/O-2018.06-SP1/auxx/gui/common/fanoutviewer/pkgIndex.tcl
/home/synopsys/syn/O-2018.06-SP1/auxx/gui/common/table/pkgIndex.tcl
/home/synopsys/syn/O-2018.06-SP1/auxx/gui/common/opdlg/pkgIndex.tcl
/home/synopsys/syn/O-2018.06-SP1/auxx/gui/common/timing/pkgIndex.tcl
/home/synopsys/syn/O-2018.06-SP1/auxx/gui/common/acg/pkgIndex.tcl
/home/synopsys/syn/O-2018.06-SP1/auxx/gui/common/strokes/pkgIndex.tcl
/home/synopsys/syn/O-2018.06-SP1/auxx/gui/common/libviewer/pkgIndex.tcl
/home/synopsys/syn/O-2018.06-SP1/auxx/gui/common/menus/pkgIndex.tcl
/home/synopsys/syn/O-2018.06-SP1/auxx/gui/common/view/pkgIndex.tcl
/home/synopsys/syn/O-2018.06-SP1/auxx/gui/common/commandform/pkgIndex.tcl
/home/synopsys/syn/O-2018.06-SP1/auxx/gui/common/WindowFrameWork/pkgIndex.tcl
/home/synopsys/syn/O-2018.06-SP1/auxx/gui/common/schematic/pkgIndex.tcl
/home/synopsys/syn/O-2018.06-SP1/auxx/gui/common/misc/pkgIndex.tcl
/home/synopsys/syn/O-2018.06-SP1/auxx/gui/common/tcl-dp/pkgIndex.tcl
/home/synopsys/syn/O-2018.06-SP1/auxx/gui/common/dialogs/pkgIndex.tcl
/home/synopsys/syn/O-2018.06-SP1/auxx/gui/common/setup/pkgIndex.tcl
/home/synopsys/syn/O-2018.06-SP1/auxx/gui/common/hierarchy/pkgIndex.tcl
/home/synopsys/syn/O-2018.06-SP1/auxx/gui/dv/pkgIndex.tcl
/home/synopsys/syn/O-2018.06-SP1/auxx/syn/lib/pkgIndex.tcl
/home/synopsys/syn/O-2018.06-SP1/auxx/tcllib/lib/iwidgets4.1/pkgIndex.tcl
/home/synopsys/syn/O-2018.06-SP1/auxx/tcllib/snps_tcl/snpsTclPro/pkgIndex.tcl
/home/synopsys/syn/O-2018.06-SP1/auxx/tcllib/snps_tcl/snpsTest/pkgIndex.tcl
/home/synopsys/syn/O-2018.06-SP1/auxx/tcllib/snps_tcl/snpsUtils/pkgIndex.tcl
/home/synopsys/syn/O-2018.06-SP1/auxx/tcllib/snps_tcl/pkgIndex.tcl
/home/synopsys/syn/O-2018.06-SP1/auxx/tcllib/lib/tcl8.6/reg/pkgIndex.tcl
/home/synopsys/syn/O-2018.06-SP1/auxx/tcllib/lib/tcl8.6/dde/pkgIndex.tcl
/home/synopsys/syn/O-2018.06-SP1/auxx/tcllib/lib/tcl8.6/platform/pkgIndex.tcl
/home/synopsys/syn/O-2018.06-SP1/auxx/tcllib/lib/tcl8.6/tcltest/pkgIndex.tcl
/home/synopsys/syn/O-2018.06-SP1/auxx/tcllib/lib/tcl8.6/http/pkgIndex.tcl
/home/synopsys/syn/O-2018.06-SP1/auxx/tcllib/lib/tcl8.6/msgcat/pkgIndex.tcl
/home/synopsys/syn/O-2018.06-SP1/auxx/tcllib/lib/tcl8.6/http1.0/pkgIndex.tcl
/home/synopsys/syn/O-2018.06-SP1/auxx/tcllib/lib/tcl8.6/opt/pkgIndex.tcl
/home/synopsys/syn/O-2018.06-SP1/auxx/gui/common/setup/snpsCommonSetup.tcl
/home/synopsys/syn/O-2018.06-SP1/auxx/gui/common/setup/snpsCustomize.tcl
/home/synopsys/syn/O-2018.06-SP1/auxx/gui/common/setup/snpsProcheck.tcl
/home/synopsys/syn/O-2018.06-SP1/auxx/gui/common/qtcl/.synopsys_qtcl.tcl
/home/synopsys/syn/O-2018.06-SP1/auxx/gui/common/highlight/highlight.tcl
/home/synopsys/syn/O-2018.06-SP1/auxx/gui/common/misc/base.tcl
/home/synopsys/syn/O-2018.06-SP1/auxx/gui/common/misc/timing.tcl
/home/synopsys/syn/O-2018.06-SP1/auxx/gui/common/misc/setting.tcl
/home/synopsys/syn/O-2018.06-SP1/auxx/gui/common/misc/preset.tcl
/home/synopsys/syn/O-2018.06-SP1/auxx/gui/common/WindowFrameWork/windowFrameWork.tcl
/home/synopsys/syn/O-2018.06-SP1/auxx/gui/common/WindowFrameWork/skipBusyCursorCmdList.tcl
/home/synopsys/syn/O-2018.06-SP1/auxx/gui/common/docBrowser/docBrowser.tcl
/home/synopsys/syn/O-2018.06-SP1/auxx/tcllib/snps_tcl/snpsUtils/snpsUtils.tcl
/home/synopsys/syn/O-2018.06-SP1/auxx/gui/common/dialogs/ObjectChooser.tcl
/home/synopsys/syn/O-2018.06-SP1/auxx/gui/common/misc/DialogObjectChooser.tcl
/home/synopsys/syn/O-2018.06-SP1/auxx/gui/common/dialogs/HistBinInformation.tcl
/home/synopsys/syn/O-2018.06-SP1/auxx/gui/common/dialogs/HistBin1Information.tcl
/home/synopsys/syn/O-2018.06-SP1/auxx/gui/common/dialogs/BinsOnlyInformation.tcl
/home/synopsys/syn/O-2018.06-SP1/auxx/gui/common/dialogs/FileChooser.tcl
/home/synopsys/syn/O-2018.06-SP1/auxx/gui/common/dialogs/PathPinSimpleInfo.tcl
/home/synopsys/syn/O-2018.06-SP1/auxx/gui/common/dialogs/PathsBasicInfo.tcl
/home/synopsys/syn/O-2018.06-SP1/auxx/gui/common/dialogs/PathsBasicSimpleInfo.tcl
/home/synopsys/syn/O-2018.06-SP1/auxx/gui/common/dialogs/SlctOperationInfo.tcl
/home/synopsys/syn/O-2018.06-SP1/auxx/gui/common/dialogs/ObjectListInfo.tcl
/home/synopsys/syn/O-2018.06-SP1/auxx/gui/common/dialogs/FanInOutInfo.tcl
/home/synopsys/syn/O-2018.06-SP1/auxx/gui/common/dialogs/NumberOfLevelsChooser.tcl
/home/synopsys/syn/O-2018.06-SP1/auxx/gui/common/dialogs/WindowReuseInfo.tcl
/home/synopsys/syn/O-2018.06-SP1/auxx/gui/common/dialogs/ReportOutputOptionInfo.tcl
/home/synopsys/syn/O-2018.06-SP1/auxx/gui/common/setup/snpsCollections.tcl
/home/synopsys/syn/O-2018.06-SP1/auxx/gui/common/dialogs/CompileLinkDesign.tcl
/home/synopsys/syn/O-2018.06-SP1/auxx/gui/common/histogram/DialogEndpointSlack.tcl
/home/synopsys/syn/O-2018.06-SP1/auxx/gui/common/histogram/DialogPathsSlack.tcl
/home/synopsys/syn/O-2018.06-SP1/auxx/gui/common/histogram/DialogNetCapacitance.tcl
/home/synopsys/syn/O-2018.06-SP1/auxx/gui/common/schematic/DialogPathSchematicFanInOut.tcl
/home/synopsys/syn/O-2018.06-SP1/auxx/gui/common/schematic/DialogPathSchematicAddPaths.tcl
/mnt/hgfs/NVDLA/nv_small/syn/nvdla_syn_20260618_0155/scripts/dc_run.tcl
/home/synopsys/syn/O-2018.06-SP1/auxx/tcllib/lib/tcl8.6/clock.tcl
/home/synopsys/syn/O-2018.06-SP1/auxx/tcllib/lib/tcl8.6/msgcat/msgcat.tcl
/mnt/hgfs/NVDLA/nv_small/syn/nvdla_syn_20260618_0155/scripts/dc_app_vars.tcl
/home/ICer/Downloads/SAED32/STD/saed32rvt_ss0p95vn40c.db
/home/ICer/Downloads/SAED32/SRAM/saed32sram_ss0p95vn40c.db
/home/synopsys/syn/O-2018.06-SP1/libraries/syn/gtech.db
/home/synopsys/syn/O-2018.06-SP1/libraries/syn/standard.sldb
/home/ICer/Downloads/SAED32/STD/saed32rvt_ss0p95vn40c.db
/mnt/hgfs/NVDLA/nv_small/syn/nvdla_syn_20260618_0155/src/simulate_x_tick.vh
/mnt/hgfs/NVDLA/nv_small/syn/nvdla_syn_20260618_0155/src/simulate_x_tick.vh
/mnt/hgfs/NVDLA/nv_small/syn/nvdla_syn_20260618_0155/src/simulate_x_tick.vh
/mnt/hgfs/NVDLA/nv_small/syn/nvdla_syn_20260618_0155/src/simulate_x_tick.vh
/mnt/hgfs/NVDLA/nv_small/syn/nvdla_syn_20260618_0155/src/simulate_x_tick.vh
/mnt/hgfs/NVDLA/nv_small/syn/nvdla_syn_20260618_0155/src/simulate_x_tick.vh
/mnt/hgfs/NVDLA/nv_small/syn/nvdla_syn_20260618_0155/src/simulate_x_tick.vh
/mnt/hgfs/NVDLA/nv_small/syn/nvdla_syn_20260618_0155/src/simulate_x_tick.vh
/mnt/hgfs/NVDLA/nv_small/syn/nvdla_syn_20260618_0155/src/simulate_x_tick.vh
/mnt/hgfs/NVDLA/nv_small/syn/nvdla_syn_20260618_0155/src/simulate_x_tick.vh
/mnt/hgfs/NVDLA/nv_small/syn/nvdla_syn_20260618_0155/src/simulate_x_tick.vh
/mnt/hgfs/NVDLA/nv_small/syn/nvdla_syn_20260618_0155/src/simulate_x_tick.vh
/mnt/hgfs/NVDLA/nv_small/syn/nvdla_syn_20260618_0155/src/simulate_x_tick.vh
/mnt/hgfs/NVDLA/nv_small/syn/nvdla_syn_20260618_0155/src/simulate_x_tick.vh
/mnt/hgfs/NVDLA/nv_small/syn/nvdla_syn_20260618_0155/src/simulate_x_tick.vh
/mnt/hgfs/NVDLA/nv_small/syn/nvdla_syn_20260618_0155/src/simulate_x_tick.vh
/mnt/hgfs/NVDLA/nv_small/syn/nvdla_syn_20260618_0155/src/simulate_x_tick.vh
/mnt/hgfs/NVDLA/nv_small/syn/nvdla_syn_20260618_0155/src/simulate_x_tick.vh
/mnt/hgfs/NVDLA/nv_small/syn/nvdla_syn_20260618_0155/src/simulate_x_tick.vh
/mnt/hgfs/NVDLA/nv_small/syn/nvdla_syn_20260618_0155/src/simulate_x_tick.vh
/mnt/hgfs/NVDLA/nv_small/syn/nvdla_syn_20260618_0155/src/simulate_x_tick.vh
/mnt/hgfs/NVDLA/nv_small/syn/nvdla_syn_20260618_0155/src/simulate_x_tick.vh
/mnt/hgfs/NVDLA/nv_small/syn/nvdla_syn_20260618_0155/src/simulate_x_tick.vh
/mnt/hgfs/NVDLA/nv_small/syn/nvdla_syn_20260618_0155/src/simulate_x_tick.vh
/mnt/hgfs/NVDLA/nv_small/syn/nvdla_syn_20260618_0155/src/simulate_x_tick.vh
/mnt/hgfs/NVDLA/nv_small/syn/nvdla_syn_20260618_0155/src/simulate_x_tick.vh
/mnt/hgfs/NVDLA/nv_small/syn/nvdla_syn_20260618_0155/src/simulate_x_tick.vh
/mnt/hgfs/NVDLA/nv_small/syn/nvdla_syn_20260618_0155/src/simulate_x_tick.vh
/mnt/hgfs/NVDLA/nv_small/syn/nvdla_syn_20260618_0155/src/simulate_x_tick.vh
/mnt/hgfs/NVDLA/nv_small/syn/nvdla_syn_20260618_0155/src/simulate_x_tick.vh
/mnt/hgfs/NVDLA/nv_small/syn/nvdla_syn_20260618_0155/src/simulate_x_tick.vh
/mnt/hgfs/NVDLA/nv_small/syn/nvdla_syn_20260618_0155/src/simulate_x_tick.vh
/mnt/hgfs/NVDLA/nv_small/syn/nvdla_syn_20260618_0155/src/simulate_x_tick.vh
/mnt/hgfs/NVDLA/nv_small/syn/nvdla_syn_20260618_0155/src/simulate_x_tick.vh
/mnt/hgfs/NVDLA/nv_small/syn/nvdla_syn_20260618_0155/src/simulate_x_tick.vh
/mnt/hgfs/NVDLA/nv_small/syn/nvdla_syn_20260618_0155/src/simulate_x_tick.vh
/mnt/hgfs/NVDLA/nv_small/syn/nvdla_syn_20260618_0155/src/simulate_x_tick.vh
/mnt/hgfs/NVDLA/nv_small/syn/nvdla_syn_20260618_0155/src/simulate_x_tick.vh
/mnt/hgfs/NVDLA/nv_small/syn/nvdla_syn_20260618_0155/src/simulate_x_tick.vh
/mnt/hgfs/NVDLA/nv_small/syn/nvdla_syn_20260618_0155/src/simulate_x_tick.vh
/mnt/hgfs/NVDLA/nv_small/syn/nvdla_syn_20260618_0155/src/simulate_x_tick.vh
/mnt/hgfs/NVDLA/nv_small/syn/nvdla_syn_20260618_0155/src/simulate_x_tick.vh
/mnt/hgfs/NVDLA/nv_small/syn/nvdla_syn_20260618_0155/src/simulate_x_tick.vh
/mnt/hgfs/NVDLA/nv_small/syn/nvdla_syn_20260618_0155/src/simulate_x_tick.vh
/mnt/hgfs/NVDLA/nv_small/syn/nvdla_syn_20260618_0155/src/simulate_x_tick.vh
/mnt/hgfs/NVDLA/nv_small/syn/nvdla_syn_20260618_0155/src/simulate_x_tick.vh
/mnt/hgfs/NVDLA/nv_small/syn/nvdla_syn_20260618_0155/src/simulate_x_tick.vh
/mnt/hgfs/NVDLA/nv_small/syn/nvdla_syn_20260618_0155/src/simulate_x_tick.vh
/mnt/hgfs/NVDLA/nv_small/syn/nvdla_syn_20260618_0155/src/simulate_x_tick.vh
/mnt/hgfs/NVDLA/nv_small/syn/nvdla_syn_20260618_0155/src/simulate_x_tick.vh
/mnt/hgfs/NVDLA/nv_small/syn/nvdla_syn_20260618_0155/src/simulate_x_tick.vh
/mnt/hgfs/NVDLA/nv_small/syn/nvdla_syn_20260618_0155/src/simulate_x_tick.vh
/mnt/hgfs/NVDLA/nv_small/syn/nvdla_syn_20260618_0155/src/simulate_x_tick.vh
/mnt/hgfs/NVDLA/nv_small/syn/nvdla_syn_20260618_0155/src/simulate_x_tick.vh
/mnt/hgfs/NVDLA/nv_small/syn/nvdla_syn_20260618_0155/src/simulate_x_tick.vh
/mnt/hgfs/NVDLA/nv_small/syn/nvdla_syn_20260618_0155/src/simulate_x_tick.vh
/mnt/hgfs/NVDLA/nv_small/syn/nvdla_syn_20260618_0155/src/simulate_x_tick.vh
/mnt/hgfs/NVDLA/nv_small/syn/nvdla_syn_20260618_0155/src/simulate_x_tick.vh
/mnt/hgfs/NVDLA/nv_small/syn/nvdla_syn_20260618_0155/src/simulate_x_tick.vh
/mnt/hgfs/NVDLA/nv_small/syn/nvdla_syn_20260618_0155/src/simulate_x_tick.vh
/mnt/hgfs/NVDLA/nv_small/syn/nvdla_syn_20260618_0155/src/simulate_x_tick.vh
/mnt/hgfs/NVDLA/nv_small/syn/nvdla_syn_20260618_0155/src/simulate_x_tick.vh
/mnt/hgfs/NVDLA/nv_small/syn/nvdla_syn_20260618_0155/src/simulate_x_tick.vh
/mnt/hgfs/NVDLA/nv_small/syn/nvdla_syn_20260618_0155/src/simulate_x_tick.vh
/mnt/hgfs/NVDLA/nv_small/syn/nvdla_syn_20260618_0155/src/simulate_x_tick.vh
/mnt/hgfs/NVDLA/nv_small/syn/nvdla_syn_20260618_0155/src/simulate_x_tick.vh
/mnt/hgfs/NVDLA/nv_small/syn/nvdla_syn_20260618_0155/src/simulate_x_tick.vh
/mnt/hgfs/NVDLA/nv_small/syn/nvdla_syn_20260618_0155/src/simulate_x_tick.vh
/mnt/hgfs/NVDLA/nv_small/syn/nvdla_syn_20260618_0155/src/simulate_x_tick.vh
/mnt/hgfs/NVDLA/nv_small/syn/nvdla_syn_20260618_0155/src/simulate_x_tick.vh
/mnt/hgfs/NVDLA/nv_small/syn/nvdla_syn_20260618_0155/src/simulate_x_tick.vh
/mnt/hgfs/NVDLA/nv_small/syn/nvdla_syn_20260618_0155/src/simulate_x_tick.vh
/mnt/hgfs/NVDLA/nv_small/syn/nvdla_syn_20260618_0155/src/simulate_x_tick.vh
/mnt/hgfs/NVDLA/nv_small/syn/nvdla_syn_20260618_0155/src/simulate_x_tick.vh
/mnt/hgfs/NVDLA/nv_small/syn/nvdla_syn_20260618_0155/src/simulate_x_tick.vh
/mnt/hgfs/NVDLA/nv_small/syn/nvdla_syn_20260618_0155/src/simulate_x_tick.vh
/mnt/hgfs/NVDLA/nv_small/syn/nvdla_syn_20260618_0155/src/simulate_x_tick.vh
/mnt/hgfs/NVDLA/nv_small/syn/nvdla_syn_20260618_0155/src/simulate_x_tick.vh
/mnt/hgfs/NVDLA/nv_small/syn/nvdla_syn_20260618_0155/src/simulate_x_tick.vh
/mnt/hgfs/NVDLA/nv_small/syn/nvdla_syn_20260618_0155/src/simulate_x_tick.vh
/mnt/hgfs/NVDLA/nv_small/syn/nvdla_syn_20260618_0155/src/simulate_x_tick.vh
/mnt/hgfs/NVDLA/nv_small/syn/nvdla_syn_20260618_0155/src/simulate_x_tick.vh
/mnt/hgfs/NVDLA/nv_small/syn/nvdla_syn_20260618_0155/src/simulate_x_tick.vh
/mnt/hgfs/NVDLA/nv_small/syn/nvdla_syn_20260618_0155/src/simulate_x_tick.vh
/mnt/hgfs/NVDLA/nv_small/syn/nvdla_syn_20260618_0155/src/simulate_x_tick.vh
/mnt/hgfs/NVDLA/nv_small/syn/nvdla_syn_20260618_0155/src/simulate_x_tick.vh
/mnt/hgfs/NVDLA/nv_small/syn/nvdla_syn_20260618_0155/src/simulate_x_tick.vh
/mnt/hgfs/NVDLA/nv_small/syn/nvdla_syn_20260618_0155/src/simulate_x_tick.vh
/mnt/hgfs/NVDLA/nv_small/syn/nvdla_syn_20260618_0155/src/simulate_x_tick.vh
/mnt/hgfs/NVDLA/nv_small/syn/nvdla_syn_20260618_0155/src/simulate_x_tick.vh
/mnt/hgfs/NVDLA/nv_small/syn/nvdla_syn_20260618_0155/src/simulate_x_tick.vh
/mnt/hgfs/NVDLA/nv_small/syn/nvdla_syn_20260618_0155/src/simulate_x_tick.vh
/mnt/hgfs/NVDLA/nv_small/syn/nvdla_syn_20260618_0155/src/simulate_x_tick.vh
/mnt/hgfs/NVDLA/nv_small/syn/nvdla_syn_20260618_0155/src/NV_NVDLA_partition_o.v
/home/ICer/Downloads/SAED32/STD/saed32rvt_ss0p95vn40c.db
/mnt/hgfs/NVDLA/nv_small/syn/nvdla_syn_20260618_0155/design_lib/NV_NVDLA_partition_o/alib-52/saed32rvt_ss0p95vn40c.db.alib
/mnt/hgfs/NVDLA/nv_small/syn/nvdla_syn_20260618_0155/design_lib/NV_NVDLA_partition_o/alib-52/alib_analyze_libs.tcl.e
/mnt/hgfs/NVDLA/nv_small/syn/nvdla_syn_20260618_0155/cons/NV_NVDLA_partition_o.sdc
/home/synopsys/syn/O-2018.06-SP1/libraries/syn/dw_foundation.sldb
/home/ICer/Downloads/SAED32/STD/saed32rvt_ss0p95vn40c.db
/mnt/hgfs/NVDLA/nv_small/syn/nvdla_syn_20260618_0155/design_lib/NV_NVDLA_partition_o/alib-52/saed32rvt_ss0p95vn40c.db.alib
/home/ICer/Downloads/SAED32/STD/saed32rvt_ss0p95vn40c.db
/mnt/hgfs/NVDLA/nv_small/syn/nvdla_syn_20260618_0155/design_lib/NV_NVDLA_partition_o/alib-52/saed32rvt_ss0p95vn40c.db.alib
/home/ICer/Downloads/SAED32/SRAM/saed32sram_ss0p95vn40c.db
/home/ICer/Downloads/SAED32/STD/saed32rvt_ss0p95vn40c.db
/home/ICer/synopsys_cache_O-2018.06-SP1/DW01/DW01_cmp6/rpl/8/generic_5019/element.ddc
/home/ICer/synopsys_cache_O-2018.06-SP1/DW01/DW01_cmp6/rpl/5/generic_5019/element.ddc
/home/ICer/synopsys_cache_O-2018.06-SP1/DW01/DW01_cmp6/rpl/7/generic_5019/element.ddc
/home/ICer/synopsys_cache_O-2018.06-SP1/DW01/DW01_cmp6/rpl/6/generic_5019/element.ddc
/home/ICer/Downloads/SAED32/STD/saed32rvt_ss0p95vn40c.db
/mnt/hgfs/NVDLA/nv_small/syn/nvdla_syn_20260618_0155/design_lib/NV_NVDLA_partition_o/alib-52/saed32rvt_ss0p95vn40c.db.alib
/home/ICer/Downloads/SAED32/STD/saed32rvt_ss0p95vn40c.db
/mnt/hgfs/NVDLA/nv_small/syn/nvdla_syn_20260618_0155/design_lib/NV_NVDLA_partition_o/alib-52/saed32rvt_ss0p95vn40c.db.alib
/home/ICer/Downloads/SAED32/SRAM/saed32sram_ss0p95vn40c.db
/home/ICer/Downloads/SAED32/STD/saed32rvt_ss0p95vn40c.db
/home/ICer/synopsys_cache_O-2018.06-SP1/DW01/DW01_cmp6/rpl/8/generic_5019/element.ddc
/home/ICer/synopsys_cache_O-2018.06-SP1/DW01/DW01_cmp6/rpl/5/generic_5019/element.ddc
/home/ICer/synopsys_cache_O-2018.06-SP1/DW01/DW01_cmp6/rpl/7/generic_5019/element.ddc
/home/ICer/synopsys_cache_O-2018.06-SP1/DW01/DW01_cmp6/rpl/6/generic_5019/element.ddc
/home/ICer/Downloads/SAED32/STD/saed32rvt_ss0p95vn40c.db
/mnt/hgfs/NVDLA/nv_small/syn/nvdla_syn_20260618_0155/design_lib/NV_NVDLA_partition_o/alib-52/saed32rvt_ss0p95vn40c.db.alib
/home/ICer/Downloads/SAED32/STD/saed32rvt_ss0p95vn40c.db
/home/ICer/Downloads/SAED32/SRAM/saed32sram_ss0p95vn40c.db
/home/ICer/Downloads/SAED32/STD/saed32rvt_ss0p95vn40c.db
/home/ICer/synopsys_cache_O-2018.06-SP1/DW01/DW01_cmp6/rpl/8/generic_5019/element.ddc
/home/ICer/synopsys_cache_O-2018.06-SP1/DW01/DW01_cmp6/rpl/5/generic_5019/element.ddc
/home/ICer/synopsys_cache_O-2018.06-SP1/DW01/DW01_cmp6/rpl/7/generic_5019/element.ddc
/home/ICer/synopsys_cache_O-2018.06-SP1/DW01/DW01_cmp6/rpl/6/generic_5019/element.ddc
/home/ICer/Downloads/SAED32/STD/saed32rvt_ss0p95vn40c.db
/mnt/hgfs/NVDLA/nv_small/syn/nvdla_syn_20260618_0155/design_lib/NV_NVDLA_partition_o/alib-52/saed32rvt_ss0p95vn40c.db.alib
