****************************************
Report : timing
        -path_type full
        -delay_type max
        -max_paths 1
        -report_by design
Design : NV_NVDLA_partition_o
Version: O-2018.06-SP1
Date   : Wed Jul  1 23:54:58 2026
****************************************

  Startpoint: u_NV_NVDLA_cdp_u_dp_u_NV_NVDLA_CDP_DP_intp_u_interp_X0_interp_in_shift_d1_reg_0_ (rising edge-triggered flip-flop clocked by nvdla_core_clk)
  Endpoint: u_NV_NVDLA_cdp_u_dp_u_NV_NVDLA_CDP_DP_intp_u_interp_X0_int_add_reg_87_ (rising edge-triggered flip-flop clocked by nvdla_core_clk)
  Mode: func
  Corner: slow_cmax
  Scenario: func_slow_cmax
  Path Group: nvdla_core_clk
  Path Type: max

  Point                                            Incr      Path  
  ------------------------------------------------------------------------
  clock nvdla_core_clk (rise edge)                 0.00      0.00
  clock network delay (ideal)                      0.00      0.00

  u_NV_NVDLA_cdp_u_dp_u_NV_NVDLA_CDP_DP_intp_u_interp_X0_interp_in_shift_d1_reg_0_/CLK (DFFARX1_RVT)
                                                   0.00      0.00 r
  u_NV_NVDLA_cdp_u_dp_u_NV_NVDLA_CDP_DP_intp_u_interp_X0_interp_in_shift_d1_reg_0_/QN (DFFARX1_RVT)
                                                   0.21      0.21 r
  u_NV_NVDLA_cdp_u_dp_u_NV_NVDLA_CDP_DP_intp_u_interp_X0_U462/Y (NAND2X0_RVT)
                                                   0.11      0.32 f
  u_NV_NVDLA_cdp_u_dp_u_NV_NVDLA_CDP_DP_intp_u_interp_X0_U463/Y (NAND2X0_RVT)
                                                   0.10      0.42 r
  u_NV_NVDLA_cdp_u_dp_u_NV_NVDLA_CDP_DP_intp_u_interp_X0_U464/Y (XOR2X2_RVT)
                                                   0.17      0.59 f
  u_NV_NVDLA_cdp_u_dp_u_NV_NVDLA_CDP_DP_intp_u_interp_X0_U35/Y (INVX0_RVT)
                                                   0.12      0.71 r
  u_NV_NVDLA_cdp_u_dp_u_NV_NVDLA_CDP_DP_intp_u_interp_X0_U89/Y (INVX0_RVT)
                                                   0.15      0.86 f
  u_NV_NVDLA_cdp_u_dp_u_NV_NVDLA_CDP_DP_intp_u_interp_X0_U544/Y (OA22X1_RVT)
                                                   0.17      1.03 f
  u_NV_NVDLA_cdp_u_dp_u_NV_NVDLA_CDP_DP_intp_u_interp_X0_U679/Y (MUX21X1_RVT)
                                                   0.11      1.14 f
  u_NV_NVDLA_cdp_u_dp_u_NV_NVDLA_CDP_DP_intp_u_interp_X0_U1232/Y (OR4X1_RVT)
                                                   0.13      1.27 f
  u_NV_NVDLA_cdp_u_dp_u_NV_NVDLA_CDP_DP_intp_u_interp_X0_U1233/Y (NOR2X1_RVT)
                                                   0.08      1.34 r
  u_NV_NVDLA_cdp_u_dp_u_NV_NVDLA_CDP_DP_intp_u_interp_X0_U1236/Y (NAND4X0_RVT)
                                                   0.06      1.40 f
  u_NV_NVDLA_cdp_u_dp_u_NV_NVDLA_CDP_DP_intp_u_interp_X0_U1242/Y (AO21X1_RVT)
                                                   0.10      1.51 f
  u_NV_NVDLA_cdp_u_dp_u_NV_NVDLA_CDP_DP_intp_u_interp_X0_U2533/Y (NAND2X0_RVT)
                                                   0.04      1.55 r
  u_NV_NVDLA_cdp_u_dp_u_NV_NVDLA_CDP_DP_intp_u_interp_X0_U2534/Y (NAND2X0_RVT)
                                                   0.05      1.60 f
  u_NV_NVDLA_cdp_u_dp_u_NV_NVDLA_CDP_DP_intp_u_interp_X0_U2535/Y (NAND2X0_RVT)
                                                   0.08      1.68 r
  u_NV_NVDLA_cdp_u_dp_u_NV_NVDLA_CDP_DP_intp_u_interp_X0_U23/Y (NBUFFX2_RVT)
                                                   0.11      1.79 r
  u_NV_NVDLA_cdp_u_dp_u_NV_NVDLA_CDP_DP_intp_u_interp_X0_U242/Y (MUX21X1_RVT)
                                                   0.12      1.91 r
  u_NV_NVDLA_cdp_u_dp_u_NV_NVDLA_CDP_DP_intp_u_interp_X0_U2648/C1 (HADDX1_RVT)
                                                   0.08      1.98 r
  u_NV_NVDLA_cdp_u_dp_u_NV_NVDLA_CDP_DP_intp_u_interp_X0_U2826/CO (FADDX1_RVT)
                                                   0.10      2.09 r
  u_NV_NVDLA_cdp_u_dp_u_NV_NVDLA_CDP_DP_intp_u_interp_X0_U2824/CO (FADDX1_RVT)
                                                   0.11      2.20 r
  u_NV_NVDLA_cdp_u_dp_u_NV_NVDLA_CDP_DP_intp_u_interp_X0_U2822/CO (FADDX1_RVT)
                                                   0.11      2.31 r
  u_NV_NVDLA_cdp_u_dp_u_NV_NVDLA_CDP_DP_intp_u_interp_X0_U2820/CO (FADDX1_RVT)
                                                   0.11      2.42 r
  u_NV_NVDLA_cdp_u_dp_u_NV_NVDLA_CDP_DP_intp_u_interp_X0_U2818/CO (FADDX1_RVT)
                                                   0.11      2.53 r
  u_NV_NVDLA_cdp_u_dp_u_NV_NVDLA_CDP_DP_intp_u_interp_X0_U2816/CO (FADDX1_RVT)
                                                   0.11      2.63 r
  u_NV_NVDLA_cdp_u_dp_u_NV_NVDLA_CDP_DP_intp_u_interp_X0_U2814/CO (FADDX1_RVT)
                                                   0.11      2.74 r
  u_NV_NVDLA_cdp_u_dp_u_NV_NVDLA_CDP_DP_intp_u_interp_X0_U2812/CO (FADDX1_RVT)
                                                   0.11      2.85 r
  u_NV_NVDLA_cdp_u_dp_u_NV_NVDLA_CDP_DP_intp_u_interp_X0_U2810/CO (FADDX1_RVT)
                                                   0.11      2.96 r
  u_NV_NVDLA_cdp_u_dp_u_NV_NVDLA_CDP_DP_intp_u_interp_X0_U2808/CO (FADDX1_RVT)
                                                   0.11      3.07 r
  u_NV_NVDLA_cdp_u_dp_u_NV_NVDLA_CDP_DP_intp_u_interp_X0_U2806/CO (FADDX1_RVT)
                                                   0.11      3.18 r
  u_NV_NVDLA_cdp_u_dp_u_NV_NVDLA_CDP_DP_intp_u_interp_X0_U2804/CO (FADDX1_RVT)
                                                   0.11      3.29 r
  u_NV_NVDLA_cdp_u_dp_u_NV_NVDLA_CDP_DP_intp_u_interp_X0_U2802/CO (FADDX1_RVT)
                                                   0.11      3.40 r
  u_NV_NVDLA_cdp_u_dp_u_NV_NVDLA_CDP_DP_intp_u_interp_X0_U2800/CO (FADDX1_RVT)
                                                   0.11      3.51 r
  u_NV_NVDLA_cdp_u_dp_u_NV_NVDLA_CDP_DP_intp_u_interp_X0_U2798/CO (FADDX1_RVT)
                                                   0.11      3.61 r
  u_NV_NVDLA_cdp_u_dp_u_NV_NVDLA_CDP_DP_intp_u_interp_X0_U2796/CO (FADDX1_RVT)
                                                   0.11      3.72 r
  u_NV_NVDLA_cdp_u_dp_u_NV_NVDLA_CDP_DP_intp_u_interp_X0_U2794/CO (FADDX1_RVT)
                                                   0.11      3.83 r
  u_NV_NVDLA_cdp_u_dp_u_NV_NVDLA_CDP_DP_intp_u_interp_X0_U2792/CO (FADDX1_RVT)
                                                   0.11      3.94 r
  u_NV_NVDLA_cdp_u_dp_u_NV_NVDLA_CDP_DP_intp_u_interp_X0_U2790/CO (FADDX1_RVT)
                                                   0.11      4.05 r
  u_NV_NVDLA_cdp_u_dp_u_NV_NVDLA_CDP_DP_intp_u_interp_X0_U2788/CO (FADDX1_RVT)
                                                   0.11      4.16 r
  u_NV_NVDLA_cdp_u_dp_u_NV_NVDLA_CDP_DP_intp_u_interp_X0_U2786/CO (FADDX1_RVT)
                                                   0.11      4.27 r
  u_NV_NVDLA_cdp_u_dp_u_NV_NVDLA_CDP_DP_intp_u_interp_X0_U2784/CO (FADDX1_RVT)
                                                   0.11      4.38 r
  u_NV_NVDLA_cdp_u_dp_u_NV_NVDLA_CDP_DP_intp_u_interp_X0_U2782/CO (FADDX1_RVT)
                                                   0.11      4.49 r
  u_NV_NVDLA_cdp_u_dp_u_NV_NVDLA_CDP_DP_intp_u_interp_X0_U2780/CO (FADDX1_RVT)
                                                   0.11      4.60 r
  u_NV_NVDLA_cdp_u_dp_u_NV_NVDLA_CDP_DP_intp_u_interp_X0_U2778/CO (FADDX1_RVT)
                                                   0.11      4.70 r
  u_NV_NVDLA_cdp_u_dp_u_NV_NVDLA_CDP_DP_intp_u_interp_X0_U2776/CO (FADDX1_RVT)
                                                   0.11      4.81 r
  u_NV_NVDLA_cdp_u_dp_u_NV_NVDLA_CDP_DP_intp_u_interp_X0_U2774/CO (FADDX1_RVT)
                                                   0.11      4.92 r
  u_NV_NVDLA_cdp_u_dp_u_NV_NVDLA_CDP_DP_intp_u_interp_X0_U2772/CO (FADDX1_RVT)
                                                   0.11      5.03 r
  u_NV_NVDLA_cdp_u_dp_u_NV_NVDLA_CDP_DP_intp_u_interp_X0_U2770/CO (FADDX1_RVT)
                                                   0.11      5.14 r
  u_NV_NVDLA_cdp_u_dp_u_NV_NVDLA_CDP_DP_intp_u_interp_X0_U2768/CO (FADDX1_RVT)
                                                   0.11      5.25 r
  u_NV_NVDLA_cdp_u_dp_u_NV_NVDLA_CDP_DP_intp_u_interp_X0_U2766/CO (FADDX1_RVT)
                                                   0.11      5.36 r
  u_NV_NVDLA_cdp_u_dp_u_NV_NVDLA_CDP_DP_intp_u_interp_X0_U2764/CO (FADDX1_RVT)
                                                   0.11      5.47 r
  u_NV_NVDLA_cdp_u_dp_u_NV_NVDLA_CDP_DP_intp_u_interp_X0_U2762/CO (FADDX1_RVT)
                                                   0.11      5.58 r
  u_NV_NVDLA_cdp_u_dp_u_NV_NVDLA_CDP_DP_intp_u_interp_X0_U2760/CO (FADDX1_RVT)
                                                   0.11      5.69 r
  u_NV_NVDLA_cdp_u_dp_u_NV_NVDLA_CDP_DP_intp_u_interp_X0_U2758/CO (FADDX1_RVT)
                                                   0.11      5.79 r
  u_NV_NVDLA_cdp_u_dp_u_NV_NVDLA_CDP_DP_intp_u_interp_X0_U2756/CO (FADDX1_RVT)
                                                   0.11      5.90 r
  u_NV_NVDLA_cdp_u_dp_u_NV_NVDLA_CDP_DP_intp_u_interp_X0_U2754/CO (FADDX1_RVT)
                                                   0.11      6.01 r
  u_NV_NVDLA_cdp_u_dp_u_NV_NVDLA_CDP_DP_intp_u_interp_X0_U2752/CO (FADDX1_RVT)
                                                   0.11      6.12 r
  u_NV_NVDLA_cdp_u_dp_u_NV_NVDLA_CDP_DP_intp_u_interp_X0_U2750/CO (FADDX1_RVT)
                                                   0.11      6.23 r
  u_NV_NVDLA_cdp_u_dp_u_NV_NVDLA_CDP_DP_intp_u_interp_X0_U2748/CO (FADDX1_RVT)
                                                   0.11      6.34 r
  u_NV_NVDLA_cdp_u_dp_u_NV_NVDLA_CDP_DP_intp_u_interp_X0_U2746/CO (FADDX1_RVT)
                                                   0.11      6.45 r
  u_NV_NVDLA_cdp_u_dp_u_NV_NVDLA_CDP_DP_intp_u_interp_X0_U2744/CO (FADDX1_RVT)
                                                   0.11      6.56 r
  u_NV_NVDLA_cdp_u_dp_u_NV_NVDLA_CDP_DP_intp_u_interp_X0_U2742/CO (FADDX1_RVT)
                                                   0.11      6.67 r
  u_NV_NVDLA_cdp_u_dp_u_NV_NVDLA_CDP_DP_intp_u_interp_X0_U2740/CO (FADDX1_RVT)
                                                   0.11      6.78 r
  u_NV_NVDLA_cdp_u_dp_u_NV_NVDLA_CDP_DP_intp_u_interp_X0_U2738/CO (FADDX1_RVT)
                                                   0.11      6.88 r
  u_NV_NVDLA_cdp_u_dp_u_NV_NVDLA_CDP_DP_intp_u_interp_X0_U2736/CO (FADDX1_RVT)
                                                   0.11      6.99 r
  u_NV_NVDLA_cdp_u_dp_u_NV_NVDLA_CDP_DP_intp_u_interp_X0_U2734/CO (FADDX1_RVT)
                                                   0.11      7.10 r
  u_NV_NVDLA_cdp_u_dp_u_NV_NVDLA_CDP_DP_intp_u_interp_X0_U2732/CO (FADDX1_RVT)
                                                   0.11      7.21 r
  u_NV_NVDLA_cdp_u_dp_u_NV_NVDLA_CDP_DP_intp_u_interp_X0_U2730/CO (FADDX1_RVT)
                                                   0.11      7.32 r
  u_NV_NVDLA_cdp_u_dp_u_NV_NVDLA_CDP_DP_intp_u_interp_X0_U2728/CO (FADDX1_RVT)
                                                   0.11      7.43 r
  u_NV_NVDLA_cdp_u_dp_u_NV_NVDLA_CDP_DP_intp_u_interp_X0_U2726/CO (FADDX1_RVT)
                                                   0.11      7.54 r
  u_NV_NVDLA_cdp_u_dp_u_NV_NVDLA_CDP_DP_intp_u_interp_X0_U2724/CO (FADDX1_RVT)
                                                   0.11      7.65 r
  u_NV_NVDLA_cdp_u_dp_u_NV_NVDLA_CDP_DP_intp_u_interp_X0_U2722/CO (FADDX1_RVT)
                                                   0.11      7.76 r
  u_NV_NVDLA_cdp_u_dp_u_NV_NVDLA_CDP_DP_intp_u_interp_X0_U2720/CO (FADDX1_RVT)
                                                   0.11      7.87 r
  u_NV_NVDLA_cdp_u_dp_u_NV_NVDLA_CDP_DP_intp_u_interp_X0_U2718/CO (FADDX1_RVT)
                                                   0.11      7.97 r
  u_NV_NVDLA_cdp_u_dp_u_NV_NVDLA_CDP_DP_intp_u_interp_X0_U2716/CO (FADDX1_RVT)
                                                   0.11      8.08 r
  u_NV_NVDLA_cdp_u_dp_u_NV_NVDLA_CDP_DP_intp_u_interp_X0_U2714/CO (FADDX1_RVT)
                                                   0.11      8.19 r
  u_NV_NVDLA_cdp_u_dp_u_NV_NVDLA_CDP_DP_intp_u_interp_X0_U2712/CO (FADDX1_RVT)
                                                   0.11      8.30 r
  u_NV_NVDLA_cdp_u_dp_u_NV_NVDLA_CDP_DP_intp_u_interp_X0_U2710/CO (FADDX1_RVT)
                                                   0.11      8.41 r
  u_NV_NVDLA_cdp_u_dp_u_NV_NVDLA_CDP_DP_intp_u_interp_X0_U2708/CO (FADDX1_RVT)
                                                   0.11      8.52 r
  u_NV_NVDLA_cdp_u_dp_u_NV_NVDLA_CDP_DP_intp_u_interp_X0_U2706/CO (FADDX1_RVT)
                                                   0.11      8.63 r
  u_NV_NVDLA_cdp_u_dp_u_NV_NVDLA_CDP_DP_intp_u_interp_X0_U2704/CO (FADDX1_RVT)
                                                   0.11      8.74 r
  u_NV_NVDLA_cdp_u_dp_u_NV_NVDLA_CDP_DP_intp_u_interp_X0_U2702/CO (FADDX1_RVT)
                                                   0.11      8.85 r
  u_NV_NVDLA_cdp_u_dp_u_NV_NVDLA_CDP_DP_intp_u_interp_X0_U2700/CO (FADDX1_RVT)
                                                   0.11      8.96 r
  u_NV_NVDLA_cdp_u_dp_u_NV_NVDLA_CDP_DP_intp_u_interp_X0_U2698/CO (FADDX1_RVT)
                                                   0.11      9.06 r
  u_NV_NVDLA_cdp_u_dp_u_NV_NVDLA_CDP_DP_intp_u_interp_X0_U2696/CO (FADDX1_RVT)
                                                   0.11      9.17 r
  u_NV_NVDLA_cdp_u_dp_u_NV_NVDLA_CDP_DP_intp_u_interp_X0_U2694/CO (FADDX1_RVT)
                                                   0.11      9.28 r
  u_NV_NVDLA_cdp_u_dp_u_NV_NVDLA_CDP_DP_intp_u_interp_X0_U2692/CO (FADDX1_RVT)
                                                   0.11      9.39 r
  u_NV_NVDLA_cdp_u_dp_u_NV_NVDLA_CDP_DP_intp_u_interp_X0_U2690/CO (FADDX1_RVT)
                                                   0.11      9.50 r
  u_NV_NVDLA_cdp_u_dp_u_NV_NVDLA_CDP_DP_intp_u_interp_X0_U2688/CO (FADDX1_RVT)
                                                   0.11      9.61 r
  u_NV_NVDLA_cdp_u_dp_u_NV_NVDLA_CDP_DP_intp_u_interp_X0_U2686/CO (FADDX1_RVT)
                                                   0.11      9.72 r
  u_NV_NVDLA_cdp_u_dp_u_NV_NVDLA_CDP_DP_intp_u_interp_X0_U2684/CO (FADDX1_RVT)
                                                   0.11      9.83 r
  u_NV_NVDLA_cdp_u_dp_u_NV_NVDLA_CDP_DP_intp_u_interp_X0_U2682/CO (FADDX1_RVT)
                                                   0.11      9.94 r
  u_NV_NVDLA_cdp_u_dp_u_NV_NVDLA_CDP_DP_intp_u_interp_X0_U2680/CO (FADDX1_RVT)
                                                   0.11     10.05 r
  u_NV_NVDLA_cdp_u_dp_u_NV_NVDLA_CDP_DP_intp_u_interp_X0_U2678/CO (FADDX1_RVT)
                                                   0.11     10.15 r
  u_NV_NVDLA_cdp_u_dp_u_NV_NVDLA_CDP_DP_intp_u_interp_X0_U2676/CO (FADDX1_RVT)
                                                   0.11     10.26 r
  u_NV_NVDLA_cdp_u_dp_u_NV_NVDLA_CDP_DP_intp_u_interp_X0_U2673/CO (FADDX1_RVT)
                                                   0.11     10.37 r
  u_NV_NVDLA_cdp_u_dp_u_NV_NVDLA_CDP_DP_intp_u_interp_X0_U2670/CO (FADDX1_RVT)
                                                   0.11     10.48 r
  u_NV_NVDLA_cdp_u_dp_u_NV_NVDLA_CDP_DP_intp_u_interp_X0_U2668/CO (FADDX1_RVT)
                                                   0.11     10.59 r
  u_NV_NVDLA_cdp_u_dp_u_NV_NVDLA_CDP_DP_intp_u_interp_X0_U2666/CO (FADDX1_RVT)
                                                   0.11     10.70 r
  u_NV_NVDLA_cdp_u_dp_u_NV_NVDLA_CDP_DP_intp_u_interp_X0_U2664/CO (FADDX1_RVT)
                                                   0.11     10.81 r
  u_NV_NVDLA_cdp_u_dp_u_NV_NVDLA_CDP_DP_intp_u_interp_X0_U2662/CO (FADDX1_RVT)
                                                   0.11     10.92 r
  u_NV_NVDLA_cdp_u_dp_u_NV_NVDLA_CDP_DP_intp_u_interp_X0_U2660/CO (FADDX1_RVT)
                                                   0.11     11.03 r
  u_NV_NVDLA_cdp_u_dp_u_NV_NVDLA_CDP_DP_intp_u_interp_X0_U2658/CO (FADDX1_RVT)
                                                   0.11     11.14 r
  u_NV_NVDLA_cdp_u_dp_u_NV_NVDLA_CDP_DP_intp_u_interp_X0_U2656/CO (FADDX1_RVT)
                                                   0.11     11.24 r
  u_NV_NVDLA_cdp_u_dp_u_NV_NVDLA_CDP_DP_intp_u_interp_X0_U2654/CO (FADDX1_RVT)
                                                   0.11     11.35 r
  u_NV_NVDLA_cdp_u_dp_u_NV_NVDLA_CDP_DP_intp_u_interp_X0_U2651/S (FADDX1_RVT)
                                                   0.16     11.51 f
  u_NV_NVDLA_cdp_u_dp_u_NV_NVDLA_CDP_DP_intp_u_interp_X0_U2653/Y (AO22X1_RVT)
                                                   0.09     11.60 f
  u_NV_NVDLA_cdp_u_dp_u_NV_NVDLA_CDP_DP_intp_u_interp_X0_int_add_reg_87_/D (DFFARX1_RVT)
                                                   0.00     11.60 f
  data arrival time                                         11.60

  clock nvdla_core_clk (rise edge)                12.00     12.00
  clock network delay (ideal)                      0.00     12.00
  u_NV_NVDLA_cdp_u_dp_u_NV_NVDLA_CDP_DP_intp_u_interp_X0_int_add_reg_87_/CLK (DFFARX1_RVT)
                                                   0.00     12.00 r
  clock uncertainty                               -0.05     11.95
  library setup time                              -0.05     11.90
  data required time                                        11.90
  ------------------------------------------------------------------------
  data required time                                        11.90
  data arrival time                                        -11.60
  ------------------------------------------------------------------------
  slack (MET)                                                0.30


1
